
Map of Debug\stc1000p_steroids.sm8 from link file Debug\stc1000p_steroids.lkf - Sun Jun 11 14:39:09 2017


                               --------
                               Segments
                               --------

start 00008080 end 0000818b length   267 segment .const
start 000081cc end 0000a55c length  9104 segment .text
start 00004000 end 0000410c length   268 segment .eeprom
start 00000000 end 00000033 length    51 segment .bsct, initialized
start 00008198 end 000081cb length    51 segment .bsct, from
start 00000033 end 000000ca length   151 segment .ubsct
start 0000ca:0 end 0000ca:7 length     7 segment .bit, initialized
start 000081cb end 000081cc length     1 segment .bit, from
start 000000cb end 000000cb length     0 segment .share
start 00000100 end 00000100 length     0 segment .data
start 00000100 end 00000100 length     0 segment .bss
start 00000000 end 000009ca length  2506 segment .info.
start 00000000 end 0001305c length 77916 segment .debug
start 00008000 end 00008080 length   128 segment .const
start 0000818b end 00008198 length    13 segment .init


                               -------
                               Modules
                               -------

C:\Program Files (x86)\COSMIC\FSE_Compilers\CXSTM8\Lib\crtsi0.sm8:
start 000081cc end 0000821c length    80 section .text
start 00000100 end 00000100 length     0 section .bss
start 00000033 end 00000033 length     0 section .ubsct
start 00000000 end 0000002f length    47 section .info.

Debug\adc.o:
start 0000821c end 00008344 length   296 section .text
start 00000000 end 00001d56 length  7510 section .debug
start 0000002f end 00000097 length   104 section .info.
start 00008080 end 00008100 length   128 section .const

Debug\delay.o:
start 00008344 end 00008421 length   221 section .text
start 00000000 end 00000004 length     4 section .bsct
start 00001d56 end 00003acc length  7542 section .debug
start 00000097 end 00000101 length   106 section .info.

Debug\eep.o:
start 00008421 end 00008492 length   113 section .text
start 00003acc end 00005765 length  7321 section .debug
start 00000101 end 00000169 length   104 section .info.

Debug\i2c.o:
start 00008492 end 00008a9f length  1549 section .text
start 00005765 end 00007f10 length 10155 section .debug
start 00000169 end 000001d1 length   104 section .info.

Debug\nrf24.o:
start 00008a9f end 00008d11 length   626 section .text
start 00000033 end 00000034 length     1 section .ubsct
start 00007f10 end 0000a349 length  9273 section .debug
start 000001d1 end 0000023b length   106 section .info.

Debug\nrf24_stm8_specific.o:
start 00008d11 end 00008d47 length    54 section .text
start 0000a349 end 0000bfeb length  7330 section .debug
start 0000023b end 000002b3 length   120 section .info.

Debug\pid.o:
start 00008d47 end 00008e4b length   260 section .text
start 00000004 end 0000000b length     7 section .bsct
start 00000034 end 00000044 length    16 section .ubsct
start 0000bfeb end 0000c284 length   665 section .debug
start 000002b3 end 0000031b length   104 section .info.

Debug\scheduler.o:
start 00008e4b end 000090b0 length   613 section .text
start 0000000b end 0000000c length     1 section .bsct
start 00000044 end 000000ad length   105 section .ubsct
start 0000c284 end 0000c802 length  1406 section .debug
start 0000031b end 00000389 length   110 section .info.

Debug\spi.o:
start 000090b0 end 0000911d length   109 section .text
start 000000ad end 000000ae length     1 section .ubsct
start 0000c802 end 0000e4ae length  7340 section .debug
start 00000389 end 000003f1 length   104 section .info.

Debug\stc1000p.o:
start 0000911d end 000096df length  1474 section .text
start 0000000c end 00000023 length    23 section .bsct
start 000000ae end 000000b2 length     4 section .ubsct
start 0000e4ae end 000105fe length  8528 section .debug
start 000003f1 end 0000045e length   109 section .info.
start 0000ca:0 end 0000ca:3 length     3 section .bit
start 00008100 end 0000811b length    27 section .const

Debug\stc1000p_lib.o:
start 000096df end 0000a26a length  2955 section .text
start 00000023 end 00000033 length    16 section .bsct
start 000000b2 end 000000c0 length    14 section .ubsct
start 000105fe end 00012eac length 10414 section .debug
start 0000045e end 000004cf length   113 section .info.
start 0000811b end 0000818b length   112 section .const
start 00004000 end 0000410c length   268 section .eeprom
start 0000ca:3 end 0000ca:7 length     4 section .bit

(C:\Program Files (x86)\COSMIC\FSE_Compilers\CXSTM8\Lib\libis0.sm8)strcmp0.o:
start 0000a26a end 0000a27d length    19 section .text
start 000004cf end 000004fd length    46 section .info.

(C:\Program Files (x86)\COSMIC\FSE_Compilers\CXSTM8\Lib\libis0.sm8)strncp.o:
start 0000a27d end 0000a2a3 length    38 section .text
start 000004fd end 00000571 length   116 section .info.

(C:\Program Files (x86)\COSMIC\FSE_Compilers\CXSTM8\Lib\libm0.sm8)cmulx.o:
start 0000a2a3 end 0000a2b7 length    20 section .text
start 00000571 end 000005a0 length    47 section .info.

(C:\Program Files (x86)\COSMIC\FSE_Compilers\CXSTM8\Lib\libm0.sm8)itolx.o:
start 0000a2b7 end 0000a2c5 length    14 section .text
start 000005a0 end 000005cf length    47 section .info.

(C:\Program Files (x86)\COSMIC\FSE_Compilers\CXSTM8\Lib\libm0.sm8)lcmp.o:
start 0000a2c5 end 0000a2e5 length    32 section .text
start 000005cf end 000005fd length    46 section .info.

(C:\Program Files (x86)\COSMIC\FSE_Compilers\CXSTM8\Lib\libm0.sm8)lgadc.o:
start 0000a2e5 end 0000a2f5 length    16 section .text
start 000005fd end 0000062c length    47 section .info.

(C:\Program Files (x86)\COSMIC\FSE_Compilers\CXSTM8\Lib\libm0.sm8)lgadd.o:
start 0000a2f5 end 0000a30c length    23 section .text
start 0000062c end 0000065b length    47 section .info.

(C:\Program Files (x86)\COSMIC\FSE_Compilers\CXSTM8\Lib\libm0.sm8)lgrsh.o:
start 0000a30c end 0000a31a length    14 section .text
start 0000065b end 0000068a length    47 section .info.

(C:\Program Files (x86)\COSMIC\FSE_Compilers\CXSTM8\Lib\libm0.sm8)lmul.o:
start 0000a31a end 0000a3a5 length   139 section .text
start 0000068a end 000006b8 length    46 section .info.

(C:\Program Files (x86)\COSMIC\FSE_Compilers\CXSTM8\Lib\libm0.sm8)lreg.o:
start 000000c0 end 000000c4 length     4 section .ubsct
start 000006b8 end 000006e6 length    46 section .info.

(C:\Program Files (x86)\COSMIC\FSE_Compilers\CXSTM8\Lib\libm0.sm8)lrsh.o:
start 0000a3a5 end 0000a3b4 length    15 section .text
start 000006e6 end 00000714 length    46 section .info.

(C:\Program Files (x86)\COSMIC\FSE_Compilers\CXSTM8\Lib\libm0.sm8)lsub.o:
start 0000a3b4 end 0000a3cc length    24 section .text
start 00000714 end 00000742 length    46 section .info.

(C:\Program Files (x86)\COSMIC\FSE_Compilers\CXSTM8\Lib\libm0.sm8)ltor.o:
start 0000a3cc end 0000a3de length    18 section .text
start 00000742 end 00000770 length    46 section .info.

(C:\Program Files (x86)\COSMIC\FSE_Compilers\CXSTM8\Lib\libm0.sm8)ludiv.o:
start 0000a3de end 0000a3f2 length    20 section .text
start 00000770 end 0000079f length    47 section .info.

(C:\Program Files (x86)\COSMIC\FSE_Compilers\CXSTM8\Lib\libm0.sm8)ldiv.o:
start 0000a3f2 end 0000a4dd length   235 section .text
start 0000079f end 000007cd length    46 section .info.

(C:\Program Files (x86)\COSMIC\FSE_Compilers\CXSTM8\Lib\libm0.sm8)lgneg.o:
start 0000a4dd end 0000a4f0 length    19 section .text
start 000007cd end 000007fc length    47 section .info.

(C:\Program Files (x86)\COSMIC\FSE_Compilers\CXSTM8\Lib\libm0.sm8)lneg.o:
start 0000a4f0 end 0000a505 length    21 section .text
start 000007fc end 0000082a length    46 section .info.

(C:\Program Files (x86)\COSMIC\FSE_Compilers\CXSTM8\Lib\libm0.sm8)rtol.o:
start 0000a505 end 0000a517 length    18 section .text
start 0000082a end 00000858 length    46 section .info.

(C:\Program Files (x86)\COSMIC\FSE_Compilers\CXSTM8\Lib\libm0.sm8)utolx.o:
start 0000a517 end 0000a51e length     7 section .text
start 00000858 end 00000887 length    47 section .info.

(C:\Program Files (x86)\COSMIC\FSE_Compilers\CXSTM8\Lib\libm0.sm8)umul.o:
start 0000a51e end 0000a55a length    60 section .text
start 00000887 end 000008b5 length    46 section .info.

(C:\Program Files (x86)\COSMIC\FSE_Compilers\CXSTM8\Lib\libm0.sm8)xreg.o:
start 000000c4 end 000000c7 length     3 section .ubsct
start 000008b5 end 000008e3 length    46 section .info.

(C:\Program Files (x86)\COSMIC\FSE_Compilers\CXSTM8\Lib\libm0.sm8)yreg.o:
start 000000c7 end 000000ca length     3 section .ubsct
start 000008e3 end 00000911 length    46 section .info.

Debug\stm8_interrupt_vector.o:
start 0000a55a end 0000a55c length     2 section .text
start 00012eac end 0001305c length   432 section .debug
start 00000911 end 0000098b length   122 section .info.
start 00008000 end 00008080 length   128 section .const


                             -----------
                             Stack usage
                             -----------

Debug\adc.o:
_ad_to_temp                     15   (13)
_read_adc                        9   (9)

Debug\delay.o:
_delay_msec                     25   (17)
_delay_usec                     14   (8)
_millis                          8   (6)
_tmr2_val                        6   (6)

Debug\eep.o:
_eeprom_read_config              6   (6)
_eeprom_write_config            13   (7)

Debug\i2c.o:
_I2C_IRQHandler             >    5   (5)
_ds2482_detect                  26   (3)
_ds2482_detect_bb               38   (3)
_ds2482_reset                   18   (5)
_ds2482_reset_bb                30   (5)
_ds2482_search_triplet      >   25   (7)
_ds2482_write_config            23   (5)
_ds2482_write_config_bb         35   (5)
_i2c_delay                       3   (3)
_i2c_init                       17   (3)
_i2c_read                       13   (5)
_i2c_readN                       8   (5)
_i2c_read_bb                    19   (5)
_i2c_rep_start                   7   (4)
_i2c_rep_start_bb               25   (3)
_i2c_start                      12   (4)
_i2c_start_bb                   22   (3)
_i2c_stop                        5   (2)
_i2c_stop_bb                    16   (2)
_i2c_write                       6   (3)
_i2c_write_bb                   19   (5)
_lm92_read                  >   22   (10)
_mcp23008_init              >   20   (3)
_mcp230xx_read              >   17   (5)
_mcp230xx_write                 17   (5)
_recv_ack_bit                    8   (5)

Debug\nrf24.o:
_nrf24_config                   28   (2)
_nrf24_configRegister           24   (4)
_nrf24_dataReady            >   40   (3)
_nrf24_getData              >   32   (4)
_nrf24_getStatus                23   (3)
_nrf24_isSending                26   (3)
_nrf24_lastMessageStatus        26   (3)
_nrf24_payloadLength        >   23   (3)
_nrf24_payload_length       >    2   (2)
_nrf24_powerDown                26   (2)
_nrf24_powerUpRx                26   (2)
_nrf24_powerUpTx                26   (2)
_nrf24_readRegister             34   (6)
_nrf24_retransmissionCount      37   (3)
_nrf24_rxFifoEmpty              37   (3)
_nrf24_rx_address               36   (4)
_nrf24_send                     30   (4)
_nrf24_transferSync             28   (8)
_nrf24_transmitSync             26   (6)
_nrf24_tx_address               36   (4)
_nrf24_writeRegister            32   (6)

Debug\nrf24_stm8_specific.o:
_nrf24_ce                        2   (2)
_nrf24_csn                       2   (2)
_nrf24_init                      4   (2)
_spi_transfer                   20   (2)

Debug\pid.o:
_init_pid                       29   (15)
_pid_ctrl                       18   (12)

Debug\scheduler.o:
_add_task                       25   (15)
_disable_task                   10   (6)
_dispatch_tasks                 51   (3) *** pointer() ***
_enable_task                    10   (6)
_scheduler_init                  2   (2)
_scheduler_isr                   3   (3)
_set_task_time_period       >   12   (8)

Debug\spi.o:
_SPI_Handler                >    5   (5)
_spi_init                        2   (2)
_spi_read                       18   (4)
_spi_write                      17   (3)

Debug\stc1000p.o:
_TIM2_UPD_OVF_IRQHandler    >   14   (11)
_adc_task                       22   (7)
_ctrl_task                      39   (8)
_initialise_system_clock         2   (2)
_main                       >   56   (5)
_multiplexer                     2   (2)
_pid_to_time                     4   (4)
_prfl_task                      32   (2)
_setup_gpio_ports                2   (2)
_setup_timer2                    2   (2)
_spi_task                       48   (11)
_std_task                       24   (2)

Debug\stc1000p_lib.o:
_check_config_value             18   (10)
_divu10                         12   (12)
_enable_cooling                  2   (2)
_enable_heating                  2   (2)
_init_temp_delays                8   (2)
_menu_fsm                       22   (4)
_min_to_sec                     10   (4)
_pid_control                    31   (2)
_prx_to_led                      4   (4)
_range                           8   (8)
_read_buttons                    5   (3)
_restore_display_state           2   (2)
_save_display_state              2   (2)
_temperature_control            12   (2)
_update_profile                 30   (17)
_value_to_led                   18   (6)

Debug\stm8_interrupt_vector.o:
f_NonHandledInterrup5       >    6   (6)
f_NonHandledInterrupt       >    6   (6)

C:\Program Files (x86:
_strcmp                          4   (4)
_strncpy                        10   (10)

Stack size: 70


                              ---------
                              Call tree
                              ---------
   1 > _I2C_IRQHandler: (5)

   2 > _SPI_Handler: (5)

   3 > _TIM2_UPD_OVF_IRQHandler: (11)
   4      + _multiplexer: (2)
   5      + _scheduler_isr: (3)
       
   6 > __stext: (0)

   7 > _ds2482_search_triplet: (7)
   8      + _ds2482_reset: (5)
   9      |    + _i2c_read: (5)
  10      |    |    + _i2c_delay: (3)
  11      |    |    + _i2c_readN: (5)
  12      |    |    |    + _i2c_delay --> 10
          |    |    | 
          |    | 
  13      |    + _i2c_rep_start: (4)
  14      |    |    + _i2c_delay --> 10
          |    | 
  15      |    + _i2c_start: (4)
  16      |    |    + _i2c_delay --> 10
  17      |    |    + _i2c_stop: (2)
  18      |    |    |    + _i2c_delay --> 10
          |    |    | 
  19      |    |    + _recv_ack_bit: (5)
  20      |    |    |    + _i2c_delay --> 10
          |    |    | 
          |    | 
  21      |    + _i2c_write: (3)
  22      |    |    + _i2c_delay --> 10
          |    | 
          | 
  23      + _i2c_read --> 9
  24      + _i2c_rep_start --> 13
  25      + _i2c_start --> 15
  26      + _i2c_write --> 21
       
  27 > _lm92_read: (10)
  28      + _i2c_readN --> 11
  29      + _i2c_start --> 15
  30      + _i2c_stop --> 17
       
  31 > _main: (5)
  32      + _add_task: (15)
  33      |    + _strncpy: (10)
          | 
  34      + _disable_task: (6)
  35      |    + _strcmp: (4)
          | 
  36      + _dispatch_tasks: (3)
  37      |    + (_adc_task) ...
  38      |    + (_ctrl_task) ...
  39      |    + (_prfl_task) ...
  40      |    + (_spi_task) ...
  41      |    + (_std_task) ...
          | 
  42      + _ds2482_detect: (3)
  43      |    + _ds2482_reset --> 8
  44      |    + _ds2482_write_config: (5)
  45      |    |    + _ds2482_reset --> 8
  46      |    |    + _i2c_read --> 9
  47      |    |    + _i2c_rep_start --> 13
  48      |    |    + _i2c_start --> 15
  49      |    |    + _i2c_write --> 21
          |    | 
          | 
  50      + _ds2482_detect_bb: (3)
  51      |    + _ds2482_reset_bb: (5)
  52      |    |    + _i2c_read_bb: (5)
  53      |    |    |    + _delay_usec: (8)
  54      |    |    |    |    + _tmr2_val: (6)
          |    |    |    | 
          |    |    | 
  55      |    |    + _i2c_rep_start_bb: (3)
  56      |    |    |    + _delay_usec --> 53
  57      |    |    |    + _i2c_start_bb: (3)
  58      |    |    |    |    + _delay_usec --> 53
  59      |    |    |    |    + _i2c_write_bb: (5)
  60      |    |    |    |    |    + _delay_usec --> 53
          |    |    |    |    | 
          |    |    |    | 
          |    |    | 
  61      |    |    + _i2c_start_bb --> 57
  62      |    |    + _i2c_stop_bb: (2)
  63      |    |    |    + _delay_usec --> 53
          |    |    | 
  64      |    |    + _i2c_write_bb --> 59
          |    | 
  65      |    + _ds2482_write_config_bb: (5)
  66      |    |    + _ds2482_reset_bb --> 51
  67      |    |    + _i2c_read_bb --> 52
  68      |    |    + _i2c_rep_start_bb --> 55
  69      |    |    + _i2c_start_bb --> 57
  70      |    |    + _i2c_stop_bb --> 62
  71      |    |    + _i2c_write_bb --> 59
          |    | 
          | 
  72      + _eeprom_read_config: (6)
  73      + _enable_task: (6)
  74      |    + _strcmp --> 35
          | 
  75      + _i2c_init: (3)
  76      |    + _delay_usec --> 53
          | 
  77      + _initialise_system_clock: (2)
  78      + _nrf24_config: (2)
  79      |    + _nrf24_configRegister: (4)
  80      |    |    + _nrf24_csn: (2)
  81      |    |    + _spi_transfer: (2)
  82      |    |    |    + _spi_read: (4)
  83      |    |    |    |    + _delay_usec --> 53
          |    |    |    | 
  84      |    |    |    + _spi_write: (3)
  85      |    |    |    |    + _delay_usec --> 53
          |    |    |    | 
          |    |    | 
          |    | 
  86      |    + _nrf24_powerUpRx: (2)
  87      |    |    + _nrf24_ce: (2)
  88      |    |    + _nrf24_configRegister --> 79
  89      |    |    + _nrf24_csn --> 80
  90      |    |    + _spi_transfer --> 81
          |    | 
          | 
  91      + _nrf24_init: (2)
  92      |    + _nrf24_ce --> 87
  93      |    + _nrf24_csn --> 80
  94      |    + _spi_init: (2)
          | 
  95      + _nrf24_rx_address: (4)
  96      |    + _nrf24_ce --> 87
  97      |    + _nrf24_writeRegister: (6)
  98      |    |    + _nrf24_csn --> 80
  99      |    |    + _nrf24_transmitSync: (6)
 100      |    |    |    + _spi_transfer --> 81
          |    |    | 
 101      |    |    + _spi_transfer --> 81
          |    | 
          | 
 102      + _nrf24_tx_address: (4)
 103      |    + _nrf24_writeRegister --> 97
          | 
 104      + _scheduler_init: (2)
 105      + _setup_gpio_ports: (2)
 106      + _setup_timer2: (2)
       
 107 > _mcp23008_init: (3)
 108      + _mcp230xx_write: (5)
 109      |    + _i2c_start --> 15
 110      |    + _i2c_stop --> 17
 111      |    + _i2c_write --> 21
          | 
       
 112 > _mcp230xx_read: (5)
 113      + _i2c_readN --> 11
 114      + _i2c_rep_start --> 13
 115      + _i2c_start --> 15
 116      + _i2c_stop --> 17
 117      + _i2c_write --> 21
       
 118 > _nrf24_dataReady: (3)
 119      + _nrf24_getStatus: (3)
 120      |    + _nrf24_csn --> 80
 121      |    + _spi_transfer --> 81
          | 
 122      + _nrf24_rxFifoEmpty: (3)
 123      |    + _nrf24_readRegister: (6)
 124      |    |    + _nrf24_csn --> 80
 125      |    |    + _nrf24_transferSync: (8)
 126      |    |    |    + _spi_transfer --> 81
          |    |    | 
 127      |    |    + _spi_transfer --> 81
          |    | 
          | 
       
 128 > _nrf24_getData: (4)
 129      + _nrf24_configRegister --> 79
 130      + _nrf24_csn --> 80
 131      + _nrf24_transferSync --> 125
 132      + _spi_transfer --> 81
       
 133 > _nrf24_payloadLength: (3)
 134      + _nrf24_csn --> 80
 135      + _spi_transfer --> 81
       
 136 > _nrf24_payload_length: (2)

 137 > _set_task_time_period: (8)
 138      + _strcmp --> 35
       
 139 > f_NonHandledInterrup5: (6)

 140 > f_NonHandledInterrupt: (6)

 141   _ad_to_temp: (13)

 142   _adc_task: (7)
 143      + _ad_to_temp --> 141
 144      + _eeprom_read_config --> 72
 145      + _read_adc: (9)
       
 146   _add_task --> 32

 147   _check_config_value: (10)
 148      + _range: (8)
       
 149   _ctrl_task: (8)
 150      + _eeprom_read_config --> 72
 151      + _pid_control: (2)
 152      |    + _eeprom_read_config --> 72
 153      |    + _enable_cooling: (2)
 154      |    + _enable_heating: (2)
 155      |    + _init_pid: (15)
 156      |    + _init_temp_delays: (2)
 157      |    |    + _eeprom_read_config --> 72
          |    | 
 158      |    + _min_to_sec: (4)
 159      |    |    + _eeprom_read_config --> 72
          |    | 
 160      |    + _pid_ctrl: (12)
          | 
 161      + _temperature_control: (2)
 162      |    + _enable_cooling --> 153
 163      |    + _enable_heating --> 154
 164      |    + _init_temp_delays --> 156
 165      |    + _min_to_sec --> 158
          | 
 166      + _value_to_led: (6)
 167      |    + _divu10: (12)
          | 
       
 168   _delay_msec: (17)
 169      + _millis: (6)
       
 170   _delay_usec --> 53

 171   _disable_task --> 34

 172   _dispatch_tasks --> 36

 173   _divu10 --> 167

 174   _ds2482_detect --> 42

 175   _ds2482_detect_bb --> 50

 176   _ds2482_reset --> 8

 177   _ds2482_reset_bb --> 51

 178   _ds2482_write_config --> 44

 179   _ds2482_write_config_bb --> 65

 180   _eeprom_read_config --> 72

 181   _eeprom_write_config: (7)
 182      + _eeprom_read_config --> 72
       
 183   _enable_cooling --> 153

 184   _enable_heating --> 154

 185   _enable_task --> 73

 186   _i2c_delay --> 10

 187   _i2c_init --> 75

 188   _i2c_read --> 9

 189   _i2c_readN --> 11

 190   _i2c_read_bb --> 52

 191   _i2c_rep_start --> 13

 192   _i2c_rep_start_bb --> 55

 193   _i2c_start --> 15

 194   _i2c_start_bb --> 57

 195   _i2c_stop --> 17

 196   _i2c_stop_bb --> 62

 197   _i2c_write --> 21

 198   _i2c_write_bb --> 59

 199   _init_pid --> 155

 200   _init_temp_delays --> 156

 201   _initialise_system_clock --> 77

 202   _mcp230xx_write --> 108

 203   _menu_fsm: (4)
 204      + _check_config_value --> 147
 205      + _eeprom_read_config --> 72
 206      + _eeprom_write_config --> 181
 207      + _prx_to_led: (4)
 208      + _value_to_led --> 166
       
 209   _millis --> 169

 210   _min_to_sec --> 158

 211   _multiplexer --> 4

 212   _nrf24_ce --> 87

 213   _nrf24_config --> 78

 214   _nrf24_configRegister --> 79

 215   _nrf24_csn --> 80

 216   _nrf24_getStatus --> 119

 217   _nrf24_init --> 91

 218   _nrf24_isSending: (3)
 219      + _nrf24_getStatus --> 119
       
 220   _nrf24_lastMessageStatus: (3)
 221      + _nrf24_getStatus --> 119
       
 222   _nrf24_powerDown: (2)
 223      + _nrf24_ce --> 87
 224      + _nrf24_configRegister --> 79
       
 225   _nrf24_powerUpRx --> 86

 226   _nrf24_powerUpTx: (2)
 227      + _nrf24_configRegister --> 79
       
 228   _nrf24_readRegister --> 123

 229   _nrf24_retransmissionCount: (3)
 230      + _nrf24_readRegister --> 123
       
 231   _nrf24_rxFifoEmpty --> 122

 232   _nrf24_rx_address --> 95

 233   _nrf24_send: (4)
 234      + _nrf24_ce --> 87
 235      + _nrf24_csn --> 80
 236      + _nrf24_powerUpTx --> 226
 237      + _nrf24_transmitSync --> 99
 238      + _spi_transfer --> 81
       
 239   _nrf24_transferSync --> 125

 240   _nrf24_transmitSync --> 99

 241   _nrf24_tx_address --> 102

 242   _nrf24_writeRegister --> 97

 243   _pid_control --> 151

 244   _pid_ctrl --> 160

 245   _pid_to_time: (4)

 246   _prfl_task: (2)
 247      + _update_profile: (17)
 248      |    + _eeprom_read_config --> 72
 249      |    + _eeprom_write_config --> 181
          | 
       
 250   _prx_to_led --> 207

 251   _range --> 148

 252   _read_adc --> 145

 253   _read_buttons: (3)
 254      + _restore_display_state: (2)
 255      + _save_display_state: (2)
       
 256   _recv_ack_bit --> 19

 257   _restore_display_state --> 254

 258   _save_display_state --> 255

 259   _scheduler_init --> 104

 260   _scheduler_isr --> 5

 261   _setup_gpio_ports --> 105

 262   _setup_timer2 --> 106

 263   _spi_init --> 94

 264   _spi_read --> 82

 265   _spi_task: (11)
 266      + _delay_msec --> 168
 267      + _nrf24_isSending --> 218
 268      + _nrf24_lastMessageStatus --> 220
 269      + _nrf24_powerDown --> 222
 270      + _nrf24_retransmissionCount --> 229
 271      + _nrf24_send --> 233
       
 272   _spi_transfer --> 81

 273   _spi_write --> 84

 274   _std_task: (2)
 275      + _menu_fsm --> 203
 276      + _pid_to_time --> 245
 277      + _read_buttons --> 253
       
 278   _strcmp --> 35

 279   _strncpy --> 33

 280   _temperature_control --> 161

 281   _tmr2_val --> 54

 282   _update_profile --> 247

 283   _value_to_led --> 166



                               -------
                               Symbols
                               -------

_ADC_AWCRH                   0000540e   defined in Debug\adc.o
_ADC_AWCRL                   0000540f   defined in Debug\adc.o
_ADC_AWSRH                   0000540c   defined in Debug\adc.o
_ADC_AWSRL                   0000540d   defined in Debug\adc.o
_ADC_CR1                     00005401   defined in Debug\adc.o
_ADC_CR2                     00005402   defined in Debug\adc.o
_ADC_CR3                     00005403   defined in Debug\adc.o
_ADC_CSR                     00005400   defined in Debug\adc.o
_ADC_DBR                     000053e0   defined in Debug\adc.o
_ADC_DRH                     00005404   defined in Debug\adc.o
_ADC_DRL                     00005405   defined in Debug\adc.o
_ADC_HTRH                    00005408   defined in Debug\adc.o
_ADC_HTRL                    00005409   defined in Debug\adc.o
_ADC_LTRH                    0000540a   defined in Debug\adc.o
_ADC_LTRL                    0000540b   defined in Debug\adc.o
_ADC_TDRH                    00005406   defined in Debug\adc.o
_ADC_TDRL                    00005407   defined in Debug\adc.o
_AWU_APR                     000050f1   defined in Debug\adc.o
_AWU_CSR1                    000050f0   defined in Debug\adc.o
_AWU_TBR                     000050f2   defined in Debug\adc.o
_BEEP_CSR                    000050f3   defined in Debug\adc.o
_CFG_GCR                     00007f60   defined in Debug\adc.o
_CLK_CANCCR                  000050cb   defined in Debug\adc.o
_CLK_CCOR                    000050c9   defined in Debug\adc.o
_CLK_CKDIVR                  000050c6   defined in Debug\adc.o
_CLK_CMSR                    000050c3   defined in Debug\adc.o
_CLK_CSSR                    000050c8   defined in Debug\adc.o
_CLK_ECKCR                   000050c1   defined in Debug\adc.o
_CLK_HSITRIMR                000050cc   defined in Debug\adc.o
_CLK_ICKCR                   000050c0   defined in Debug\adc.o
_CLK_PCKENR1                 000050c7   defined in Debug\adc.o
_CLK_PCKENR2                 000050ca   defined in Debug\adc.o
_CLK_SWCR                    000050c5   defined in Debug\adc.o
_CLK_SWIMCCR                 000050cd   defined in Debug\adc.o
_CLK_SWR                     000050c4   defined in Debug\adc.o
_DM_BK1RE                    00007f90   defined in Debug\adc.o
_DM_BK1RH                    00007f91   defined in Debug\adc.o
_DM_BK1RL                    00007f92   defined in Debug\adc.o
_DM_BK2RE                    00007f93   defined in Debug\adc.o
_DM_BK2RH                    00007f94   defined in Debug\adc.o
_DM_BK2RL                    00007f95   defined in Debug\adc.o
_DM_CR1                      00007f96   defined in Debug\adc.o
_DM_CR2                      00007f97   defined in Debug\adc.o
_DM_CSR1                     00007f98   defined in Debug\adc.o
_DM_CSR2                     00007f99   defined in Debug\adc.o
_DM_ENFCTR                   00007f9a   defined in Debug\adc.o
_EXTI_CR1                    000050a0   defined in Debug\adc.o
_EXTI_CR2                    000050a1   defined in Debug\adc.o
_FLASH_CR1                   0000505a   defined in Debug\adc.o
_FLASH_CR2                   0000505b   defined in Debug\adc.o
_FLASH_DUKR                  00005064   defined in Debug\adc.o
_FLASH_FPR                   0000505d   defined in Debug\adc.o
_FLASH_IAPSR                 0000505f   defined in Debug\adc.o
_FLASH_NCR2                  0000505c   defined in Debug\adc.o
_FLASH_NFPR                  0000505e   defined in Debug\adc.o
_FLASH_PUKR                  00005062   defined in Debug\adc.o
_I2C_CCRH                    0000521c   defined in Debug\adc.o
_I2C_CCRL                    0000521b   defined in Debug\adc.o
_I2C_CR1                     00005210   defined in Debug\adc.o
_I2C_CR2                     00005211   defined in Debug\adc.o
_I2C_DR                      00005216   defined in Debug\adc.o
_I2C_FREQR                   00005212   defined in Debug\adc.o
_I2C_IRQHandler              000085d1   defined in Debug\i2c.o section .text
                                        used in Debug\stm8_interrupt_vector.o
_I2C_ITR                     0000521a   defined in Debug\adc.o
_I2C_OARH                    00005214   defined in Debug\adc.o
_I2C_OARL                    00005213   defined in Debug\adc.o
_I2C_PECR                    0000521e   defined in Debug\adc.o
_I2C_SR1                     00005217   defined in Debug\adc.o
_I2C_SR2                     00005218   defined in Debug\adc.o
_I2C_SR3                     00005219   defined in Debug\adc.o
_I2C_TRISER                  0000521d   defined in Debug\adc.o
_ITC_SPR1                    00007f70   defined in Debug\adc.o
_ITC_SPR2                    00007f71   defined in Debug\adc.o
_ITC_SPR3                    00007f72   defined in Debug\adc.o
_ITC_SPR4                    00007f73   defined in Debug\adc.o
_ITC_SPR5                    00007f74   defined in Debug\adc.o
_ITC_SPR6                    00007f75   defined in Debug\adc.o
_ITC_SPR7                    00007f76   defined in Debug\adc.o
_ITC_SPR8                    00007f77   defined in Debug\adc.o
_IWDG_KR                     000050e0   defined in Debug\adc.o
_IWDG_PR                     000050e1   defined in Debug\adc.o
_IWDG_RLR                    000050e2   defined in Debug\adc.o
_PA_CR1                      00005003   defined in Debug\adc.o
_PA_CR2                      00005004   defined in Debug\adc.o
_PA_DDR                      00005002   defined in Debug\adc.o
_PA_IDR                      00005001   defined in Debug\adc.o
_PA_ODR                      00005000   defined in Debug\adc.o
_PB_CR1                      00005008   defined in Debug\adc.o
_PB_CR2                      00005009   defined in Debug\adc.o
_PB_DDR                      00005007   defined in Debug\adc.o
_PB_IDR                      00005006   defined in Debug\adc.o
_PB_ODR                      00005005   defined in Debug\adc.o
_PC_CR1                      0000500d   defined in Debug\adc.o
_PC_CR2                      0000500e   defined in Debug\adc.o
_PC_DDR                      0000500c   defined in Debug\adc.o
_PC_IDR                      0000500b   defined in Debug\adc.o
_PC_ODR                      0000500a   defined in Debug\adc.o
_PD_CR1                      00005012   defined in Debug\adc.o
_PD_CR2                      00005013   defined in Debug\adc.o
_PD_DDR                      00005011   defined in Debug\adc.o
_PD_IDR                      00005010   defined in Debug\adc.o
_PD_ODR                      0000500f   defined in Debug\adc.o
_PE_CR1                      00005017   defined in Debug\adc.o
_PE_CR2                      00005018   defined in Debug\adc.o
_PE_DDR                      00005016   defined in Debug\adc.o
_PE_IDR                      00005015   defined in Debug\adc.o
_PE_ODR                      00005014   defined in Debug\adc.o
_PF_CR1                      0000501c   defined in Debug\adc.o
_PF_CR2                      0000501d   defined in Debug\adc.o
_PF_DDR                      0000501b   defined in Debug\adc.o
_PF_IDR                      0000501a   defined in Debug\adc.o
_PF_ODR                      00005019   defined in Debug\adc.o
_PG_CR1                      00005021   defined in Debug\adc.o
_PG_CR2                      00005022   defined in Debug\adc.o
_PG_DDR                      00005020   defined in Debug\adc.o
_PG_IDR                      0000501f   defined in Debug\adc.o
_PG_ODR                      0000501e   defined in Debug\adc.o
_PH_CR1                      00005026   defined in Debug\adc.o
_PH_CR2                      00005027   defined in Debug\adc.o
_PH_DDR                      00005025   defined in Debug\adc.o
_PH_IDR                      00005024   defined in Debug\adc.o
_PH_ODR                      00005023   defined in Debug\adc.o
_PI_CR1                      0000502b   defined in Debug\adc.o
_PI_CR2                      0000502c   defined in Debug\adc.o
_PI_DDR                      0000502a   defined in Debug\adc.o
_PI_IDR                      00005029   defined in Debug\adc.o
_PI_ODR                      00005028   defined in Debug\adc.o
_RST_SR                      000050b3   defined in Debug\adc.o
_SPI_CR1                     00005200   defined in Debug\adc.o
_SPI_CR2                     00005201   defined in Debug\adc.o
_SPI_CRCPR                   00005205   defined in Debug\adc.o
_SPI_DR                      00005204   defined in Debug\adc.o
_SPI_Handler                 000090b0   defined in Debug\spi.o section .text
                                        used in Debug\stm8_interrupt_vector.o
_SPI_ICR                     00005202   defined in Debug\adc.o
_SPI_RXCRCR                  00005206   defined in Debug\adc.o
_SPI_SR                      00005203   defined in Debug\adc.o
_SPI_TXCRCR                  00005207   defined in Debug\adc.o
_SWIM_CSR                    00007f80   defined in Debug\adc.o
_TIM1_ARRH                   00005262   defined in Debug\adc.o
_TIM1_ARRL                   00005263   defined in Debug\adc.o
_TIM1_BKR                    0000526d   defined in Debug\adc.o
_TIM1_CCER1                  0000525c   defined in Debug\adc.o
_TIM1_CCER2                  0000525d   defined in Debug\adc.o
_TIM1_CCMR1                  00005258   defined in Debug\adc.o
_TIM1_CCMR2                  00005259   defined in Debug\adc.o
_TIM1_CCMR3                  0000525a   defined in Debug\adc.o
_TIM1_CCMR4                  0000525b   defined in Debug\adc.o
_TIM1_CCR1H                  00005265   defined in Debug\adc.o
_TIM1_CCR1L                  00005266   defined in Debug\adc.o
_TIM1_CCR2H                  00005267   defined in Debug\adc.o
_TIM1_CCR2L                  00005268   defined in Debug\adc.o
_TIM1_CCR3H                  00005269   defined in Debug\adc.o
_TIM1_CCR3L                  0000526a   defined in Debug\adc.o
_TIM1_CCR4H                  0000526b   defined in Debug\adc.o
_TIM1_CCR4L                  0000526c   defined in Debug\adc.o
_TIM1_CNTRH                  0000525e   defined in Debug\adc.o
_TIM1_CNTRL                  0000525f   defined in Debug\adc.o
_TIM1_CR1                    00005250   defined in Debug\adc.o
_TIM1_CR2                    00005251   defined in Debug\adc.o
_TIM1_DTR                    0000526e   defined in Debug\adc.o
_TIM1_EGR                    00005257   defined in Debug\adc.o
_TIM1_ETR                    00005253   defined in Debug\adc.o
_TIM1_IER                    00005254   defined in Debug\adc.o
_TIM1_OISR                   0000526f   defined in Debug\adc.o
_TIM1_PSCRH                  00005260   defined in Debug\adc.o
_TIM1_PSCRL                  00005261   defined in Debug\adc.o
_TIM1_RCR                    00005264   defined in Debug\adc.o
_TIM1_SMCR                   00005252   defined in Debug\adc.o
_TIM1_SR1                    00005255   defined in Debug\adc.o
_TIM1_SR2                    00005256   defined in Debug\adc.o
_TIM2_ARRH                   0000530d   defined in Debug\adc.o
_TIM2_ARRL                   0000530e   defined in Debug\adc.o
_TIM2_CCER1                  00005308   defined in Debug\adc.o
_TIM2_CCER2                  00005309   defined in Debug\adc.o
_TIM2_CCMR1                  00005305   defined in Debug\adc.o
_TIM2_CCMR2                  00005306   defined in Debug\adc.o
_TIM2_CCMR3                  00005307   defined in Debug\adc.o
_TIM2_CCR1H                  0000530f   defined in Debug\adc.o
_TIM2_CCR1L                  00005310   defined in Debug\adc.o
_TIM2_CCR2H                  00005311   defined in Debug\adc.o
_TIM2_CCR2L                  00005312   defined in Debug\adc.o
_TIM2_CCR3H                  00005313   defined in Debug\adc.o
_TIM2_CCR3L                  00005314   defined in Debug\adc.o
_TIM2_CNTRH                  0000530a   defined in Debug\adc.o
_TIM2_CNTRL                  0000530b   defined in Debug\adc.o
_TIM2_CR1                    00005300   defined in Debug\adc.o
_TIM2_EGR                    00005304   defined in Debug\adc.o
_TIM2_IER                    00005301   defined in Debug\adc.o
_TIM2_PSCR                   0000530c   defined in Debug\adc.o
_TIM2_SR1                    00005302   defined in Debug\adc.o
_TIM2_SR2                    00005303   defined in Debug\adc.o
_TIM2_UPD_OVF_IRQHandler     000091ba   defined in Debug\stc1000p.o section .text
                                        used in Debug\stm8_interrupt_vector.o
_TIM3_ARRH                   0000532b   defined in Debug\adc.o
_TIM3_ARRL                   0000532c   defined in Debug\adc.o
_TIM3_CCER1                  00005327   defined in Debug\adc.o
_TIM3_CCMR1                  00005325   defined in Debug\adc.o
_TIM3_CCMR2                  00005326   defined in Debug\adc.o
_TIM3_CCR1H                  0000532d   defined in Debug\adc.o
_TIM3_CCR1L                  0000532e   defined in Debug\adc.o
_TIM3_CCR2H                  0000532f   defined in Debug\adc.o
_TIM3_CCR2L                  00005330   defined in Debug\adc.o
_TIM3_CNTRH                  00005328   defined in Debug\adc.o
_TIM3_CNTRL                  00005329   defined in Debug\adc.o
_TIM3_CR1                    00005320   defined in Debug\adc.o
_TIM3_EGR                    00005324   defined in Debug\adc.o
_TIM3_IER                    00005321   defined in Debug\adc.o
_TIM3_PSCR                   0000532a   defined in Debug\adc.o
_TIM3_SR1                    00005322   defined in Debug\adc.o
_TIM3_SR2                    00005323   defined in Debug\adc.o
_TIM4_ARR                    00005346   defined in Debug\adc.o
_TIM4_CNTR                   00005344   defined in Debug\adc.o
_TIM4_CR1                    00005340   defined in Debug\adc.o
_TIM4_EGR                    00005343   defined in Debug\adc.o
_TIM4_IER                    00005341   defined in Debug\adc.o
_TIM4_PSCR                   00005345   defined in Debug\adc.o
_TIM4_SR                     00005342   defined in Debug\adc.o
_UART2_BRR1                  00005242   defined in Debug\adc.o
_UART2_BRR2                  00005243   defined in Debug\adc.o
_UART2_CR1                   00005244   defined in Debug\adc.o
_UART2_CR2                   00005245   defined in Debug\adc.o
_UART2_CR3                   00005246   defined in Debug\adc.o
_UART2_CR4                   00005247   defined in Debug\adc.o
_UART2_CR6                   00005249   defined in Debug\adc.o
_UART2_DR                    00005241   defined in Debug\adc.o
_UART2_GTR                   0000524a   defined in Debug\adc.o
_UART2_PSCR                  0000524b   defined in Debug\adc.o
_UART2_SR                    00005240   defined in Debug\adc.o
_WWDG_CR                     000050d1   defined in Debug\adc.o
_WWDG_WR                     000050d2   defined in Debug\adc.o
__buttons                    0000002c   defined in Debug\stc1000p_lib.o section .bsct, initialized
__endmem                     000005ff   defined in command file
                                        *** not used ***
__endzp                      000000ca   defined in command file section .ubsct
                                        used in C:\Program Files (x86)\COSMIC\FSE_Compilers\CXSTM8\Lib\crtsi0.sm8
__idesc__                    0000818b   defined in linker section .init
                                        used in C:\Program Files (x86)\COSMIC\FSE_Compilers\CXSTM8\Lib\crtsi0.sm8
__memory                     00000100   defined in command file section .bss
                                        used in C:\Program Files (x86)\COSMIC\FSE_Compilers\CXSTM8\Lib\crtsi0.sm8
__stack                      000007ff   defined in command file
                                        used in C:\Program Files (x86)\COSMIC\FSE_Compilers\CXSTM8\Lib\crtsi0.sm8
__startmem                   00000100   defined in command file section .bss
                                        *** not used ***
__stext                      000081cc   defined in C:\Program Files (x86)\COSMIC\FSE_Compilers\CXSTM8\Lib\crtsi0.sm8 section .text
                                        used in Debug\stm8_interrupt_vector.o
__vectab                     00008000   defined in Debug\stm8_interrupt_vector.o section .const
_ad_ch                       0000ca:2   defined in Debug\stc1000p.o section .bit, initialized
_ad_err1                     0000000c   defined in Debug\stc1000p.o section .bsct, initialized
_ad_err2                     0000000d   defined in Debug\stc1000p.o section .bsct, initialized
_ad_lookup_c                 000080c0   defined in Debug\adc.o section .const
_ad_lookup_f                 00008080   defined in Debug\adc.o section .const
_ad_ntc1                     0000000e   defined in Debug\stc1000p.o section .bsct, initialized
_ad_ntc2                     00000010   defined in Debug\stc1000p.o section .bsct, initialized
_ad_to_temp                  0000829c   defined in Debug\adc.o section .text
                                        used in Debug\stc1000p.o
_adc_task                    0000934c   defined in Debug\stc1000p.o section .text
_add_task                    00008f00   defined in Debug\scheduler.o section .text
                                        used in Debug\stc1000p.o
_check_config_value          0000997b   defined in Debug\stc1000p_lib.o section .text
_config_item                 0000002a   defined in Debug\stc1000p_lib.o section .bsct, initialized
_config_value                000000bb   defined in Debug\stc1000p_lib.o section .ubsct
_cooling_delay               00000024   defined in Debug\stc1000p_lib.o section .bsct, initialized
                                        used in Debug\stc1000p.o
_ctrl_task                   0000943d   defined in Debug\stc1000p.o section .text
_curr_dur                    0000002e   defined in Debug\stc1000p_lib.o section .bsct, initialized
_delay_msec                  0000835a   defined in Debug\delay.o section .text
                                        used in Debug\stc1000p.o
_delay_usec                  000083fc   defined in Debug\delay.o section .text
                                        used in Debug\i2c.o Debug\spi.o
_disable_task                00008ffc   defined in Debug\scheduler.o section .text
                                        used in Debug\stc1000p.o
_dispatch_tasks              00008eb5   defined in Debug\scheduler.o section .text
                                        used in Debug\stc1000p.o
_divu10                      000096df   defined in Debug\stc1000p_lib.o section .text
_ds2482_detect               000089f1   defined in Debug\i2c.o section .text
                                        used in Debug\stc1000p.o
_ds2482_detect_bb            00008a0c   defined in Debug\i2c.o section .text
                                        used in Debug\stc1000p.o
_ds2482_reset                000088e7   defined in Debug\i2c.o section .text
_ds2482_reset_bb             00008922   defined in Debug\i2c.o section .text
_ds2482_search_triplet       00008a28   defined in Debug\i2c.o section .text
_ds2482_write_config         000089ae   defined in Debug\i2c.o section .text
_ds2482_write_config_bb      00008966   defined in Debug\i2c.o section .text
_eedata                      00004000   defined in Debug\stc1000p_lib.o section .eeprom
                                        used in Debug\stc1000p.o
_eeprom_read_config          00008421   defined in Debug\eep.o section .text
                                        used in Debug\stc1000p.o
                                                Debug\stc1000p_lib.o
_eeprom_write_config         00008458   defined in Debug\eep.o section .text
                                        used in Debug\stc1000p_lib.o
_enable_cooling              0000a098   defined in Debug\stc1000p_lib.o section .text
_enable_heating              0000a0ab   defined in Debug\stc1000p_lib.o section .text
_enable_task                 00008fa1   defined in Debug\scheduler.o section .text
                                        used in Debug\stc1000p.o
_exit                        0000821a   defined in C:\Program Files (x86)\COSMIC\FSE_Compilers\CXSTM8\Lib\crtsi0.sm8 section .text
_fahrenheit                  0000ca:5   defined in Debug\stc1000p_lib.o section .bit, initialized
                                        used in Debug\adc.o Debug\stc1000p.o
_heating_delay               00000026   defined in Debug\stc1000p_lib.o section .bsct, initialized
                                        used in Debug\stc1000p.o
_hysteresis                  000000b6   defined in Debug\stc1000p_lib.o section .ubsct
_hysteresis2                 000000b4   defined in Debug\stc1000p_lib.o section .ubsct
_i2c_delay                   00008492   defined in Debug\i2c.o section .text
_i2c_init                    000085d2   defined in Debug\i2c.o section .text
                                        used in Debug\stc1000p.o
_i2c_read                    000086d7   defined in Debug\i2c.o section .text
_i2c_readN                   000086fc   defined in Debug\i2c.o section .text
_i2c_read_bb                 00008513   defined in Debug\i2c.o section .text
_i2c_rep_start               00008675   defined in Debug\i2c.o section .text
_i2c_rep_start_bb            000085aa   defined in Debug\i2c.o section .text
_i2c_start                   00008640   defined in Debug\i2c.o section .text
_i2c_start_bb                00008583   defined in Debug\i2c.o section .text
_i2c_stop                    000086a0   defined in Debug\i2c.o section .text
_i2c_stop_bb                 000085bc   defined in Debug\i2c.o section .text
_i2c_write                   000086b7   defined in Debug\i2c.o section .text
_i2c_write_bb                0000849f   defined in Debug\i2c.o section .text
_init_pid                    00008d47   defined in Debug\pid.o section .text
                                        used in Debug\stc1000p_lib.o
_init_temp_delays            0000a065   defined in Debug\stc1000p_lib.o section .text
_initialise_system_clock     0000921f   defined in Debug\stc1000p.o section .text
_kc                          00000004   defined in Debug\pid.o section .bsct, initialized
                                        used in Debug\stc1000p_lib.o
_kd                          0000003c   defined in Debug\pid.o section .ubsct
_key_held_tmr                000000ba   defined in Debug\stc1000p_lib.o section .ubsct
_ki                          00000040   defined in Debug\pid.o section .ubsct
_led_01                      000000bd   defined in Debug\stc1000p_lib.o section .ubsct
                                        used in Debug\stc1000p.o
_led_1                       000000be   defined in Debug\stc1000p_lib.o section .ubsct
                                        used in Debug\stc1000p.o
_led_10                      000000bf   defined in Debug\stc1000p_lib.o section .ubsct
                                        used in Debug\stc1000p.o
_led_e                       00000023   defined in Debug\stc1000p_lib.o section .bsct, initialized
                                        used in Debug\stc1000p.o
_led_lookup                  0000811b   defined in Debug\stc1000p_lib.o section .const
_lm92_read                   000087dc   defined in Debug\i2c.o section .text
_m_countdown                 0000002b   defined in Debug\stc1000p_lib.o section .bsct, initialized
_main                        00009607   defined in Debug\stc1000p.o section .text
                                        used in C:\Program Files (x86)\COSMIC\FSE_Compilers\CXSTM8\Lib\crtsi0.sm8
_max_tasks                   0000000b   defined in Debug\scheduler.o section .bsct, initialized
_mcp23008_init               0000885e   defined in Debug\i2c.o section .text
_mcp230xx_read               00008883   defined in Debug\i2c.o section .text
_mcp230xx_write              000088ba   defined in Debug\i2c.o section .text
_menu                        00008125   defined in Debug\stc1000p_lib.o section .const
_menu_fsm                    00009b4e   defined in Debug\stc1000p_lib.o section .text
                                        used in Debug\stc1000p.o
_menu_is_idle                0000ca:3   defined in Debug\stc1000p_lib.o section .bit, initialized
                                        used in Debug\stc1000p.o
_menu_item                   00000029   defined in Debug\stc1000p_lib.o section .bsct, initialized
_menustate                   00000028   defined in Debug\stc1000p_lib.o section .bsct, initialized
_millis                      00008344   defined in Debug\delay.o section .text
_min_to_sec                  0000a046   defined in Debug\stc1000p_lib.o section .text
_minutes                     0000ca:6   defined in Debug\stc1000p_lib.o section .bit, initialized
                                        used in Debug\stc1000p.o
_mpx_nr                      00000012   defined in Debug\stc1000p.o section .bsct, initialized
_multiplexer                 0000911d   defined in Debug\stc1000p.o section .text
_nrf24_ce                    00008d27   defined in Debug\nrf24_stm8_specific.o section .text
                                        used in Debug\nrf24.o
_nrf24_config                00008a9f   defined in Debug\nrf24.o section .text
                                        used in Debug\stc1000p.o
_nrf24_configRegister        00008cbb   defined in Debug\nrf24.o section .text
_nrf24_csn                   00008d11   defined in Debug\nrf24_stm8_specific.o section .text
                                        used in Debug\nrf24.o
_nrf24_dataReady             00008b2d   defined in Debug\nrf24.o section .text
_nrf24_getData               00008b7b   defined in Debug\nrf24.o section .text
_nrf24_getStatus             00008c01   defined in Debug\nrf24.o section .text
_nrf24_init                  00008d35   defined in Debug\nrf24_stm8_specific.o section .text
                                        used in Debug\stc1000p.o
_nrf24_isSending             00008bed   defined in Debug\nrf24.o section .text
                                        used in Debug\stc1000p.o
_nrf24_lastMessageStatus     00008c17   defined in Debug\nrf24.o section .text
                                        used in Debug\stc1000p.o
_nrf24_payloadLength         00008b61   defined in Debug\nrf24.o section .text
_nrf24_payload_length        00008b11   defined in Debug\nrf24.o section .text
_nrf24_powerDown             00008c63   defined in Debug\nrf24.o section .text
                                        used in Debug\stc1000p.o
_nrf24_powerUpRx             00008c36   defined in Debug\nrf24.o section .text
_nrf24_powerUpTx             00008c58   defined in Debug\nrf24.o section .text
_nrf24_readRegister          00008cd5   defined in Debug\nrf24.o section .text
_nrf24_retransmissionCount   00008b9f   defined in Debug\nrf24.o section .text
                                        used in Debug\stc1000p.o
_nrf24_rxFifoEmpty           00008b4b   defined in Debug\nrf24.o section .text
_nrf24_rx_address            00008af9   defined in Debug\nrf24.o section .text
                                        used in Debug\stc1000p.o
_nrf24_send                  00008bb9   defined in Debug\nrf24.o section .text
                                        used in Debug\stc1000p.o
_nrf24_transferSync          00008c6d   defined in Debug\nrf24.o section .text
_nrf24_transmitSync          00008c9b   defined in Debug\nrf24.o section .text
_nrf24_tx_address            00008b14   defined in Debug\nrf24.o section .text
                                        used in Debug\stc1000p.o
_nrf24_writeRegister         00008cf4   defined in Debug\nrf24.o section .text
_payload_len                 00000033   defined in Debug\nrf24.o section .ubsct
_pid_control                 0000a191   defined in Debug\stc1000p_lib.o section .text
                                        used in Debug\stc1000p.o
_pid_ctrl                    00008dba   defined in Debug\pid.o section .text
                                        used in Debug\stc1000p_lib.o
_pid_out                     00000030   defined in Debug\stc1000p_lib.o section .bsct, initialized
                                        used in Debug\stc1000p.o
_pid_to_time                 000093d0   defined in Debug\stc1000p.o section .text
_portc                       000000b3   defined in Debug\stc1000p_lib.o section .ubsct
_portd                       000000b2   defined in Debug\stc1000p_lib.o section .ubsct
_pp                          00000038   defined in Debug\pid.o section .ubsct
_prfl_task                   000095b7   defined in Debug\stc1000p.o section .text
_probe2                      0000ca:0   defined in Debug\stc1000p.o section .bit, initialized
                                        used in Debug\stc1000p_lib.o
_prx_to_led                  00009730   defined in Debug\stc1000p_lib.o section .text
_pwr_on                      0000ca:4   defined in Debug\stc1000p_lib.o section .bit, initialized
                                        used in Debug\stc1000p.o
_pwr_on_tmr                  00000013   defined in Debug\stc1000p.o section .bsct, initialized
_range                       00009961   defined in Debug\stc1000p_lib.o section .text
_read_adc                    0000821c   defined in Debug\adc.o section .text
                                        used in Debug\stc1000p.o
_read_buttons                00009b1e   defined in Debug\stc1000p_lib.o section .text
                                        used in Debug\stc1000p.o
_recv_ack_bit                0000860f   defined in Debug\i2c.o section .text
_restore_display_state       00009aea   defined in Debug\stc1000p_lib.o section .text
_rx_address                  0000001a   defined in Debug\stc1000p.o section .bsct, initialized
_save_display_state          00009ac2   defined in Debug\stc1000p_lib.o section .text
_scheduler_init              00008e4b   defined in Debug\scheduler.o section .text
                                        used in Debug\stc1000p.o
_scheduler_isr               00008e54   defined in Debug\scheduler.o section .text
                                        used in Debug\stc1000p.o
_sensor2_selected            0000002d   defined in Debug\stc1000p_lib.o section .bsct, initialized
                                        used in Debug\stc1000p.o
_set_task_time_period        00009057   defined in Debug\scheduler.o section .text
_setpoint                    000000b8   defined in Debug\stc1000p_lib.o section .ubsct
                                        used in Debug\stc1000p.o
_setup_gpio_ports            0000926b   defined in Debug\stc1000p.o section .text
_setup_timer2                00009256   defined in Debug\stc1000p.o section .text
_show_sa_alarm               0000ca:1   defined in Debug\stc1000p.o section .bit, initialized
_spi_error                   000000ad   defined in Debug\spi.o section .ubsct
_spi_init                    000090bb   defined in Debug\spi.o section .text
                                        used in Debug\nrf24_stm8_specific.o
_spi_read                    00009101   defined in Debug\spi.o section .text
                                        used in Debug\nrf24_stm8_specific.o
_spi_task                    000095d3   defined in Debug\stc1000p.o section .text
_spi_transfer                00008d40   defined in Debug\nrf24_stm8_specific.o section .text
                                        used in Debug\nrf24.o
_spi_write                   000090cc   defined in Debug\spi.o section .text
                                        used in Debug\nrf24_stm8_specific.o
_std_task                    00009434   defined in Debug\stc1000p.o section .text
_strcmp                      0000a26a   defined in (C:\Program Files (x86)\COSMIC\FSE_Compilers\CXSTM8\Lib\libis0.sm8)strcmp0.o section .text
                                        used in Debug\scheduler.o
_strncpy                     0000a27d   defined in (C:\Program Files (x86)\COSMIC\FSE_Compilers\CXSTM8\Lib\libis0.sm8)strncp.o section .text
                                        used in Debug\scheduler.o
_t2_millis                   00000000   defined in Debug\delay.o section .bsct, initialized
                                        used in Debug\stc1000p.o
_task_list                   00000044   defined in Debug\scheduler.o section .ubsct
_td                          00000008   defined in Debug\pid.o section .bsct, initialized
                                        used in Debug\stc1000p_lib.o
_temp_ntc1                   000000b0   defined in Debug\stc1000p.o section .ubsct
                                        used in Debug\stc1000p_lib.o
_temp_ntc2                   000000ae   defined in Debug\stc1000p.o section .ubsct
                                        used in Debug\stc1000p_lib.o
_temperature_control         0000a0be   defined in Debug\stc1000p_lib.o section .text
                                        used in Debug\stc1000p.o
_ti                          00000006   defined in Debug\pid.o section .bsct, initialized
                                        used in Debug\stc1000p_lib.o
_tmr2_val                    000083d0   defined in Debug\delay.o section .text
_ts                          0000000a   defined in Debug\pid.o section .bsct, initialized
                                        used in Debug\stc1000p.o
                                                Debug\stc1000p_lib.o
_tx_address                  00000015   defined in Debug\stc1000p.o section .bsct, initialized
_update_profile              0000982d   defined in Debug\stc1000p_lib.o section .text
                                        used in Debug\stc1000p.o
_value_to_led                0000977e   defined in Debug\stc1000p_lib.o section .text
                                        used in Debug\stc1000p.o
_yk_1                        00000036   defined in Debug\pid.o section .ubsct
_yk_2                        00000034   defined in Debug\pid.o section .ubsct
c_cmulx                      0000a2a3   defined in (C:\Program Files (x86)\COSMIC\FSE_Compilers\CXSTM8\Lib\libm0.sm8)cmulx.o section .text
                                        used in Debug\pid.o
c_divsl                      0000a3f2   defined in (C:\Program Files (x86)\COSMIC\FSE_Compilers\CXSTM8\Lib\libm0.sm8)ldiv.o section .text
                                        *** not used ***
c_divul                      0000a409   defined in (C:\Program Files (x86)\COSMIC\FSE_Compilers\CXSTM8\Lib\libm0.sm8)ldiv.o section .text
                                        used in (C:\Program Files (x86)\COSMIC\FSE_Compilers\CXSTM8\Lib\libm0.sm8)ludiv.o
c_itolx                      0000a2b7   defined in (C:\Program Files (x86)\COSMIC\FSE_Compilers\CXSTM8\Lib\libm0.sm8)itolx.o section .text
                                        used in Debug\adc.o Debug\pid.o
                                                Debug\stc1000p_lib.o
c_lcmp                       0000a2c5   defined in (C:\Program Files (x86)\COSMIC\FSE_Compilers\CXSTM8\Lib\libm0.sm8)lcmp.o section .text
                                        used in Debug\delay.o
c_lgadc                      0000a2e5   defined in (C:\Program Files (x86)\COSMIC\FSE_Compilers\CXSTM8\Lib\libm0.sm8)lgadc.o section .text
                                        used in Debug\delay.o Debug\stc1000p.o
c_lgadd                      0000a2f5   defined in (C:\Program Files (x86)\COSMIC\FSE_Compilers\CXSTM8\Lib\libm0.sm8)lgadd.o section .text
                                        used in Debug\adc.o Debug\pid.o
                                                Debug\stc1000p_lib.o
c_lgneg                      0000a4dd   defined in (C:\Program Files (x86)\COSMIC\FSE_Compilers\CXSTM8\Lib\libm0.sm8)lgneg.o section .text
                                        used in (C:\Program Files (x86)\COSMIC\FSE_Compilers\CXSTM8\Lib\libm0.sm8)ldiv.o
c_lgrsh                      0000a30c   defined in (C:\Program Files (x86)\COSMIC\FSE_Compilers\CXSTM8\Lib\libm0.sm8)lgrsh.o section .text
                                        used in Debug\stc1000p_lib.o
c_lmul                       0000a31a   defined in (C:\Program Files (x86)\COSMIC\FSE_Compilers\CXSTM8\Lib\libm0.sm8)lmul.o section .text
                                        used in Debug\pid.o
c_lmulc                      0000a322   defined in (C:\Program Files (x86)\COSMIC\FSE_Compilers\CXSTM8\Lib\libm0.sm8)lmul.o section .text
                                        *** not used ***
c_lneg                       0000a4f0   defined in (C:\Program Files (x86)\COSMIC\FSE_Compilers\CXSTM8\Lib\libm0.sm8)lneg.o section .text
                                        used in (C:\Program Files (x86)\COSMIC\FSE_Compilers\CXSTM8\Lib\libm0.sm8)ldiv.o
c_lreg                       000000c0   defined in (C:\Program Files (x86)\COSMIC\FSE_Compilers\CXSTM8\Lib\libm0.sm8)lreg.o section .ubsct
                                        used in Debug\adc.o Debug\delay.o
                                                Debug\pid.o
                                                (C:\Program Files (x86)\COSMIC\FSE_Compilers\CXSTM8\Lib\libm0.sm8)cmulx.o
                                                (C:\Program Files (x86)\COSMIC\FSE_Compilers\CXSTM8\Lib\libm0.sm8)itolx.o
                                                (C:\Program Files (x86)\COSMIC\FSE_Compilers\CXSTM8\Lib\libm0.sm8)lcmp.o
                                                (C:\Program Files (x86)\COSMIC\FSE_Compilers\CXSTM8\Lib\libm0.sm8)lgadd.o
                                                (C:\Program Files (x86)\COSMIC\FSE_Compilers\CXSTM8\Lib\libm0.sm8)lmul.o
                                                (C:\Program Files (x86)\COSMIC\FSE_Compilers\CXSTM8\Lib\libm0.sm8)lrsh.o
                                                (C:\Program Files (x86)\COSMIC\FSE_Compilers\CXSTM8\Lib\libm0.sm8)lsub.o
                                                (C:\Program Files (x86)\COSMIC\FSE_Compilers\CXSTM8\Lib\libm0.sm8)ltor.o
                                                (C:\Program Files (x86)\COSMIC\FSE_Compilers\CXSTM8\Lib\libm0.sm8)ldiv.o
                                                (C:\Program Files (x86)\COSMIC\FSE_Compilers\CXSTM8\Lib\libm0.sm8)lneg.o
                                                (C:\Program Files (x86)\COSMIC\FSE_Compilers\CXSTM8\Lib\libm0.sm8)rtol.o
                                                (C:\Program Files (x86)\COSMIC\FSE_Compilers\CXSTM8\Lib\libm0.sm8)utolx.o
                                                (C:\Program Files (x86)\COSMIC\FSE_Compilers\CXSTM8\Lib\libm0.sm8)umul.o
c_lrsh                       0000a3a5   defined in (C:\Program Files (x86)\COSMIC\FSE_Compilers\CXSTM8\Lib\libm0.sm8)lrsh.o section .text
                                        used in Debug\adc.o
c_lsub                       0000a3b4   defined in (C:\Program Files (x86)\COSMIC\FSE_Compilers\CXSTM8\Lib\libm0.sm8)lsub.o section .text
                                        used in Debug\delay.o
c_ltor                       0000a3cc   defined in (C:\Program Files (x86)\COSMIC\FSE_Compilers\CXSTM8\Lib\libm0.sm8)ltor.o section .text
                                        used in Debug\adc.o Debug\delay.o
c_ludv                       0000a3de   defined in (C:\Program Files (x86)\COSMIC\FSE_Compilers\CXSTM8\Lib\libm0.sm8)ludiv.o section .text
                                        used in Debug\pid.o
c_rtol                       0000a505   defined in (C:\Program Files (x86)\COSMIC\FSE_Compilers\CXSTM8\Lib\libm0.sm8)rtol.o section .text
                                        used in Debug\delay.o Debug\pid.o
c_uitolx                     0000a517   defined in (C:\Program Files (x86)\COSMIC\FSE_Compilers\CXSTM8\Lib\libm0.sm8)utolx.o section .text
                                        used in Debug\delay.o Debug\pid.o
c_umul                       0000a51e   defined in (C:\Program Files (x86)\COSMIC\FSE_Compilers\CXSTM8\Lib\libm0.sm8)umul.o section .text
                                        used in Debug\pid.o
c_x                          000000c4   defined in (C:\Program Files (x86)\COSMIC\FSE_Compilers\CXSTM8\Lib\libm0.sm8)xreg.o section .ubsct
                                        used in C:\Program Files (x86)\COSMIC\FSE_Compilers\CXSTM8\Lib\crtsi0.sm8
                                                Debug\stc1000p.o
                                                Debug\stc1000p_lib.o
                                                (C:\Program Files (x86)\COSMIC\FSE_Compilers\CXSTM8\Lib\libm0.sm8)lmul.o
                                                (C:\Program Files (x86)\COSMIC\FSE_Compilers\CXSTM8\Lib\libm0.sm8)ldiv.o
                                                (C:\Program Files (x86)\COSMIC\FSE_Compilers\CXSTM8\Lib\libm0.sm8)umul.o
c_y                          000000c7   defined in (C:\Program Files (x86)\COSMIC\FSE_Compilers\CXSTM8\Lib\libm0.sm8)yreg.o section .ubsct
                                        used in C:\Program Files (x86)\COSMIC\FSE_Compilers\CXSTM8\Lib\crtsi0.sm8
                                                Debug\stc1000p.o
                                                (C:\Program Files (x86)\COSMIC\FSE_Compilers\CXSTM8\Lib\libm0.sm8)umul.o
f_NonHandledInterrup5        0000a55b   defined in Debug\stm8_interrupt_vector.o section .text
f_NonHandledInterrupt        0000a55a   defined in Debug\stm8_interrupt_vector.o section .text
