
Map of Debug\stc1000p_steroids.sm8 from link file Debug\stc1000p_steroids.lkf - Sun Jan 06 09:35:51 2019


                               --------
                               Segments
                               --------

start 00008080 end 000082bd length   573 segment .const
start 00008302 end 0000b762 length 13408 segment .text
start 00004000 end 00004110 length   272 segment .eeprom
start 00000000 end 00000036 length    54 segment .bsct, initialized
start 000082ca end 00008300 length    54 segment .bsct, from
start 00000036 end 000000a3 length   109 segment .ubsct
start 0000a3:0 end 0000a4:3 length    11 segment .bit, initialized
start 00008300 end 00008302 length     2 segment .bit, from
start 000000a5 end 000000a5 length     0 segment .share
start 00000100 end 00000100 length     0 segment .data
start 00000100 end 0000016c length   108 segment .bss
start 00000000 end 0000101d length  4125 segment .info.
start 00000000 end 0001b203 length 111107 segment .debug
start 00008000 end 00008080 length   128 segment .const
start 000082bd end 000082ca length    13 segment .init


                               -------
                               Modules
                               -------

C:\Program Files (x86)\COSMIC\FSE_Compilers\CXSTM8\Lib\crtsi0.sm8:
start 00008302 end 00008352 length    80 section .text
start 00000100 end 00000100 length     0 section .bss
start 00000036 end 00000036 length     0 section .ubsct
start 00000000 end 0000002f length    47 section .info.

Debug\adc.o:
start 00008352 end 0000847a length   296 section .text
start 00000000 end 00001d56 length  7510 section .debug
start 0000002f end 00000097 length   104 section .info.
start 00008080 end 00008100 length   128 section .const

Debug\comms.o:
start 0000847a end 00008669 length   495 section .text
start 00000000 end 00000001 length     1 section .bsct
start 00000036 end 00000040 length    10 section .ubsct
start 00001d56 end 00003ba0 length  7754 section .debug
start 00000097 end 00000101 length   106 section .info.
start 00008100 end 00008161 length    97 section .const
start 0000a3:0 end 0000a3:1 length     1 section .bit

Debug\delay.o:
start 00008669 end 00008746 length   221 section .text
start 00000001 end 00000005 length     4 section .bsct
start 00003ba0 end 00005916 length  7542 section .debug
start 00000101 end 0000016b length   106 section .info.

Debug\eep.o:
start 00008746 end 000087b7 length   113 section .text
start 00005916 end 000075af length  7321 section .debug
start 0000016b end 000001d3 length   104 section .info.

Debug\fo433.o:
start 000087b7 end 0000890a length   339 section .text
start 00000005 end 0000000b length     6 section .bsct
start 00000040 end 00000046 length     6 section .ubsct
start 000075af end 00009365 length  7606 section .debug
start 000001d3 end 0000023d length   106 section .info.

Debug\i2c.o:
start 0000890a end 00008b2f length   549 section .text
start 00009365 end 0000b4c6 length  8545 section .debug
start 0000023d end 000002a5 length   104 section .info.

Debug\nrf24.o:
start 00008b2f end 00008da1 length   626 section .text
start 00000046 end 00000047 length     1 section .ubsct
start 0000b4c6 end 0000d8ff length  9273 section .debug
start 000002a5 end 0000030f length   106 section .info.

Debug\nrf24_stm8_specific.o:
start 00008da1 end 00008dd7 length    54 section .text
start 0000d8ff end 0000f5a1 length  7330 section .debug
start 0000030f end 00000387 length   120 section .info.

Debug\one_wire.o:
start 00008dd7 end 00009325 length  1358 section .text
start 00000100 end 00000108 length     8 section .bss
start 00000047 end 0000004b length     4 section .ubsct
start 0000f5a1 end 00011cca length 10025 section .debug
start 00000387 end 000003f4 length   109 section .info.
start 0000a3:1 end 0000a3:2 length     1 section .bit

Debug\pid.o:
start 00009325 end 00009429 length   260 section .text
start 0000000b end 00000012 length     7 section .bsct
start 0000004b end 0000005b length    16 section .ubsct
start 00011cca end 00011f63 length   665 section .debug
start 000003f4 end 0000045c length   104 section .info.

Debug\scheduler.o:
start 00009429 end 000097bf length   918 section .text
start 00000108 end 0000016c length   100 section .bss
start 00000012 end 00000013 length     1 section .bsct
start 00011f63 end 000125c9 length  1638 section .debug
start 0000045c end 000004ca length   110 section .info.
start 00008161 end 00008195 length    52 section .const

Debug\spi.o:
start 000097bf end 0000982c length   109 section .text
start 0000005b end 0000005c length     1 section .ubsct
start 000125c9 end 00014275 length  7340 section .debug
start 000004ca end 00000532 length   104 section .info.

Debug\stc1000p.o:
start 0000982c end 00009ebc length  1680 section .text
start 00000013 end 00000024 length    17 section .bsct
start 0000005c end 00000062 length     6 section .ubsct
start 00014275 end 00016497 length  8738 section .debug
start 00000532 end 0000059f length   109 section .info.
start 0000a3:2 end 0000a3:6 length     4 section .bit
start 00008195 end 000081e7 length    82 section .const

Debug\stc1000p_lib.o:
start 00009ebc end 0000aa8d length  3025 section .text
start 00000024 end 00000034 length    16 section .bsct
start 00000062 end 00000071 length    15 section .ubsct
start 00016497 end 00018dc1 length 10538 section .debug
start 0000059f end 00000610 length   113 section .info.
start 000081e7 end 0000825f length   120 section .const
start 00004000 end 00004110 length   272 section .eeprom
start 0000a3:6 end 0000a4:2 length     4 section .bit

Debug\uart.o:
start 0000aa8d end 0000acc8 length   571 section .text
start 00000034 end 00000036 length     2 section .bsct
start 00000071 end 00000099 length    40 section .ubsct
start 00018dc1 end 0001b098 length  8919 section .debug
start 00000610 end 00000679 length   105 section .info.
start 0000a4:2 end 0000a4:3 length     1 section .bit

(C:\Program Files (x86)\COSMIC\FSE_Compilers\CXSTM8\Lib\libis0.sm8)atoi.o:
start 0000acc8 end 0000ad24 length    92 section .text
start 00000679 end 000006eb length   114 section .info.

(C:\Program Files (x86)\COSMIC\FSE_Compilers\CXSTM8\Lib\libis0.sm8)isalph0.o:
start 0000ad24 end 0000ad36 length    18 section .text
start 000006eb end 00000719 length    46 section .info.

(C:\Program Files (x86)\COSMIC\FSE_Compilers\CXSTM8\Lib\libis0.sm8)isspac0.o:
start 0000ad36 end 0000ad46 length    16 section .text
start 00000719 end 00000747 length    46 section .info.

(C:\Program Files (x86)\COSMIC\FSE_Compilers\CXSTM8\Lib\libis0.sm8)sprnt.o:
start 0000ad46 end 0000ad5a length    20 section .text
start 00000747 end 000007ba length   115 section .info.

(C:\Program Files (x86)\COSMIC\FSE_Compilers\CXSTM8\Lib\libis0.sm8)cprint.o:
start 0000ad5a end 0000b286 length  1324 section .text
start 000007ba end 0000082e length   116 section .info.
start 0000825f end 00008298 length    57 section .const

(C:\Program Files (x86)\COSMIC\FSE_Compilers\CXSTM8\Lib\libis0.sm8)itob.o:
start 0000b286 end 0000b396 length   272 section .text
start 0000082e end 000008a0 length   114 section .info.
start 00008298 end 000082bd length    37 section .const

(C:\Program Files (x86)\COSMIC\FSE_Compilers\CXSTM8\Lib\libis0.sm8)idiv0.o:
start 0000b396 end 0000b3a1 length    11 section .text
start 000008a0 end 000008cc length    44 section .info.

(C:\Program Files (x86)\COSMIC\FSE_Compilers\CXSTM8\Lib\libis0.sm8)ildiv0.o:
start 0000b3a1 end 0000b3bc length    27 section .text
start 000008cc end 000008f9 length    45 section .info.

(C:\Program Files (x86)\COSMIC\FSE_Compilers\CXSTM8\Lib\libis0.sm8)putchr.o:
start 0000b3bc end 0000b3bf length     3 section .text
start 000008f9 end 0000096d length   116 section .info.

(C:\Program Files (x86)\COSMIC\FSE_Compilers\CXSTM8\Lib\libis0.sm8)strcmp0.o:
start 0000b3bf end 0000b3d2 length    19 section .text
start 0000096d end 0000099b length    46 section .info.

(C:\Program Files (x86)\COSMIC\FSE_Compilers\CXSTM8\Lib\libis0.sm8)strlen0.o:
start 0000b3d2 end 0000b3de length    12 section .text
start 0000099b end 000009c9 length    46 section .info.

(C:\Program Files (x86)\COSMIC\FSE_Compilers\CXSTM8\Lib\libis0.sm8)strncm.o:
start 0000b3de end 0000b414 length    54 section .text
start 000009c9 end 00000a3d length   116 section .info.

(C:\Program Files (x86)\COSMIC\FSE_Compilers\CXSTM8\Lib\libis0.sm8)strncp.o:
start 0000b414 end 0000b43a length    38 section .text
start 00000a3d end 00000ab1 length   116 section .info.

(C:\Program Files (x86)\COSMIC\FSE_Compilers\CXSTM8\Lib\libis0.sm8)tolow0.o:
start 0000b43a end 0000b445 length    11 section .text
start 00000ab1 end 00000ade length    45 section .info.

(C:\Program Files (x86)\COSMIC\FSE_Compilers\CXSTM8\Lib\libis0.sm8)toup0.o:
start 0000b445 end 0000b450 length    11 section .text
start 00000ade end 00000b0a length    44 section .info.

(C:\Program Files (x86)\COSMIC\FSE_Compilers\CXSTM8\Lib\libm0.sm8)cmulx.o:
start 0000b450 end 0000b464 length    20 section .text
start 00000b0a end 00000b39 length    47 section .info.

(C:\Program Files (x86)\COSMIC\FSE_Compilers\CXSTM8\Lib\libm0.sm8)ldiv.o:
start 0000b464 end 0000b54f length   235 section .text
start 00000b39 end 00000b67 length    46 section .info.

(C:\Program Files (x86)\COSMIC\FSE_Compilers\CXSTM8\Lib\libm0.sm8)imul.o:
start 0000b54f end 0000b570 length    33 section .text
start 00000b67 end 00000b95 length    46 section .info.

(C:\Program Files (x86)\COSMIC\FSE_Compilers\CXSTM8\Lib\libm0.sm8)itolx.o:
start 0000b570 end 0000b57e length    14 section .text
start 00000b95 end 00000bc4 length    47 section .info.

(C:\Program Files (x86)\COSMIC\FSE_Compilers\CXSTM8\Lib\libm0.sm8)lcmp.o:
start 0000b57e end 0000b59e length    32 section .text
start 00000bc4 end 00000bf2 length    46 section .info.

(C:\Program Files (x86)\COSMIC\FSE_Compilers\CXSTM8\Lib\libm0.sm8)lgadc.o:
start 0000b59e end 0000b5ae length    16 section .text
start 00000bf2 end 00000c21 length    47 section .info.

(C:\Program Files (x86)\COSMIC\FSE_Compilers\CXSTM8\Lib\libm0.sm8)lgadd.o:
start 0000b5ae end 0000b5c5 length    23 section .text
start 00000c21 end 00000c50 length    47 section .info.

(C:\Program Files (x86)\COSMIC\FSE_Compilers\CXSTM8\Lib\libm0.sm8)lgneg.o:
start 0000b5c5 end 0000b5d8 length    19 section .text
start 00000c50 end 00000c7f length    47 section .info.

(C:\Program Files (x86)\COSMIC\FSE_Compilers\CXSTM8\Lib\libm0.sm8)lgrsh.o:
start 0000b5d8 end 0000b5e6 length    14 section .text
start 00000c7f end 00000cae length    47 section .info.

(C:\Program Files (x86)\COSMIC\FSE_Compilers\CXSTM8\Lib\libm0.sm8)lgsub.o:
start 0000b5e6 end 0000b5fd length    23 section .text
start 00000cae end 00000cdd length    47 section .info.

(C:\Program Files (x86)\COSMIC\FSE_Compilers\CXSTM8\Lib\libm0.sm8)lmul.o:
start 0000b5fd end 0000b688 length   139 section .text
start 00000cdd end 00000d0b length    46 section .info.

(C:\Program Files (x86)\COSMIC\FSE_Compilers\CXSTM8\Lib\libm0.sm8)lneg.o:
start 0000b688 end 0000b69d length    21 section .text
start 00000d0b end 00000d39 length    46 section .info.

(C:\Program Files (x86)\COSMIC\FSE_Compilers\CXSTM8\Lib\libm0.sm8)lreg.o:
start 00000099 end 0000009d length     4 section .ubsct
start 00000d39 end 00000d67 length    46 section .info.

(C:\Program Files (x86)\COSMIC\FSE_Compilers\CXSTM8\Lib\libm0.sm8)lrsh.o:
start 0000b69d end 0000b6ac length    15 section .text
start 00000d67 end 00000d95 length    46 section .info.

(C:\Program Files (x86)\COSMIC\FSE_Compilers\CXSTM8\Lib\libm0.sm8)lsub.o:
start 0000b6ac end 0000b6c4 length    24 section .text
start 00000d95 end 00000dc3 length    46 section .info.

(C:\Program Files (x86)\COSMIC\FSE_Compilers\CXSTM8\Lib\libm0.sm8)ltor.o:
start 0000b6c4 end 0000b6d6 length    18 section .text
start 00000dc3 end 00000df1 length    46 section .info.

(C:\Program Files (x86)\COSMIC\FSE_Compilers\CXSTM8\Lib\libm0.sm8)ludiv.o:
start 0000b6d6 end 0000b6ea length    20 section .text
start 00000df1 end 00000e20 length    47 section .info.

(C:\Program Files (x86)\COSMIC\FSE_Compilers\CXSTM8\Lib\libm0.sm8)lzmp.o:
start 0000b6ea end 0000b6fd length    19 section .text
start 00000e20 end 00000e4e length    46 section .info.

(C:\Program Files (x86)\COSMIC\FSE_Compilers\CXSTM8\Lib\libm0.sm8)rtol.o:
start 0000b6fd end 0000b70f length    18 section .text
start 00000e4e end 00000e7c length    46 section .info.

(C:\Program Files (x86)\COSMIC\FSE_Compilers\CXSTM8\Lib\libm0.sm8)utolx.o:
start 0000b70f end 0000b716 length     7 section .text
start 00000e7c end 00000eab length    47 section .info.

(C:\Program Files (x86)\COSMIC\FSE_Compilers\CXSTM8\Lib\libm0.sm8)umul.o:
start 0000b716 end 0000b752 length    60 section .text
start 00000eab end 00000ed9 length    46 section .info.

(C:\Program Files (x86)\COSMIC\FSE_Compilers\CXSTM8\Lib\libm0.sm8)xreg.o:
start 0000009d end 000000a0 length     3 section .ubsct
start 00000ed9 end 00000f07 length    46 section .info.

(C:\Program Files (x86)\COSMIC\FSE_Compilers\CXSTM8\Lib\libm0.sm8)xymvx.o:
start 0000b752 end 0000b761 length    15 section .text
start 00000f07 end 00000f36 length    47 section .info.

(C:\Program Files (x86)\COSMIC\FSE_Compilers\CXSTM8\Lib\libm0.sm8)yreg.o:
start 000000a0 end 000000a3 length     3 section .ubsct
start 00000f36 end 00000f64 length    46 section .info.

Debug\stm8_interrupt_vector.o:
start 0000b761 end 0000b762 length     1 section .text
start 0001b098 end 0001b203 length   363 section .debug
start 00000f64 end 00000fde length   122 section .info.
start 00008000 end 00008080 length   128 section .const


                             -----------
                             Stack usage
                             -----------

Debug\adc.o:
_ad_to_temp                     15   (13)
_read_adc                        9   (9)

Debug\comms.o:
_execute_single_command        179   (36)
_i2c_scan                      143   (55)
_print_value10                 116   (28)
_print_version_number           69   (29)
_rs232_command_handler         182   (3)

Debug\delay.o:
_delay_msec                     25   (17)
_delay_usec                     14   (8)
_millis                          8   (6)
_tmr2_val                        6   (6)

Debug\eep.o:
_eeprom_read_config              6   (6)
_eeprom_write_config            13   (7)

Debug\fo433.o:
_fo433_crc8                      6   (6)
_fo433_fsm                      14   (8)
_fo433_isr                       2   (2)

Debug\i2c.o:
_I2C_IRQHandler             >    5   (5)
_ds2482_detect                  25   (3)
_ds2482_reset                   17   (5)
_ds2482_search_triplet          24   (7)
_ds2482_write_config            22   (5)
_i2c_delay                       3   (3)
_i2c_init                        2   (2)
_i2c_read1                       7   (2)
_i2c_read_arr               >   13   (6)
_i2c_rep_start                   7   (4)
_i2c_start                      12   (3)
_i2c_stop                        5   (2)
_i2c_write                       5   (2)
_recv_ack_bit                    9   (6)

Debug\nrf24.o:
_nrf24_config               >   28   (2)
_nrf24_configRegister           24   (4)
_nrf24_dataReady            >   40   (3)
_nrf24_getData              >   32   (4)
_nrf24_getStatus                23   (3)
_nrf24_isSending                26   (3)
_nrf24_lastMessageStatus        26   (3)
_nrf24_payloadLength        >   23   (3)
_nrf24_payload_length       >    2   (2)
_nrf24_powerDown                26   (2)
_nrf24_powerUpRx                26   (2)
_nrf24_powerUpTx                26   (2)
_nrf24_readRegister             34   (6)
_nrf24_retransmissionCount      37   (3)
_nrf24_rxFifoEmpty              37   (3)
_nrf24_rx_address           >   36   (4)
_nrf24_send                     30   (4)
_nrf24_transferSync             28   (8)
_nrf24_transmitSync             26   (6)
_nrf24_tx_address           >   36   (4)
_nrf24_writeRegister            32   (6)

Debug\nrf24_stm8_specific.o:
_nrf24_ce                        2   (2)
_nrf24_csn                       2   (2)
_nrf24_init                 >    4   (2)
_spi_transfer                   20   (2)

Debug\one_wire.o:
_OW_block                   >   34   (7)
_OW_family_skip_setup       >    2   (2)
_OW_first                   >   37   (2)
_OW_next                    >   37   (2)
_OW_read_bit                >   25   (2)
_OW_read_byte                   23   (6)
_OW_reset                       22   (5)
_OW_search                      35   (11)
_OW_target_setup            >    3   (3)
_OW_touch_bit                   23   (6)
_OW_touch_byte                  27   (4)
_OW_verify                  >   52   (17)
_OW_write_bit               >   27   (4)
_OW_write_byte                  23   (6)
_calc_crc8                       3   (3)
_ds18b20_read                   41   (18)
_ds18b20_start_conversion       27   (4)

Debug\pid.o:
_init_pid                       29   (15)
_pid_ctrl                       18   (12)

Debug\scheduler.o:
_add_task                       25   (15)
_disable_task               >   10   (6)
_dispatch_tasks                 64   (11) *** pointer() ***
_enable_task                >   10   (6)
_list_all_tasks                141   (53)
_scheduler_init                  2   (2)
_scheduler_isr                   3   (3)
_set_task_time_period       >   12   (8)

Debug\spi.o:
_SPI_Handler                >    5   (5)
_spi_init                        2   (2)
_spi_read                       18   (4)
_spi_write                      17   (3)

Debug\stc1000p.o:
_TIM2_UPD_OVF_IRQHandler    >   14   (11)
_adc_task                       22   (7)
_ctrl_task                      53   (10)
_initialise_system_clock         2   (2)
_main                       >  218   (36)
_multiplexer                     2   (2)
_one_wire_task                  43   (2)
_pid_to_time                     4   (4)
_prfl_task                      32   (2)
_setup_gpio_ports                2   (2)
_setup_timer2                    2   (2)
_spi_task                   >   48   (11)
_std_task                       24   (2)

Debug\stc1000p_lib.o:
_check_config_value             18   (10)
_divu10                         12   (12)
_enable_cooling                  2   (2)
_enable_heating                  2   (2)
_init_temp_delays                8   (2)
_menu_fsm                       22   (4)
_min_to_sec                     10   (4)
_pid_control                    33   (4)
_prx_to_led                      4   (4)
_range                           8   (8)
_read_buttons                    5   (3)
_restore_display_state           2   (2)
_save_display_state              2   (2)
_temperature_control            14   (4)
_update_profile                 30   (17)
_value_to_led                   18   (6)

Debug\stm8_interrupt_vector.o:
f_NonHandledInterrupt       >    6   (6)

Debug\uart.o:
_UART_RX_IRQHandler         >   16   (16)
_UART_TX_IRQHandler         >   15   (15)
_uart_init                      14   (10)
_uart_kbhit                      5   (5)
_uart_read                       9   (9)
_uart_write                     36   (11)
_xputs                          40   (4)

C:\Program Files (x86:
_atoi                           11   (8)
L11__cvtup                       8   (6)
L31__putbuf                     12   (9)
L7__gnum                        19   (16)
__print                         74   (51)
__udiv                           4   (4)
__uldiv                          6   (6)
_isalpha                         2   (2)
_isspace                         2   (2)
__itob                          19   (15)
__ltob                          23   (17)
_putchar                         3   (3)
_sprintf                        88   (14)
_strcmp                          4   (4)
_strlen                          2   (2)
_strncmp                         8   (8)
_strncpy                        10   (10)
_tolower                         2   (2)
_toupper                         2   (2)

Stack size: 234


                              ---------
                              Call tree
                              ---------
   1 > _I2C_IRQHandler: (5)

   2 > _OW_block: (7)
   3      + _OW_touch_byte: (4)
   4      |    + _OW_read_byte: (6)
   5      |    |    + _ds2482_reset: (5)
   6      |    |    |    + _i2c_read1: (2)
   7      |    |    |    |    + _i2c_stop: (2)
   8      |    |    |    |    |    + _i2c_delay: (3)
          |    |    |    |    | 
          |    |    |    | 
   9      |    |    |    + _i2c_rep_start: (4)
  10      |    |    |    |    + _i2c_delay --> 8
          |    |    |    | 
  11      |    |    |    + _i2c_start: (3)
  12      |    |    |    |    + _i2c_delay --> 8
  13      |    |    |    |    + _recv_ack_bit: (6)
  14      |    |    |    |    |    + _i2c_delay --> 8
          |    |    |    |    | 
          |    |    |    | 
  15      |    |    |    + _i2c_write: (2)
  16      |    |    |    |    + _i2c_delay --> 8
          |    |    |    | 
          |    |    | 
  17      |    |    + _i2c_read1 --> 6
  18      |    |    + _i2c_rep_start --> 9
  19      |    |    + _i2c_start --> 11
  20      |    |    + _i2c_write --> 15
          |    | 
  21      |    + _OW_write_byte: (6)
  22      |    |    + _ds2482_reset --> 5
  23      |    |    + _i2c_read1 --> 6
  24      |    |    + _i2c_rep_start --> 9
  25      |    |    + _i2c_start --> 11
  26      |    |    + _i2c_write --> 15
          |    | 
          | 
       
  27 > _OW_family_skip_setup: (2)

  28 > _OW_first: (2)
  29      + _OW_search: (11)
  30      |    + _OW_reset: (5)
  31      |    |    + _ds2482_reset --> 5
  32      |    |    + _i2c_read1 --> 6
  33      |    |    + _i2c_rep_start --> 9
  34      |    |    + _i2c_start --> 11
  35      |    |    + _i2c_write --> 15
          |    | 
  36      |    + _OW_write_byte --> 21
  37      |    + _calc_crc8: (3)
  38      |    + _ds2482_search_triplet: (7)
  39      |    |    + _ds2482_reset --> 5
  40      |    |    + _i2c_read1 --> 6
  41      |    |    + _i2c_rep_start --> 9
  42      |    |    + _i2c_start --> 11
  43      |    |    + _i2c_write --> 15
          |    | 
          | 
       
  44 > _OW_next: (2)
  45      + _OW_search --> 29
       
  46 > _OW_read_bit: (2)
  47      + _OW_touch_bit: (6)
  48      |    + _ds2482_reset --> 5
  49      |    + _i2c_read1 --> 6
  50      |    + _i2c_rep_start --> 9
  51      |    + _i2c_start --> 11
  52      |    + _i2c_stop --> 7
  53      |    + _i2c_write --> 15
          | 
       
  54 > _OW_target_setup: (3)

  55 > _OW_verify: (17)
  56      + _OW_search --> 29
       
  57 > _OW_write_bit: (4)
  58      + _OW_touch_bit --> 47
       
  59 > _SPI_Handler: (5)

  60 > _TIM2_UPD_OVF_IRQHandler: (11)
  61      + _fo433_isr: (2)
  62      + _multiplexer: (2)
  63      + _scheduler_isr: (3)
       
  64 > _UART_RX_IRQHandler: (16)

  65 > _UART_TX_IRQHandler: (15)

  66 > __stext: (0)

  67 > _disable_task: (6)
  68      + _strcmp: (4)
       
  69 > _enable_task: (6)
  70      + _strcmp --> 68
       
  71 > _i2c_read_arr: (6)
  72      + _i2c_read1 --> 6
       
  73 > _main: (36)
  74      + _add_task: (15)
  75      |    + _strncpy: (10)
          | 
  76      + _dispatch_tasks: (11)
  77      |    + (_adc_task) ...
  78      |    + (_ctrl_task) ...
  79      |    + _millis: (6)
  80      |    + (_prfl_task) ...
  81      |    + (_std_task) ...
          | 
  82      + _ds2482_detect: (3)
  83      |    + _ds2482_reset --> 5
  84      |    + _ds2482_write_config: (5)
  85      |    |    + _ds2482_reset --> 5
  86      |    |    + _i2c_read1 --> 6
  87      |    |    + _i2c_rep_start --> 9
  88      |    |    + _i2c_start --> 11
  89      |    |    + _i2c_write --> 15
          |    | 
          | 
  90      + _eeprom_read_config: (6)
  91      + _i2c_init: (2)
  92      + _initialise_system_clock: (2)
  93      + _print_version_number: (29)
  94      |    + _xputs: (4)
  95      |    |    + _uart_write: (11)
  96      |    |    |    + _delay_msec: (17)
  97      |    |    |    |    + _millis --> 79
          |    |    |    | 
          |    |    | 
          |    | 
          | 
  98      + _rs232_command_handler: (3)
  99      |    + _execute_single_command: (36)
 100      |    |    + _atoi: (8)
 101      |    |    |    + _isspace: (2)
          |    |    | 
 102      |    |    + _eeprom_write_config: (7)
 103      |    |    |    + _eeprom_read_config --> 90
          |    |    | 
 104      |    |    + _i2c_scan: (55)
 105      |    |    |    + _i2c_start --> 11
 106      |    |    |    + _i2c_stop --> 7
 107      |    |    |    + _sprintf: (14)
 108      |    |    |    |    + __print: (51)
 109      |    |    |    |    |    + L11__cvtup: (6)
 110      |    |    |    |    |    |    + _toupper: (2)
          |    |    |    |    |    | 
 111      |    |    |    |    |    + L31__putbuf: (9)
 112      |    |    |    |    |    |    + _putchar: (3)
          |    |    |    |    |    | 
 113      |    |    |    |    |    + L7__gnum: (16)
 114      |    |    |    |    |    + __itob: (15)
 115      |    |    |    |    |    |    + __udiv: (4)
          |    |    |    |    |    | 
 116      |    |    |    |    |    + __ltob: (17)
 117      |    |    |    |    |    |    + __uldiv: (6)
          |    |    |    |    |    | 
 118      |    |    |    |    |    + _strlen: (2)
          |    |    |    |    | 
          |    |    |    | 
 119      |    |    |    + _xputs --> 94
          |    |    | 
 120      |    |    + _isalpha: (2)
 121      |    |    + _list_all_tasks: (53)
 122      |    |    |    + _sprintf --> 107
 123      |    |    |    + _xputs --> 94
          |    |    | 
 124      |    |    + _print_value10: (28)
 125      |    |    |    + _divu10: (12)
 126      |    |    |    + _sprintf --> 107
 127      |    |    |    + _xputs --> 94
          |    |    | 
 128      |    |    + _print_version_number --> 93
 129      |    |    + _sprintf --> 107
 130      |    |    + _strncmp: (8)
 131      |    |    + _xputs --> 94
          |    | 
 132      |    + _tolower: (2)
 133      |    + _uart_kbhit: (5)
 134      |    + _uart_read: (9)
 135      |    + _uart_write --> 95
          | 
 136      + _scheduler_init: (2)
 137      + _setup_gpio_ports: (2)
 138      + _setup_timer2: (2)
 139      + _sprintf --> 107
 140      + _uart_init: (10)
 141      + _xputs --> 94
       
 142 > _nrf24_config: (2)
 143      + _nrf24_configRegister: (4)
 144      |    + _nrf24_csn: (2)
 145      |    + _spi_transfer: (2)
 146      |    |    + _spi_read: (4)
 147      |    |    |    + _delay_usec: (8)
 148      |    |    |    |    + _tmr2_val: (6)
          |    |    |    | 
          |    |    | 
 149      |    |    + _spi_write: (3)
 150      |    |    |    + _delay_usec --> 147
          |    |    | 
          |    | 
          | 
 151      + _nrf24_powerUpRx: (2)
 152      |    + _nrf24_ce: (2)
 153      |    + _nrf24_configRegister --> 143
 154      |    + _nrf24_csn --> 144
 155      |    + _spi_transfer --> 145
          | 
       
 156 > _nrf24_dataReady: (3)
 157      + _nrf24_getStatus: (3)
 158      |    + _nrf24_csn --> 144
 159      |    + _spi_transfer --> 145
          | 
 160      + _nrf24_rxFifoEmpty: (3)
 161      |    + _nrf24_readRegister: (6)
 162      |    |    + _nrf24_csn --> 144
 163      |    |    + _nrf24_transferSync: (8)
 164      |    |    |    + _spi_transfer --> 145
          |    |    | 
 165      |    |    + _spi_transfer --> 145
          |    | 
          | 
       
 166 > _nrf24_getData: (4)
 167      + _nrf24_configRegister --> 143
 168      + _nrf24_csn --> 144
 169      + _nrf24_transferSync --> 163
 170      + _spi_transfer --> 145
       
 171 > _nrf24_init: (2)
 172      + _nrf24_ce --> 152
 173      + _nrf24_csn --> 144
 174      + _spi_init: (2)
       
 175 > _nrf24_payloadLength: (3)
 176      + _nrf24_csn --> 144
 177      + _spi_transfer --> 145
       
 178 > _nrf24_payload_length: (2)

 179 > _nrf24_rx_address: (4)
 180      + _nrf24_ce --> 152
 181      + _nrf24_writeRegister: (6)
 182      |    + _nrf24_csn --> 144
 183      |    + _nrf24_transmitSync: (6)
 184      |    |    + _spi_transfer --> 145
          |    | 
 185      |    + _spi_transfer --> 145
          | 
       
 186 > _nrf24_tx_address: (4)
 187      + _nrf24_writeRegister --> 181
       
 188 > _set_task_time_period: (8)
 189      + _strcmp --> 68
       
 190 > _spi_task: (11)
 191      + _delay_msec --> 96
 192      + _nrf24_isSending: (3)
 193      |    + _nrf24_getStatus --> 157
          | 
 194      + _nrf24_lastMessageStatus: (3)
 195      |    + _nrf24_getStatus --> 157
          | 
 196      + _nrf24_powerDown: (2)
 197      |    + _nrf24_ce --> 152
 198      |    + _nrf24_configRegister --> 143
          | 
 199      + _nrf24_retransmissionCount: (3)
 200      |    + _nrf24_readRegister --> 161
          | 
 201      + _nrf24_send: (4)
 202      |    + _nrf24_ce --> 152
 203      |    + _nrf24_csn --> 144
 204      |    + _nrf24_powerUpTx: (2)
 205      |    |    + _nrf24_configRegister --> 143
          |    | 
 206      |    + _nrf24_transmitSync --> 183
 207      |    + _spi_transfer --> 145
          | 
       
 208 > f_NonHandledInterrupt: (6)

 209   L11__cvtup --> 109

 210   L31__putbuf --> 111

 211   L7__gnum --> 113

 212   _OW_read_byte --> 4

 213   _OW_reset --> 30

 214   _OW_search --> 29

 215   _OW_touch_bit --> 47

 216   _OW_touch_byte --> 3

 217   _OW_write_byte --> 21

 218   __itob --> 114

 219   __ltob --> 116

 220   __print --> 108

 221   __udiv --> 115

 222   __uldiv --> 117

 223   _ad_to_temp: (13)

 224   _adc_task: (7)
 225      + _ad_to_temp --> 223
 226      + _eeprom_read_config --> 90
 227      + _read_adc: (9)
       
 228   _add_task --> 74

 229   _atoi --> 100

 230   _calc_crc8 --> 37

 231   _check_config_value: (10)
 232      + _range: (8)
       
 233   _ctrl_task: (10)
 234      + _eeprom_read_config --> 90
 235      + _fo433_fsm: (8)
 236      |    + _eeprom_read_config --> 90
 237      |    + _fo433_crc8: (6)
          | 
 238      + _one_wire_task: (2)
 239      |    + _ds18b20_read: (18)
 240      |    |    + _OW_read_byte --> 4
 241      |    |    + _OW_reset --> 30
 242      |    |    + _OW_write_byte --> 21
 243      |    |    + _calc_crc8 --> 37
          |    | 
 244      |    + _ds18b20_start_conversion: (4)
 245      |    |    + _OW_reset --> 30
 246      |    |    + _OW_write_byte --> 21
          |    | 
          | 
 247      + _pid_control: (4)
 248      |    + _eeprom_read_config --> 90
 249      |    + _enable_cooling: (2)
 250      |    + _enable_heating: (2)
 251      |    + _init_pid: (15)
 252      |    + _init_temp_delays: (2)
 253      |    |    + _eeprom_read_config --> 90
          |    | 
 254      |    + _min_to_sec: (4)
 255      |    |    + _eeprom_read_config --> 90
          |    | 
 256      |    + _pid_ctrl: (12)
          | 
 257      + _temperature_control: (4)
 258      |    + _enable_cooling --> 249
 259      |    + _enable_heating --> 250
 260      |    + _init_temp_delays --> 252
 261      |    + _min_to_sec --> 254
          | 
 262      + _value_to_led: (6)
 263      |    + _divu10 --> 125
          | 
       
 264   _delay_msec --> 96

 265   _delay_usec --> 147

 266   _dispatch_tasks --> 76

 267   _divu10 --> 125

 268   _ds18b20_read --> 239

 269   _ds18b20_start_conversion --> 244

 270   _ds2482_detect --> 82

 271   _ds2482_reset --> 5

 272   _ds2482_search_triplet --> 38

 273   _ds2482_write_config --> 84

 274   _eeprom_read_config --> 90

 275   _eeprom_write_config --> 102

 276   _enable_cooling --> 249

 277   _enable_heating --> 250

 278   _execute_single_command --> 99

 279   _fo433_crc8 --> 237

 280   _fo433_fsm --> 235

 281   _fo433_isr --> 61

 282   _i2c_delay --> 8

 283   _i2c_init --> 91

 284   _i2c_read1 --> 6

 285   _i2c_rep_start --> 9

 286   _i2c_scan --> 104

 287   _i2c_start --> 11

 288   _i2c_stop --> 7

 289   _i2c_write --> 15

 290   _init_pid --> 251

 291   _init_temp_delays --> 252

 292   _initialise_system_clock --> 92

 293   _isalpha --> 120

 294   _isspace --> 101

 295   _list_all_tasks --> 121

 296   _menu_fsm: (4)
 297      + _check_config_value --> 231
 298      + _eeprom_read_config --> 90
 299      + _eeprom_write_config --> 102
 300      + _prx_to_led: (4)
 301      + _value_to_led --> 262
       
 302   _millis --> 79

 303   _min_to_sec --> 254

 304   _multiplexer --> 62

 305   _nrf24_ce --> 152

 306   _nrf24_configRegister --> 143

 307   _nrf24_csn --> 144

 308   _nrf24_getStatus --> 157

 309   _nrf24_isSending --> 192

 310   _nrf24_lastMessageStatus --> 194

 311   _nrf24_powerDown --> 196

 312   _nrf24_powerUpRx --> 151

 313   _nrf24_powerUpTx --> 204

 314   _nrf24_readRegister --> 161

 315   _nrf24_retransmissionCount --> 199

 316   _nrf24_rxFifoEmpty --> 160

 317   _nrf24_send --> 201

 318   _nrf24_transferSync --> 163

 319   _nrf24_transmitSync --> 183

 320   _nrf24_writeRegister --> 181

 321   _one_wire_task --> 238

 322   _pid_control --> 247

 323   _pid_ctrl --> 256

 324   _pid_to_time: (4)

 325   _prfl_task: (2)
 326      + _update_profile: (17)
 327      |    + _eeprom_read_config --> 90
 328      |    + _eeprom_write_config --> 102
          | 
       
 329   _print_value10 --> 124

 330   _print_version_number --> 93

 331   _prx_to_led --> 300

 332   _putchar --> 112

 333   _range --> 232

 334   _read_adc --> 227

 335   _read_buttons: (3)
 336      + _restore_display_state: (2)
 337      + _save_display_state: (2)
       
 338   _recv_ack_bit --> 13

 339   _restore_display_state --> 336

 340   _rs232_command_handler --> 98

 341   _save_display_state --> 337

 342   _scheduler_init --> 136

 343   _scheduler_isr --> 63

 344   _setup_gpio_ports --> 137

 345   _setup_timer2 --> 138

 346   _spi_init --> 174

 347   _spi_read --> 146

 348   _spi_transfer --> 145

 349   _spi_write --> 149

 350   _sprintf --> 107

 351   _std_task: (2)
 352      + _menu_fsm --> 296
 353      + _pid_to_time --> 324
 354      + _read_buttons --> 335
       
 355   _strcmp --> 68

 356   _strlen --> 118

 357   _strncmp --> 130

 358   _strncpy --> 75

 359   _temperature_control --> 257

 360   _tmr2_val --> 148

 361   _tolower --> 132

 362   _toupper --> 110

 363   _uart_init --> 140

 364   _uart_kbhit --> 133

 365   _uart_read --> 134

 366   _uart_write --> 95

 367   _update_profile --> 326

 368   _value_to_led --> 262

 369   _xputs --> 94



                               -------
                               Symbols
                               -------

_ADC_AWCRH                   0000540e   defined in Debug\adc.o
_ADC_AWCRL                   0000540f   defined in Debug\adc.o
_ADC_AWSRH                   0000540c   defined in Debug\adc.o
_ADC_AWSRL                   0000540d   defined in Debug\adc.o
_ADC_CR1                     00005401   defined in Debug\adc.o
_ADC_CR2                     00005402   defined in Debug\adc.o
_ADC_CR3                     00005403   defined in Debug\adc.o
_ADC_CSR                     00005400   defined in Debug\adc.o
_ADC_DBR                     000053e0   defined in Debug\adc.o
_ADC_DRH                     00005404   defined in Debug\adc.o
_ADC_DRL                     00005405   defined in Debug\adc.o
_ADC_HTRH                    00005408   defined in Debug\adc.o
_ADC_HTRL                    00005409   defined in Debug\adc.o
_ADC_LTRH                    0000540a   defined in Debug\adc.o
_ADC_LTRL                    0000540b   defined in Debug\adc.o
_ADC_TDRH                    00005406   defined in Debug\adc.o
_ADC_TDRL                    00005407   defined in Debug\adc.o
_AWU_APR                     000050f1   defined in Debug\adc.o
_AWU_CSR1                    000050f0   defined in Debug\adc.o
_AWU_TBR                     000050f2   defined in Debug\adc.o
_BEEP_CSR                    000050f3   defined in Debug\adc.o
_CFG_GCR                     00007f60   defined in Debug\adc.o
_CLK_CANCCR                  000050cb   defined in Debug\adc.o
_CLK_CCOR                    000050c9   defined in Debug\adc.o
_CLK_CKDIVR                  000050c6   defined in Debug\adc.o
_CLK_CMSR                    000050c3   defined in Debug\adc.o
_CLK_CSSR                    000050c8   defined in Debug\adc.o
_CLK_ECKCR                   000050c1   defined in Debug\adc.o
_CLK_HSITRIMR                000050cc   defined in Debug\adc.o
_CLK_ICKCR                   000050c0   defined in Debug\adc.o
_CLK_PCKENR1                 000050c7   defined in Debug\adc.o
_CLK_PCKENR2                 000050ca   defined in Debug\adc.o
_CLK_SWCR                    000050c5   defined in Debug\adc.o
_CLK_SWIMCCR                 000050cd   defined in Debug\adc.o
_CLK_SWR                     000050c4   defined in Debug\adc.o
_DM_BK1RE                    00007f90   defined in Debug\adc.o
_DM_BK1RH                    00007f91   defined in Debug\adc.o
_DM_BK1RL                    00007f92   defined in Debug\adc.o
_DM_BK2RE                    00007f93   defined in Debug\adc.o
_DM_BK2RH                    00007f94   defined in Debug\adc.o
_DM_BK2RL                    00007f95   defined in Debug\adc.o
_DM_CR1                      00007f96   defined in Debug\adc.o
_DM_CR2                      00007f97   defined in Debug\adc.o
_DM_CSR1                     00007f98   defined in Debug\adc.o
_DM_CSR2                     00007f99   defined in Debug\adc.o
_DM_ENFCTR                   00007f9a   defined in Debug\adc.o
_EXTI_CR1                    000050a0   defined in Debug\adc.o
_EXTI_CR2                    000050a1   defined in Debug\adc.o
_FLASH_CR1                   0000505a   defined in Debug\adc.o
_FLASH_CR2                   0000505b   defined in Debug\adc.o
_FLASH_DUKR                  00005064   defined in Debug\adc.o
_FLASH_FPR                   0000505d   defined in Debug\adc.o
_FLASH_IAPSR                 0000505f   defined in Debug\adc.o
_FLASH_NCR2                  0000505c   defined in Debug\adc.o
_FLASH_NFPR                  0000505e   defined in Debug\adc.o
_FLASH_PUKR                  00005062   defined in Debug\adc.o
_I2C_CCRH                    0000521c   defined in Debug\adc.o
_I2C_CCRL                    0000521b   defined in Debug\adc.o
_I2C_CR1                     00005210   defined in Debug\adc.o
_I2C_CR2                     00005211   defined in Debug\adc.o
_I2C_DR                      00005216   defined in Debug\adc.o
_I2C_FREQR                   00005212   defined in Debug\adc.o
_I2C_IRQHandler              00008917   defined in Debug\i2c.o section .text
                                        used in Debug\stm8_interrupt_vector.o
_I2C_ITR                     0000521a   defined in Debug\adc.o
_I2C_OARH                    00005214   defined in Debug\adc.o
_I2C_OARL                    00005213   defined in Debug\adc.o
_I2C_PECR                    0000521e   defined in Debug\adc.o
_I2C_SR1                     00005217   defined in Debug\adc.o
_I2C_SR2                     00005218   defined in Debug\adc.o
_I2C_SR3                     00005219   defined in Debug\adc.o
_I2C_TRISER                  0000521d   defined in Debug\adc.o
_ITC_SPR1                    00007f70   defined in Debug\adc.o
_ITC_SPR2                    00007f71   defined in Debug\adc.o
_ITC_SPR3                    00007f72   defined in Debug\adc.o
_ITC_SPR4                    00007f73   defined in Debug\adc.o
_ITC_SPR5                    00007f74   defined in Debug\adc.o
_ITC_SPR6                    00007f75   defined in Debug\adc.o
_ITC_SPR7                    00007f76   defined in Debug\adc.o
_ITC_SPR8                    00007f77   defined in Debug\adc.o
_IWDG_KR                     000050e0   defined in Debug\adc.o
_IWDG_PR                     000050e1   defined in Debug\adc.o
_IWDG_RLR                    000050e2   defined in Debug\adc.o
_LastDeviceFlag              0000a3:1   defined in Debug\one_wire.o section .bit, initialized
_LastDiscrepancy             0000004a   defined in Debug\one_wire.o section .ubsct
_LastFamilyDiscrepancy       00000049   defined in Debug\one_wire.o section .ubsct
_OW_block                    00008fd9   defined in Debug\one_wire.o section .text
_OW_family_skip_setup        000090f9   defined in Debug\one_wire.o section .text
_OW_first                    0000900c   defined in Debug\one_wire.o section .text
_OW_next                     00009018   defined in Debug\one_wire.o section .text
_OW_read_bit                 00008ecf   defined in Debug\one_wire.o section .text
_OW_read_byte                00008f3a   defined in Debug\one_wire.o section .text
_OW_reset                    00008dd7   defined in Debug\one_wire.o section .text
_OW_search                   00009107   defined in Debug\one_wire.o section .text
_OW_target_setup             000090d5   defined in Debug\one_wire.o section .text
_OW_touch_bit                00008e4d   defined in Debug\one_wire.o section .text
_OW_touch_byte               00008fc0   defined in Debug\one_wire.o section .text
_OW_verify                   0000901c   defined in Debug\one_wire.o section .text
_OW_write_bit                00008ec5   defined in Debug\one_wire.o section .text
_OW_write_byte               00008ed7   defined in Debug\one_wire.o section .text
_PA_CR1                      00005003   defined in Debug\adc.o
_PA_CR2                      00005004   defined in Debug\adc.o
_PA_DDR                      00005002   defined in Debug\adc.o
_PA_IDR                      00005001   defined in Debug\adc.o
_PA_ODR                      00005000   defined in Debug\adc.o
_PB_CR1                      00005008   defined in Debug\adc.o
_PB_CR2                      00005009   defined in Debug\adc.o
_PB_DDR                      00005007   defined in Debug\adc.o
_PB_IDR                      00005006   defined in Debug\adc.o
_PB_ODR                      00005005   defined in Debug\adc.o
_PC_CR1                      0000500d   defined in Debug\adc.o
_PC_CR2                      0000500e   defined in Debug\adc.o
_PC_DDR                      0000500c   defined in Debug\adc.o
_PC_IDR                      0000500b   defined in Debug\adc.o
_PC_ODR                      0000500a   defined in Debug\adc.o
_PD_CR1                      00005012   defined in Debug\adc.o
_PD_CR2                      00005013   defined in Debug\adc.o
_PD_DDR                      00005011   defined in Debug\adc.o
_PD_IDR                      00005010   defined in Debug\adc.o
_PD_ODR                      0000500f   defined in Debug\adc.o
_PE_CR1                      00005017   defined in Debug\adc.o
_PE_CR2                      00005018   defined in Debug\adc.o
_PE_DDR                      00005016   defined in Debug\adc.o
_PE_IDR                      00005015   defined in Debug\adc.o
_PE_ODR                      00005014   defined in Debug\adc.o
_PF_CR1                      0000501c   defined in Debug\adc.o
_PF_CR2                      0000501d   defined in Debug\adc.o
_PF_DDR                      0000501b   defined in Debug\adc.o
_PF_IDR                      0000501a   defined in Debug\adc.o
_PF_ODR                      00005019   defined in Debug\adc.o
_PG_CR1                      00005021   defined in Debug\adc.o
_PG_CR2                      00005022   defined in Debug\adc.o
_PG_DDR                      00005020   defined in Debug\adc.o
_PG_IDR                      0000501f   defined in Debug\adc.o
_PG_ODR                      0000501e   defined in Debug\adc.o
_PH_CR1                      00005026   defined in Debug\adc.o
_PH_CR2                      00005027   defined in Debug\adc.o
_PH_DDR                      00005025   defined in Debug\adc.o
_PH_IDR                      00005024   defined in Debug\adc.o
_PH_ODR                      00005023   defined in Debug\adc.o
_PI_CR1                      0000502b   defined in Debug\adc.o
_PI_CR2                      0000502c   defined in Debug\adc.o
_PI_DDR                      0000502a   defined in Debug\adc.o
_PI_IDR                      00005029   defined in Debug\adc.o
_PI_ODR                      00005028   defined in Debug\adc.o
_ROM_NO                      00000100   defined in Debug\one_wire.o section .bss
_RST_SR                      000050b3   defined in Debug\adc.o
_SPI_CR1                     00005200   defined in Debug\adc.o
_SPI_CR2                     00005201   defined in Debug\adc.o
_SPI_CRCPR                   00005205   defined in Debug\adc.o
_SPI_DR                      00005204   defined in Debug\adc.o
_SPI_Handler                 000097bf   defined in Debug\spi.o section .text
                                        used in Debug\stm8_interrupt_vector.o
_SPI_ICR                     00005202   defined in Debug\adc.o
_SPI_RXCRCR                  00005206   defined in Debug\adc.o
_SPI_SR                      00005203   defined in Debug\adc.o
_SPI_TXCRCR                  00005207   defined in Debug\adc.o
_SWIM_CSR                    00007f80   defined in Debug\adc.o
_TIM1_ARRH                   00005262   defined in Debug\adc.o
_TIM1_ARRL                   00005263   defined in Debug\adc.o
_TIM1_BKR                    0000526d   defined in Debug\adc.o
_TIM1_CCER1                  0000525c   defined in Debug\adc.o
_TIM1_CCER2                  0000525d   defined in Debug\adc.o
_TIM1_CCMR1                  00005258   defined in Debug\adc.o
_TIM1_CCMR2                  00005259   defined in Debug\adc.o
_TIM1_CCMR3                  0000525a   defined in Debug\adc.o
_TIM1_CCMR4                  0000525b   defined in Debug\adc.o
_TIM1_CCR1H                  00005265   defined in Debug\adc.o
_TIM1_CCR1L                  00005266   defined in Debug\adc.o
_TIM1_CCR2H                  00005267   defined in Debug\adc.o
_TIM1_CCR2L                  00005268   defined in Debug\adc.o
_TIM1_CCR3H                  00005269   defined in Debug\adc.o
_TIM1_CCR3L                  0000526a   defined in Debug\adc.o
_TIM1_CCR4H                  0000526b   defined in Debug\adc.o
_TIM1_CCR4L                  0000526c   defined in Debug\adc.o
_TIM1_CNTRH                  0000525e   defined in Debug\adc.o
_TIM1_CNTRL                  0000525f   defined in Debug\adc.o
_TIM1_CR1                    00005250   defined in Debug\adc.o
_TIM1_CR2                    00005251   defined in Debug\adc.o
_TIM1_DTR                    0000526e   defined in Debug\adc.o
_TIM1_EGR                    00005257   defined in Debug\adc.o
_TIM1_ETR                    00005253   defined in Debug\adc.o
_TIM1_IER                    00005254   defined in Debug\adc.o
_TIM1_OISR                   0000526f   defined in Debug\adc.o
_TIM1_PSCRH                  00005260   defined in Debug\adc.o
_TIM1_PSCRL                  00005261   defined in Debug\adc.o
_TIM1_RCR                    00005264   defined in Debug\adc.o
_TIM1_SMCR                   00005252   defined in Debug\adc.o
_TIM1_SR1                    00005255   defined in Debug\adc.o
_TIM1_SR2                    00005256   defined in Debug\adc.o
_TIM2_ARRH                   0000530d   defined in Debug\adc.o
_TIM2_ARRL                   0000530e   defined in Debug\adc.o
_TIM2_CCER1                  00005308   defined in Debug\adc.o
_TIM2_CCER2                  00005309   defined in Debug\adc.o
_TIM2_CCMR1                  00005305   defined in Debug\adc.o
_TIM2_CCMR2                  00005306   defined in Debug\adc.o
_TIM2_CCMR3                  00005307   defined in Debug\adc.o
_TIM2_CCR1H                  0000530f   defined in Debug\adc.o
_TIM2_CCR1L                  00005310   defined in Debug\adc.o
_TIM2_CCR2H                  00005311   defined in Debug\adc.o
_TIM2_CCR2L                  00005312   defined in Debug\adc.o
_TIM2_CCR3H                  00005313   defined in Debug\adc.o
_TIM2_CCR3L                  00005314   defined in Debug\adc.o
_TIM2_CNTRH                  0000530a   defined in Debug\adc.o
_TIM2_CNTRL                  0000530b   defined in Debug\adc.o
_TIM2_CR1                    00005300   defined in Debug\adc.o
_TIM2_EGR                    00005304   defined in Debug\adc.o
_TIM2_IER                    00005301   defined in Debug\adc.o
_TIM2_PSCR                   0000530c   defined in Debug\adc.o
_TIM2_SR1                    00005302   defined in Debug\adc.o
_TIM2_SR2                    00005303   defined in Debug\adc.o
_TIM2_UPD_OVF_IRQHandler     0000990f   defined in Debug\stc1000p.o section .text
                                        used in Debug\stm8_interrupt_vector.o
_TIM3_ARRH                   0000532b   defined in Debug\adc.o
_TIM3_ARRL                   0000532c   defined in Debug\adc.o
_TIM3_CCER1                  00005327   defined in Debug\adc.o
_TIM3_CCMR1                  00005325   defined in Debug\adc.o
_TIM3_CCMR2                  00005326   defined in Debug\adc.o
_TIM3_CCR1H                  0000532d   defined in Debug\adc.o
_TIM3_CCR1L                  0000532e   defined in Debug\adc.o
_TIM3_CCR2H                  0000532f   defined in Debug\adc.o
_TIM3_CCR2L                  00005330   defined in Debug\adc.o
_TIM3_CNTRH                  00005328   defined in Debug\adc.o
_TIM3_CNTRL                  00005329   defined in Debug\adc.o
_TIM3_CR1                    00005320   defined in Debug\adc.o
_TIM3_EGR                    00005324   defined in Debug\adc.o
_TIM3_IER                    00005321   defined in Debug\adc.o
_TIM3_PSCR                   0000532a   defined in Debug\adc.o
_TIM3_SR1                    00005322   defined in Debug\adc.o
_TIM3_SR2                    00005323   defined in Debug\adc.o
_TIM4_ARR                    00005346   defined in Debug\adc.o
_TIM4_CNTR                   00005344   defined in Debug\adc.o
_TIM4_CR1                    00005340   defined in Debug\adc.o
_TIM4_EGR                    00005343   defined in Debug\adc.o
_TIM4_IER                    00005341   defined in Debug\adc.o
_TIM4_PSCR                   00005345   defined in Debug\adc.o
_TIM4_SR                     00005342   defined in Debug\adc.o
_UART2_BRR1                  00005242   defined in Debug\adc.o
_UART2_BRR2                  00005243   defined in Debug\adc.o
_UART2_CR1                   00005244   defined in Debug\adc.o
_UART2_CR2                   00005245   defined in Debug\adc.o
_UART2_CR3                   00005246   defined in Debug\adc.o
_UART2_CR4                   00005247   defined in Debug\adc.o
_UART2_CR6                   00005249   defined in Debug\adc.o
_UART2_DR                    00005241   defined in Debug\adc.o
_UART2_GTR                   0000524a   defined in Debug\adc.o
_UART2_PSCR                  0000524b   defined in Debug\adc.o
_UART2_SR                    00005240   defined in Debug\adc.o
_UART_RX_IRQHandler          0000aae6   defined in Debug\uart.o section .text
                                        used in Debug\stm8_interrupt_vector.o
_UART_TX_IRQHandler          0000aa8d   defined in Debug\uart.o section .text
                                        used in Debug\stm8_interrupt_vector.o
_WWDG_CR                     000050d1   defined in Debug\adc.o
_WWDG_WR                     000050d2   defined in Debug\adc.o
__buttons                    0000002d   defined in Debug\stc1000p_lib.o section .bsct, initialized
__endmem                     000005ff   defined in command file
                                        *** not used ***
__endzp                      000000a3   defined in command file section .ubsct
                                        used in C:\Program Files (x86)\COSMIC\FSE_Compilers\CXSTM8\Lib\crtsi0.sm8
__idesc__                    000082bd   defined in linker section .init
                                        used in C:\Program Files (x86)\COSMIC\FSE_Compilers\CXSTM8\Lib\crtsi0.sm8
__itob                       0000b286   defined in (C:\Program Files (x86)\COSMIC\FSE_Compilers\CXSTM8\Lib\libis0.sm8)itob.o section .text
                                        used in (C:\Program Files (x86)\COSMIC\FSE_Compilers\CXSTM8\Lib\libis0.sm8)cprint.o
__ltob                       0000b300   defined in (C:\Program Files (x86)\COSMIC\FSE_Compilers\CXSTM8\Lib\libis0.sm8)itob.o section .text
                                        used in (C:\Program Files (x86)\COSMIC\FSE_Compilers\CXSTM8\Lib\libis0.sm8)cprint.o
__memory                     0000016c   defined in command file section .bss
                                        used in C:\Program Files (x86)\COSMIC\FSE_Compilers\CXSTM8\Lib\crtsi0.sm8
__print                      0000ae53   defined in (C:\Program Files (x86)\COSMIC\FSE_Compilers\CXSTM8\Lib\libis0.sm8)cprint.o section .text
                                        used in (C:\Program Files (x86)\COSMIC\FSE_Compilers\CXSTM8\Lib\libis0.sm8)sprnt.o
__stack                      000007ff   defined in command file
                                        used in C:\Program Files (x86)\COSMIC\FSE_Compilers\CXSTM8\Lib\crtsi0.sm8
__startmem                   0000016c   defined in command file section .bss
                                        *** not used ***
__stext                      00008302   defined in C:\Program Files (x86)\COSMIC\FSE_Compilers\CXSTM8\Lib\crtsi0.sm8 section .text
                                        used in Debug\stm8_interrupt_vector.o
__udiv                       0000b396   defined in (C:\Program Files (x86)\COSMIC\FSE_Compilers\CXSTM8\Lib\libis0.sm8)idiv0.o section .text
                                        used in (C:\Program Files (x86)\COSMIC\FSE_Compilers\CXSTM8\Lib\libis0.sm8)itob.o
__uldiv                      0000b3a1   defined in (C:\Program Files (x86)\COSMIC\FSE_Compilers\CXSTM8\Lib\libis0.sm8)ildiv0.o section .text
                                        used in (C:\Program Files (x86)\COSMIC\FSE_Compilers\CXSTM8\Lib\libis0.sm8)itob.o
__vectab                     00008000   defined in Debug\stm8_interrupt_vector.o section .const
_ad_ch                       0000a3:4   defined in Debug\stc1000p.o section .bit, initialized
_ad_err1                     00000013   defined in Debug\stc1000p.o section .bsct, initialized
_ad_err2                     00000014   defined in Debug\stc1000p.o section .bsct, initialized
_ad_lookup_c                 000080c0   defined in Debug\adc.o section .const
_ad_lookup_f                 00008080   defined in Debug\adc.o section .const
_ad_ntc1                     00000015   defined in Debug\stc1000p.o section .bsct, initialized
_ad_ntc2                     00000017   defined in Debug\stc1000p.o section .bsct, initialized
_ad_to_temp                  000083d2   defined in Debug\adc.o section .text
                                        used in Debug\stc1000p.o
_adc_task                    00009ac3   defined in Debug\stc1000p.o section .text
_add_task                    00009575   defined in Debug\scheduler.o section .text
                                        used in Debug\stc1000p.o
_atoi                        0000acc8   defined in (C:\Program Files (x86)\COSMIC\FSE_Compilers\CXSTM8\Lib\libis0.sm8)atoi.o section .text
                                        used in Debug\comms.o
_calc_crc8                   00009239   defined in Debug\one_wire.o section .text
_check_config_value          0000a158   defined in Debug\stc1000p_lib.o section .text
_config_item                 0000002b   defined in Debug\stc1000p_lib.o section .bsct, initialized
_config_value                0000006c   defined in Debug\stc1000p_lib.o section .ubsct
_cooling_delay               00000025   defined in Debug\stc1000p_lib.o section .bsct, initialized
                                        used in Debug\stc1000p.o
_crc8                        00000048   defined in Debug\one_wire.o section .ubsct
_ctrl_task                   00009bb4   defined in Debug\stc1000p.o section .text
_curr_dur                    0000002f   defined in Debug\stc1000p_lib.o section .bsct, initialized
_delay_msec                  0000867f   defined in Debug\delay.o section .text
                                        used in Debug\stc1000p.o Debug\uart.o
_delay_usec                  00008721   defined in Debug\delay.o section .text
                                        used in Debug\spi.o
_disable_task                0000968f   defined in Debug\scheduler.o section .text
_dispatch_tasks              000094a1   defined in Debug\scheduler.o section .text
                                        used in Debug\stc1000p.o
_divu10                      00009ebc   defined in Debug\stc1000p_lib.o section .text
                                        used in Debug\comms.o
_ds18b20_read                00009281   defined in Debug\one_wire.o section .text
                                        used in Debug\stc1000p.o
_ds18b20_start_conversion    0000925e   defined in Debug\one_wire.o section .text
                                        used in Debug\stc1000p.o
_ds2482_detect               00008aa0   defined in Debug\i2c.o section .text
                                        used in Debug\stc1000p.o
_ds2482_reset                00008a25   defined in Debug\i2c.o section .text
                                        used in Debug\one_wire.o
_ds2482_search_triplet       00008aba   defined in Debug\i2c.o section .text
                                        used in Debug\one_wire.o
_ds2482_write_config         00008a5e   defined in Debug\i2c.o section .text
_eedata                      00004000   defined in Debug\stc1000p_lib.o section .eeprom
                                        used in Debug\stc1000p.o
_eeprom_read_config          00008746   defined in Debug\eep.o section .text
                                        used in Debug\fo433.o Debug\stc1000p.o
                                                Debug\stc1000p_lib.o
_eeprom_write_config         0000877d   defined in Debug\eep.o section .text
                                        used in Debug\comms.o
                                                Debug\stc1000p_lib.o
_enable_cooling              0000a8b7   defined in Debug\stc1000p_lib.o section .text
_enable_heating              0000a8ca   defined in Debug\stc1000p_lib.o section .text
_enable_task                 00009634   defined in Debug\scheduler.o section .text
_execute_single_command      00008587   defined in Debug\comms.o section .text
_exit                        00008350   defined in C:\Program Files (x86)\COSMIC\FSE_Compilers\CXSTM8\Lib\crtsi0.sm8 section .text
_fahrenheit                  0000a4:0   defined in Debug\stc1000p_lib.o section .bit, initialized
                                        used in Debug\adc.o Debug\stc1000p.o
_fo433_bit                   00000006   defined in Debug\fo433.o section .bsct, initialized
_fo433_byte                  00000007   defined in Debug\fo433.o section .bsct, initialized
_fo433_crc8                  0000884b   defined in Debug\fo433.o section .text
_fo433_data                  00000040   defined in Debug\fo433.o section .ubsct
_fo433_fsm                   00008875   defined in Debug\fo433.o section .text
                                        used in Debug\stc1000p.o
_fo433_isr                   000087b7   defined in Debug\fo433.o section .text
                                        used in Debug\stc1000p.o
_fo433_sec_count             00000009   defined in Debug\fo433.o section .bsct, initialized
_fo433_start                 00000008   defined in Debug\fo433.o section .bsct, initialized
_fo433_std                   00000005   defined in Debug\fo433.o section .bsct, initialized
_fo433_tmr                   0000000a   defined in Debug\fo433.o section .bsct, initialized
_heating_delay               00000027   defined in Debug\stc1000p_lib.o section .bsct, initialized
                                        used in Debug\stc1000p.o
_hysteresis                  00000067   defined in Debug\stc1000p_lib.o section .ubsct
_hysteresis2                 00000065   defined in Debug\stc1000p_lib.o section .ubsct
_i2c_delay                   0000890a   defined in Debug\i2c.o section .text
_i2c_init                    00008918   defined in Debug\i2c.o section .text
                                        used in Debug\stc1000p.o
_i2c_read1                   000089e0   defined in Debug\i2c.o section .text
                                        used in Debug\one_wire.o
_i2c_read_arr                000089fb   defined in Debug\i2c.o section .text
_i2c_rep_start               00008995   defined in Debug\i2c.o section .text
                                        used in Debug\one_wire.o
_i2c_scan                    00008493   defined in Debug\comms.o section .text
_i2c_start                   0000897b   defined in Debug\i2c.o section .text
                                        used in Debug\comms.o Debug\one_wire.o
_i2c_stop                    000089bd   defined in Debug\i2c.o section .text
                                        used in Debug\comms.o Debug\one_wire.o
_i2c_write                   000089d0   defined in Debug\i2c.o section .text
                                        used in Debug\one_wire.o
_in_buffer                   00000071   defined in Debug\uart.o section .ubsct
_init_pid                    00009325   defined in Debug\pid.o section .text
                                        used in Debug\stc1000p_lib.o
_init_temp_delays            0000a884   defined in Debug\stc1000p_lib.o section .text
_initialise_system_clock     0000998a   defined in Debug\stc1000p.o section .text
_isalpha                     0000ad24   defined in (C:\Program Files (x86)\COSMIC\FSE_Compilers\CXSTM8\Lib\libis0.sm8)isalph0.o section .text
                                        used in Debug\comms.o
_isr_cnt                     00000034   defined in Debug\uart.o section .bsct, initialized
_isspace                     0000ad36   defined in (C:\Program Files (x86)\COSMIC\FSE_Compilers\CXSTM8\Lib\libis0.sm8)isspac0.o section .text
                                        used in (C:\Program Files (x86)\COSMIC\FSE_Compilers\CXSTM8\Lib\libis0.sm8)atoi.o
_kc                          0000000b   defined in Debug\pid.o section .bsct, initialized
                                        used in Debug\stc1000p_lib.o
_kd                          00000053   defined in Debug\pid.o section .ubsct
_key_held_tmr                0000006b   defined in Debug\stc1000p_lib.o section .ubsct
_ki                          00000057   defined in Debug\pid.o section .ubsct
_led_01                      0000006e   defined in Debug\stc1000p_lib.o section .ubsct
                                        used in Debug\stc1000p.o
_led_1                       0000006f   defined in Debug\stc1000p_lib.o section .ubsct
                                        used in Debug\stc1000p.o
_led_10                      00000070   defined in Debug\stc1000p_lib.o section .ubsct
                                        used in Debug\stc1000p.o
_led_e                       00000024   defined in Debug\stc1000p_lib.o section .bsct, initialized
                                        used in Debug\stc1000p.o
_led_lookup                  000081e7   defined in Debug\stc1000p_lib.o section .const
_list_all_tasks              00009742   defined in Debug\scheduler.o section .text
                                        used in Debug\comms.o
_m_countdown                 0000002c   defined in Debug\stc1000p_lib.o section .bsct, initialized
_main                        00009de7   defined in Debug\stc1000p.o section .text
                                        used in C:\Program Files (x86)\COSMIC\FSE_Compilers\CXSTM8\Lib\crtsi0.sm8
_max_tasks                   00000012   defined in Debug\scheduler.o section .bsct, initialized
_menu                        000081f1   defined in Debug\stc1000p_lib.o section .const
_menu_fsm                    0000a36d   defined in Debug\stc1000p_lib.o section .text
                                        used in Debug\stc1000p.o
_menu_is_idle                0000a3:6   defined in Debug\stc1000p_lib.o section .bit, initialized
                                        used in Debug\stc1000p.o
_menu_item                   0000002a   defined in Debug\stc1000p_lib.o section .bsct, initialized
_menustate                   00000029   defined in Debug\stc1000p_lib.o section .bsct, initialized
_millis                      00008669   defined in Debug\delay.o section .text
                                        used in Debug\scheduler.o
_min_to_sec                  0000a865   defined in Debug\stc1000p_lib.o section .text
_minutes                     0000a4:1   defined in Debug\stc1000p_lib.o section .bit, initialized
                                        used in Debug\stc1000p.o
_mpx_nr                      00000019   defined in Debug\stc1000p.o section .bsct, initialized
_msec051                     0000a3:5   defined in Debug\stc1000p.o section .bit, initialized
_multiplexer                 0000982c   defined in Debug\stc1000p.o section .text
_nrf24_ce                    00008db7   defined in Debug\nrf24_stm8_specific.o section .text
                                        used in Debug\nrf24.o
_nrf24_config                00008b2f   defined in Debug\nrf24.o section .text
_nrf24_configRegister        00008d4b   defined in Debug\nrf24.o section .text
_nrf24_csn                   00008da1   defined in Debug\nrf24_stm8_specific.o section .text
                                        used in Debug\nrf24.o
_nrf24_dataReady             00008bbd   defined in Debug\nrf24.o section .text
_nrf24_getData               00008c0b   defined in Debug\nrf24.o section .text
_nrf24_getStatus             00008c91   defined in Debug\nrf24.o section .text
_nrf24_init                  00008dc5   defined in Debug\nrf24_stm8_specific.o section .text
_nrf24_isSending             00008c7d   defined in Debug\nrf24.o section .text
                                        used in Debug\stc1000p.o
_nrf24_lastMessageStatus     00008ca7   defined in Debug\nrf24.o section .text
                                        used in Debug\stc1000p.o
_nrf24_payloadLength         00008bf1   defined in Debug\nrf24.o section .text
_nrf24_payload_length        00008ba1   defined in Debug\nrf24.o section .text
_nrf24_powerDown             00008cf3   defined in Debug\nrf24.o section .text
                                        used in Debug\stc1000p.o
_nrf24_powerUpRx             00008cc6   defined in Debug\nrf24.o section .text
_nrf24_powerUpTx             00008ce8   defined in Debug\nrf24.o section .text
_nrf24_readRegister          00008d65   defined in Debug\nrf24.o section .text
_nrf24_retransmissionCount   00008c2f   defined in Debug\nrf24.o section .text
                                        used in Debug\stc1000p.o
_nrf24_rxFifoEmpty           00008bdb   defined in Debug\nrf24.o section .text
_nrf24_rx_address            00008b89   defined in Debug\nrf24.o section .text
_nrf24_send                  00008c49   defined in Debug\nrf24.o section .text
                                        used in Debug\stc1000p.o
_nrf24_transferSync          00008cfd   defined in Debug\nrf24.o section .text
_nrf24_transmitSync          00008d2b   defined in Debug\nrf24.o section .text
_nrf24_tx_address            00008ba4   defined in Debug\nrf24.o section .text
_nrf24_writeRegister         00008d84   defined in Debug\nrf24.o section .text
_one_wire_task               00009da3   defined in Debug\stc1000p.o section .text
_out_buffer                  0000007b   defined in Debug\uart.o section .ubsct
_ovf_buf_in                  0000a4:2   defined in Debug\uart.o section .bit, initialized
_payload_len                 00000046   defined in Debug\nrf24.o section .ubsct
_pid_control                 0000a9b2   defined in Debug\stc1000p_lib.o section .text
                                        used in Debug\stc1000p.o
_pid_ctrl                    00009398   defined in Debug\pid.o section .text
                                        used in Debug\stc1000p_lib.o
_pid_out                     00000031   defined in Debug\stc1000p_lib.o section .bsct, initialized
                                        used in Debug\stc1000p.o
_pid_to_time                 00009b47   defined in Debug\stc1000p.o section .text
_portc                       00000064   defined in Debug\stc1000p_lib.o section .ubsct
_portd                       00000063   defined in Debug\stc1000p_lib.o section .ubsct
_portg                       00000062   defined in Debug\stc1000p_lib.o section .ubsct
_pp                          0000004f   defined in Debug\pid.o section .ubsct
_prfl_task                   00009d53   defined in Debug\stc1000p.o section .text
_print_value10               0000853c   defined in Debug\comms.o section .text
_print_version_number        0000847a   defined in Debug\comms.o section .text
                                        used in Debug\stc1000p.o
_probe2                      0000a3:2   defined in Debug\stc1000p.o section .bit, initialized
                                        used in Debug\stc1000p_lib.o
_prx_to_led                  00009f0d   defined in Debug\stc1000p_lib.o section .text
_putchar                     0000b3bc   defined in (C:\Program Files (x86)\COSMIC\FSE_Compilers\CXSTM8\Lib\libis0.sm8)putchr.o section .text
                                        used in (C:\Program Files (x86)\COSMIC\FSE_Compilers\CXSTM8\Lib\libis0.sm8)cprint.o
_pwr_on                      0000a3:7   defined in Debug\stc1000p_lib.o section .bit, initialized
                                        used in Debug\stc1000p.o
_pwr_on_tmr                  0000001a   defined in Debug\stc1000p.o section .bsct, initialized
_range                       0000a13e   defined in Debug\stc1000p_lib.o section .text
_read_adc                    00008352   defined in Debug\adc.o section .text
                                        used in Debug\stc1000p.o
_read_buttons                0000a334   defined in Debug\stc1000p_lib.o section .text
                                        used in Debug\stc1000p.o
_recv_ack_bit                0000893d   defined in Debug\i2c.o section .text
_restore_display_state       0000a2de   defined in Debug\stc1000p_lib.o section .text
_ring_buffer_in              0000008f   defined in Debug\uart.o section .ubsct
_ring_buffer_out             00000094   defined in Debug\uart.o section .ubsct
_rs232_command_handler       000084e6   defined in Debug\comms.o section .text
                                        used in Debug\stc1000p.o
_rs232_inbuf                 00000036   defined in Debug\comms.o section .ubsct
                                        used in Debug\stc1000p.o
_rs232_ptr                   00000000   defined in Debug\comms.o section .bsct, initialized
_save_display_state          0000a29f   defined in Debug\stc1000p_lib.o section .text
_scheduler_init              00009429   defined in Debug\scheduler.o section .text
                                        used in Debug\stc1000p.o
_scheduler_isr               00009434   defined in Debug\scheduler.o section .text
                                        used in Debug\stc1000p.o
_sensor2_selected            0000002e   defined in Debug\stc1000p_lib.o section .bsct, initialized
                                        used in Debug\stc1000p.o
_set_task_time_period        000096ea   defined in Debug\scheduler.o section .text
_setpoint                    00000069   defined in Debug\stc1000p_lib.o section .ubsct
                                        used in Debug\comms.o Debug\stc1000p.o
_setup_gpio_ports            000099d6   defined in Debug\stc1000p.o section .text
_setup_timer2                000099c1   defined in Debug\stc1000p.o section .text
_short_detected              00000047   defined in Debug\one_wire.o section .ubsct
_show_sa_alarm               0000a3:3   defined in Debug\stc1000p.o section .bit, initialized
_spi_error                   0000005b   defined in Debug\spi.o section .ubsct
_spi_init                    000097ca   defined in Debug\spi.o section .text
                                        used in Debug\nrf24_stm8_specific.o
_spi_read                    00009810   defined in Debug\spi.o section .text
                                        used in Debug\nrf24_stm8_specific.o
_spi_task                    00009d6f   defined in Debug\stc1000p.o section .text
_spi_transfer                00008dd0   defined in Debug\nrf24_stm8_specific.o section .text
                                        used in Debug\nrf24.o
_spi_write                   000097db   defined in Debug\spi.o section .text
                                        used in Debug\nrf24_stm8_specific.o
_sprintf                     0000ad46   defined in (C:\Program Files (x86)\COSMIC\FSE_Compilers\CXSTM8\Lib\libis0.sm8)sprnt.o section .text
                                        used in Debug\comms.o Debug\scheduler.o
                                                Debug\stc1000p.o
_std_task                    00009bab   defined in Debug\stc1000p.o section .text
_strcmp                      0000b3bf   defined in (C:\Program Files (x86)\COSMIC\FSE_Compilers\CXSTM8\Lib\libis0.sm8)strcmp0.o section .text
                                        used in Debug\scheduler.o
_strlen                      0000b3d2   defined in (C:\Program Files (x86)\COSMIC\FSE_Compilers\CXSTM8\Lib\libis0.sm8)strlen0.o section .text
                                        used in (C:\Program Files (x86)\COSMIC\FSE_Compilers\CXSTM8\Lib\libis0.sm8)cprint.o
_strncmp                     0000b3de   defined in (C:\Program Files (x86)\COSMIC\FSE_Compilers\CXSTM8\Lib\libis0.sm8)strncm.o section .text
                                        used in Debug\comms.o
_strncpy                     0000b414   defined in (C:\Program Files (x86)\COSMIC\FSE_Compilers\CXSTM8\Lib\libis0.sm8)strncp.o section .text
                                        used in Debug\scheduler.o
_t2_millis                   00000001   defined in Debug\delay.o section .bsct, initialized
                                        used in Debug\stc1000p.o
_task_list                   00000108   defined in Debug\scheduler.o section .bss
_td                          0000000f   defined in Debug\pid.o section .bsct, initialized
                                        used in Debug\stc1000p_lib.o
_temp1_ow_10                 0000005c   defined in Debug\stc1000p.o section .ubsct
                                        used in Debug\comms.o
_temp1_ow_err                0000001c   defined in Debug\stc1000p.o section .bsct, initialized
                                        used in Debug\comms.o
_temp_ntc1                   00000060   defined in Debug\stc1000p.o section .ubsct
_temp_ntc2                   0000005e   defined in Debug\stc1000p.o section .ubsct
                                        used in Debug\stc1000p_lib.o
_temperature_control         0000a8dd   defined in Debug\stc1000p_lib.o section .text
                                        used in Debug\stc1000p.o
_ti                          0000000d   defined in Debug\pid.o section .bsct, initialized
                                        used in Debug\stc1000p_lib.o
_tmr2_val                    000086f5   defined in Debug\delay.o section .text
_tolower                     0000b43a   defined in (C:\Program Files (x86)\COSMIC\FSE_Compilers\CXSTM8\Lib\libis0.sm8)tolow0.o section .text
                                        used in Debug\comms.o
_toupper                     0000b445   defined in (C:\Program Files (x86)\COSMIC\FSE_Compilers\CXSTM8\Lib\libis0.sm8)toup0.o section .text
                                        used in (C:\Program Files (x86)\COSMIC\FSE_Compilers\CXSTM8\Lib\libis0.sm8)cprint.o
_ts                          00000011   defined in Debug\pid.o section .bsct, initialized
                                        used in Debug\stc1000p.o
                                                Debug\stc1000p_lib.o
_uart_init                   0000ab6a   defined in Debug\uart.o section .text
                                        used in Debug\stc1000p.o
_uart_kbhit                  0000ac95   defined in Debug\uart.o section .text
                                        used in Debug\comms.o
_uart_read                   0000ac5b   defined in Debug\uart.o section .text
                                        used in Debug\comms.o
_uart_write                  0000abd4   defined in Debug\uart.o section .text
                                        used in Debug\comms.o
_update_profile              0000a00a   defined in Debug\stc1000p_lib.o section .text
                                        used in Debug\stc1000p.o
_use_one_wire                0000001d   defined in Debug\stc1000p.o section .bsct, initialized
                                        used in Debug\comms.o
_value_to_led                00009f5b   defined in Debug\stc1000p_lib.o section .text
                                        used in Debug\stc1000p.o
_xputs                       0000acb0   defined in Debug\uart.o section .text
                                        used in Debug\comms.o Debug\scheduler.o
                                                Debug\stc1000p.o
_yk_1                        0000004d   defined in Debug\pid.o section .ubsct
_yk_2                        0000004b   defined in Debug\pid.o section .ubsct
c_cmulx                      0000b450   defined in (C:\Program Files (x86)\COSMIC\FSE_Compilers\CXSTM8\Lib\libm0.sm8)cmulx.o section .text
                                        used in Debug\pid.o
c_divsl                      0000b464   defined in (C:\Program Files (x86)\COSMIC\FSE_Compilers\CXSTM8\Lib\libm0.sm8)ldiv.o section .text
                                        *** not used ***
c_divul                      0000b47b   defined in (C:\Program Files (x86)\COSMIC\FSE_Compilers\CXSTM8\Lib\libm0.sm8)ldiv.o section .text
                                        used in (C:\Program Files (x86)\COSMIC\FSE_Compilers\CXSTM8\Lib\libis0.sm8)ildiv0.o
                                                (C:\Program Files (x86)\COSMIC\FSE_Compilers\CXSTM8\Lib\libm0.sm8)ludiv.o
c_imul                       0000b54f   defined in (C:\Program Files (x86)\COSMIC\FSE_Compilers\CXSTM8\Lib\libm0.sm8)imul.o section .text
                                        used in Debug\comms.o Debug\stc1000p.o
                                                (C:\Program Files (x86)\COSMIC\FSE_Compilers\CXSTM8\Lib\libis0.sm8)atoi.o
                                                (C:\Program Files (x86)\COSMIC\FSE_Compilers\CXSTM8\Lib\libis0.sm8)cprint.o
c_itolx                      0000b570   defined in (C:\Program Files (x86)\COSMIC\FSE_Compilers\CXSTM8\Lib\libm0.sm8)itolx.o section .text
                                        used in Debug\adc.o Debug\pid.o
                                                Debug\stc1000p_lib.o
c_lcmp                       0000b57e   defined in (C:\Program Files (x86)\COSMIC\FSE_Compilers\CXSTM8\Lib\libm0.sm8)lcmp.o section .text
                                        used in Debug\delay.o Debug\scheduler.o
c_lgadc                      0000b59e   defined in (C:\Program Files (x86)\COSMIC\FSE_Compilers\CXSTM8\Lib\libm0.sm8)lgadc.o section .text
                                        used in Debug\delay.o Debug\stc1000p.o
c_lgadd                      0000b5ae   defined in (C:\Program Files (x86)\COSMIC\FSE_Compilers\CXSTM8\Lib\libm0.sm8)lgadd.o section .text
                                        used in Debug\adc.o Debug\pid.o
                                                Debug\scheduler.o
                                                Debug\stc1000p_lib.o
c_lgneg                      0000b5c5   defined in (C:\Program Files (x86)\COSMIC\FSE_Compilers\CXSTM8\Lib\libm0.sm8)lgneg.o section .text
                                        used in (C:\Program Files (x86)\COSMIC\FSE_Compilers\CXSTM8\Lib\libm0.sm8)ldiv.o
c_lgrsh                      0000b5d8   defined in (C:\Program Files (x86)\COSMIC\FSE_Compilers\CXSTM8\Lib\libm0.sm8)lgrsh.o section .text
                                        used in Debug\stc1000p_lib.o
c_lgsub                      0000b5e6   defined in (C:\Program Files (x86)\COSMIC\FSE_Compilers\CXSTM8\Lib\libm0.sm8)lgsub.o section .text
                                        used in Debug\scheduler.o
c_lmul                       0000b5fd   defined in (C:\Program Files (x86)\COSMIC\FSE_Compilers\CXSTM8\Lib\libm0.sm8)lmul.o section .text
                                        used in Debug\pid.o
c_lmulc                      0000b605   defined in (C:\Program Files (x86)\COSMIC\FSE_Compilers\CXSTM8\Lib\libm0.sm8)lmul.o section .text
                                        *** not used ***
c_lneg                       0000b688   defined in (C:\Program Files (x86)\COSMIC\FSE_Compilers\CXSTM8\Lib\libm0.sm8)lneg.o section .text
                                        used in (C:\Program Files (x86)\COSMIC\FSE_Compilers\CXSTM8\Lib\libis0.sm8)itob.o
                                                (C:\Program Files (x86)\COSMIC\FSE_Compilers\CXSTM8\Lib\libm0.sm8)ldiv.o
c_lreg                       00000099   defined in (C:\Program Files (x86)\COSMIC\FSE_Compilers\CXSTM8\Lib\libm0.sm8)lreg.o section .ubsct
                                        used in Debug\adc.o Debug\delay.o
                                                Debug\pid.o Debug\scheduler.o
                                                (C:\Program Files (x86)\COSMIC\FSE_Compilers\CXSTM8\Lib\libis0.sm8)cprint.o
                                                (C:\Program Files (x86)\COSMIC\FSE_Compilers\CXSTM8\Lib\libm0.sm8)cmulx.o
                                                (C:\Program Files (x86)\COSMIC\FSE_Compilers\CXSTM8\Lib\libm0.sm8)ldiv.o
                                                (C:\Program Files (x86)\COSMIC\FSE_Compilers\CXSTM8\Lib\libm0.sm8)itolx.o
                                                (C:\Program Files (x86)\COSMIC\FSE_Compilers\CXSTM8\Lib\libm0.sm8)lcmp.o
                                                (C:\Program Files (x86)\COSMIC\FSE_Compilers\CXSTM8\Lib\libm0.sm8)lgadd.o
                                                (C:\Program Files (x86)\COSMIC\FSE_Compilers\CXSTM8\Lib\libm0.sm8)lgsub.o
                                                (C:\Program Files (x86)\COSMIC\FSE_Compilers\CXSTM8\Lib\libm0.sm8)lmul.o
                                                (C:\Program Files (x86)\COSMIC\FSE_Compilers\CXSTM8\Lib\libm0.sm8)lneg.o
                                                (C:\Program Files (x86)\COSMIC\FSE_Compilers\CXSTM8\Lib\libm0.sm8)lrsh.o
                                                (C:\Program Files (x86)\COSMIC\FSE_Compilers\CXSTM8\Lib\libm0.sm8)lsub.o
                                                (C:\Program Files (x86)\COSMIC\FSE_Compilers\CXSTM8\Lib\libm0.sm8)ltor.o
                                                (C:\Program Files (x86)\COSMIC\FSE_Compilers\CXSTM8\Lib\libm0.sm8)rtol.o
                                                (C:\Program Files (x86)\COSMIC\FSE_Compilers\CXSTM8\Lib\libm0.sm8)utolx.o
                                                (C:\Program Files (x86)\COSMIC\FSE_Compilers\CXSTM8\Lib\libm0.sm8)umul.o
c_lrsh                       0000b69d   defined in (C:\Program Files (x86)\COSMIC\FSE_Compilers\CXSTM8\Lib\libm0.sm8)lrsh.o section .text
                                        used in Debug\adc.o
c_lsub                       0000b6ac   defined in (C:\Program Files (x86)\COSMIC\FSE_Compilers\CXSTM8\Lib\libm0.sm8)lsub.o section .text
                                        used in Debug\delay.o Debug\scheduler.o
c_ltor                       0000b6c4   defined in (C:\Program Files (x86)\COSMIC\FSE_Compilers\CXSTM8\Lib\libm0.sm8)ltor.o section .text
                                        used in Debug\adc.o Debug\delay.o
                                                Debug\scheduler.o
                                                (C:\Program Files (x86)\COSMIC\FSE_Compilers\CXSTM8\Lib\libis0.sm8)itob.o
                                                (C:\Program Files (x86)\COSMIC\FSE_Compilers\CXSTM8\Lib\libis0.sm8)ildiv0.o
c_ludv                       0000b6d6   defined in (C:\Program Files (x86)\COSMIC\FSE_Compilers\CXSTM8\Lib\libm0.sm8)ludiv.o section .text
                                        used in Debug\pid.o
c_lzmp                       0000b6ea   defined in (C:\Program Files (x86)\COSMIC\FSE_Compilers\CXSTM8\Lib\libm0.sm8)lzmp.o section .text
                                        used in (C:\Program Files (x86)\COSMIC\FSE_Compilers\CXSTM8\Lib\libis0.sm8)itob.o
c_rtol                       0000b6fd   defined in (C:\Program Files (x86)\COSMIC\FSE_Compilers\CXSTM8\Lib\libm0.sm8)rtol.o section .text
                                        used in Debug\delay.o Debug\pid.o
                                                Debug\scheduler.o
                                                (C:\Program Files (x86)\COSMIC\FSE_Compilers\CXSTM8\Lib\libis0.sm8)cprint.o
                                                (C:\Program Files (x86)\COSMIC\FSE_Compilers\CXSTM8\Lib\libis0.sm8)itob.o
                                                (C:\Program Files (x86)\COSMIC\FSE_Compilers\CXSTM8\Lib\libis0.sm8)ildiv0.o
c_uitolx                     0000b70f   defined in (C:\Program Files (x86)\COSMIC\FSE_Compilers\CXSTM8\Lib\libm0.sm8)utolx.o section .text
                                        used in Debug\delay.o Debug\pid.o
                                                Debug\scheduler.o
c_umul                       0000b716   defined in (C:\Program Files (x86)\COSMIC\FSE_Compilers\CXSTM8\Lib\libm0.sm8)umul.o section .text
                                        used in Debug\pid.o
c_x                          0000009d   defined in (C:\Program Files (x86)\COSMIC\FSE_Compilers\CXSTM8\Lib\libm0.sm8)xreg.o section .ubsct
                                        used in C:\Program Files (x86)\COSMIC\FSE_Compilers\CXSTM8\Lib\crtsi0.sm8
                                                Debug\stc1000p.o
                                                Debug\stc1000p_lib.o
                                                (C:\Program Files (x86)\COSMIC\FSE_Compilers\CXSTM8\Lib\libis0.sm8)strlen0.o
                                                (C:\Program Files (x86)\COSMIC\FSE_Compilers\CXSTM8\Lib\libm0.sm8)ldiv.o
                                                (C:\Program Files (x86)\COSMIC\FSE_Compilers\CXSTM8\Lib\libm0.sm8)imul.o
                                                (C:\Program Files (x86)\COSMIC\FSE_Compilers\CXSTM8\Lib\libm0.sm8)lmul.o
                                                (C:\Program Files (x86)\COSMIC\FSE_Compilers\CXSTM8\Lib\libm0.sm8)umul.o
                                                (C:\Program Files (x86)\COSMIC\FSE_Compilers\CXSTM8\Lib\libm0.sm8)xymvx.o
c_xymvx                      0000b752   defined in (C:\Program Files (x86)\COSMIC\FSE_Compilers\CXSTM8\Lib\libm0.sm8)xymvx.o section .text
                                        used in Debug\comms.o Debug\uart.o
c_y                          000000a0   defined in (C:\Program Files (x86)\COSMIC\FSE_Compilers\CXSTM8\Lib\libm0.sm8)yreg.o section .ubsct
                                        used in C:\Program Files (x86)\COSMIC\FSE_Compilers\CXSTM8\Lib\crtsi0.sm8
                                                Debug\stc1000p.o Debug\uart.o
                                                (C:\Program Files (x86)\COSMIC\FSE_Compilers\CXSTM8\Lib\libm0.sm8)umul.o
f_NonHandledInterrupt        0000b761   defined in Debug\stm8_interrupt_vector.o section .text
