
Map of Debug\stc1000p_steroids.sm8 from link file Debug\stc1000p_steroids.lkf - Fri Apr 06 15:57:41 2018


                               --------
                               Segments
                               --------

start 00008080 end 0000818f length   271 segment .const
start 000081db end 0000acff length 11044 segment .text
start 00004000 end 0000410e length   270 segment .eeprom
start 00000000 end 0000003d length    61 segment .bsct, initialized
start 0000819c end 000081d9 length    61 segment .bsct, from
start 0000003d end 000000eb length   174 segment .ubsct
start 0000eb:0 end 0000ec:1 length     9 segment .bit, initialized
start 000081d9 end 000081db length     2 segment .bit, from
start 000000ed end 000000ed length     0 segment .share
start 00000100 end 00000100 length     0 segment .data
start 00000100 end 00000100 length     0 segment .bss
start 00000000 end 00000aa1 length  2721 segment .info.
start 00000000 end 00017613 length 95763 segment .debug
start 00008000 end 00008080 length   128 segment .const
start 0000818f end 0000819c length    13 segment .init


                               -------
                               Modules
                               -------

C:\Program Files (x86)\COSMIC\FSE_Compilers\CXSTM8\Lib\crtsi0.sm8:
start 000081db end 0000822b length    80 section .text
start 00000100 end 00000100 length     0 section .bss
start 0000003d end 0000003d length     0 section .ubsct
start 00000000 end 0000002f length    47 section .info.

Debug\adc.o:
start 0000822b end 00008353 length   296 section .text
start 00000000 end 00001d56 length  7510 section .debug
start 0000002f end 00000097 length   104 section .info.
start 00008080 end 00008100 length   128 section .const

Debug\delay.o:
start 00008353 end 00008430 length   221 section .text
start 00000000 end 00000004 length     4 section .bsct
start 00001d56 end 00003acc length  7542 section .debug
start 00000097 end 00000101 length   106 section .info.

Debug\eep.o:
start 00008430 end 000084a1 length   113 section .text
start 00003acc end 00005765 length  7321 section .debug
start 00000101 end 00000169 length   104 section .info.

Debug\fo433.o:
start 000084a1 end 000085f9 length   344 section .text
start 00000004 end 0000000b length     7 section .bsct
start 0000003d end 00000043 length     6 section .ubsct
start 00005765 end 00007501 length  7580 section .debug
start 00000169 end 000001d3 length   106 section .info.

Debug\i2c.o:
start 000085f9 end 00008c06 length  1549 section .text
start 00007501 end 00009cac length 10155 section .debug
start 000001d3 end 0000023b length   104 section .info.

Debug\nrf24.o:
start 00008c06 end 00008e78 length   626 section .text
start 00000043 end 00000044 length     1 section .ubsct
start 00009cac end 0000c0e5 length  9273 section .debug
start 0000023b end 000002a5 length   106 section .info.

Debug\nrf24_stm8_specific.o:
start 00008e78 end 00008eae length    54 section .text
start 0000c0e5 end 0000dd87 length  7330 section .debug
start 000002a5 end 0000031d length   120 section .info.

Debug\one_wire.o:
start 00008eae end 0000940f length  1377 section .text
start 00000044 end 00000052 length    14 section .ubsct
start 0000dd87 end 000104b0 length 10025 section .debug
start 0000031d end 0000038a length   109 section .info.
start 0000eb:0 end 0000eb:1 length     1 section .bit

Debug\pid.o:
start 0000940f end 00009513 length   260 section .text
start 0000000b end 00000012 length     7 section .bsct
start 00000052 end 00000062 length    16 section .ubsct
start 000104b0 end 00010749 length   665 section .debug
start 0000038a end 000003f2 length   104 section .info.

Debug\scheduler.o:
start 00009513 end 00009778 length   613 section .text
start 00000012 end 00000013 length     1 section .bsct
start 00000062 end 000000cb length   105 section .ubsct
start 00010749 end 00010cc7 length  1406 section .debug
start 000003f2 end 00000460 length   110 section .info.

Debug\spi.o:
start 00009778 end 000097e5 length   109 section .text
start 000000cb end 000000cc length     1 section .ubsct
start 00010cc7 end 00012973 length  7340 section .debug
start 00000460 end 000004c8 length   104 section .info.

Debug\stc1000p.o:
start 000097e5 end 00009e40 length  1627 section .text
start 00000013 end 0000002d length    26 section .bsct
start 000000cc end 000000d2 length     6 section .ubsct
start 00012973 end 00014b86 length  8723 section .debug
start 000004c8 end 00000535 length   109 section .info.
start 0000eb:1 end 0000eb:5 length     4 section .bit
start 00008100 end 0000811b length    27 section .const

Debug\stc1000p_lib.o:
start 00009e40 end 0000aa0d length  3021 section .text
start 0000002d end 0000003d length    16 section .bsct
start 000000d2 end 000000e1 length    15 section .ubsct
start 00014b86 end 00017463 length 10461 section .debug
start 00000535 end 000005a6 length   113 section .info.
start 0000811b end 0000818f length   116 section .const
start 00004000 end 0000410e length   270 section .eeprom
start 0000eb:5 end 0000ec:1 length     4 section .bit

(C:\Program Files (x86)\COSMIC\FSE_Compilers\CXSTM8\Lib\libis0.sm8)strcmp0.o:
start 0000aa0d end 0000aa20 length    19 section .text
start 000005a6 end 000005d4 length    46 section .info.

(C:\Program Files (x86)\COSMIC\FSE_Compilers\CXSTM8\Lib\libis0.sm8)strncp.o:
start 0000aa20 end 0000aa46 length    38 section .text
start 000005d4 end 00000648 length   116 section .info.

(C:\Program Files (x86)\COSMIC\FSE_Compilers\CXSTM8\Lib\libm0.sm8)cmulx.o:
start 0000aa46 end 0000aa5a length    20 section .text
start 00000648 end 00000677 length    47 section .info.

(C:\Program Files (x86)\COSMIC\FSE_Compilers\CXSTM8\Lib\libm0.sm8)itolx.o:
start 0000aa5a end 0000aa68 length    14 section .text
start 00000677 end 000006a6 length    47 section .info.

(C:\Program Files (x86)\COSMIC\FSE_Compilers\CXSTM8\Lib\libm0.sm8)lcmp.o:
start 0000aa68 end 0000aa88 length    32 section .text
start 000006a6 end 000006d4 length    46 section .info.

(C:\Program Files (x86)\COSMIC\FSE_Compilers\CXSTM8\Lib\libm0.sm8)lgadc.o:
start 0000aa88 end 0000aa98 length    16 section .text
start 000006d4 end 00000703 length    47 section .info.

(C:\Program Files (x86)\COSMIC\FSE_Compilers\CXSTM8\Lib\libm0.sm8)lgadd.o:
start 0000aa98 end 0000aaaf length    23 section .text
start 00000703 end 00000732 length    47 section .info.

(C:\Program Files (x86)\COSMIC\FSE_Compilers\CXSTM8\Lib\libm0.sm8)lgrsh.o:
start 0000aaaf end 0000aabd length    14 section .text
start 00000732 end 00000761 length    47 section .info.

(C:\Program Files (x86)\COSMIC\FSE_Compilers\CXSTM8\Lib\libm0.sm8)lmul.o:
start 0000aabd end 0000ab48 length   139 section .text
start 00000761 end 0000078f length    46 section .info.

(C:\Program Files (x86)\COSMIC\FSE_Compilers\CXSTM8\Lib\libm0.sm8)lreg.o:
start 000000e1 end 000000e5 length     4 section .ubsct
start 0000078f end 000007bd length    46 section .info.

(C:\Program Files (x86)\COSMIC\FSE_Compilers\CXSTM8\Lib\libm0.sm8)lrsh.o:
start 0000ab48 end 0000ab57 length    15 section .text
start 000007bd end 000007eb length    46 section .info.

(C:\Program Files (x86)\COSMIC\FSE_Compilers\CXSTM8\Lib\libm0.sm8)lsub.o:
start 0000ab57 end 0000ab6f length    24 section .text
start 000007eb end 00000819 length    46 section .info.

(C:\Program Files (x86)\COSMIC\FSE_Compilers\CXSTM8\Lib\libm0.sm8)ltor.o:
start 0000ab6f end 0000ab81 length    18 section .text
start 00000819 end 00000847 length    46 section .info.

(C:\Program Files (x86)\COSMIC\FSE_Compilers\CXSTM8\Lib\libm0.sm8)ludiv.o:
start 0000ab81 end 0000ab95 length    20 section .text
start 00000847 end 00000876 length    47 section .info.

(C:\Program Files (x86)\COSMIC\FSE_Compilers\CXSTM8\Lib\libm0.sm8)ldiv.o:
start 0000ab95 end 0000ac80 length   235 section .text
start 00000876 end 000008a4 length    46 section .info.

(C:\Program Files (x86)\COSMIC\FSE_Compilers\CXSTM8\Lib\libm0.sm8)lgneg.o:
start 0000ac80 end 0000ac93 length    19 section .text
start 000008a4 end 000008d3 length    47 section .info.

(C:\Program Files (x86)\COSMIC\FSE_Compilers\CXSTM8\Lib\libm0.sm8)lneg.o:
start 0000ac93 end 0000aca8 length    21 section .text
start 000008d3 end 00000901 length    46 section .info.

(C:\Program Files (x86)\COSMIC\FSE_Compilers\CXSTM8\Lib\libm0.sm8)rtol.o:
start 0000aca8 end 0000acba length    18 section .text
start 00000901 end 0000092f length    46 section .info.

(C:\Program Files (x86)\COSMIC\FSE_Compilers\CXSTM8\Lib\libm0.sm8)utolx.o:
start 0000acba end 0000acc1 length     7 section .text
start 0000092f end 0000095e length    47 section .info.

(C:\Program Files (x86)\COSMIC\FSE_Compilers\CXSTM8\Lib\libm0.sm8)umul.o:
start 0000acc1 end 0000acfd length    60 section .text
start 0000095e end 0000098c length    46 section .info.

(C:\Program Files (x86)\COSMIC\FSE_Compilers\CXSTM8\Lib\libm0.sm8)xreg.o:
start 000000e5 end 000000e8 length     3 section .ubsct
start 0000098c end 000009ba length    46 section .info.

(C:\Program Files (x86)\COSMIC\FSE_Compilers\CXSTM8\Lib\libm0.sm8)yreg.o:
start 000000e8 end 000000eb length     3 section .ubsct
start 000009ba end 000009e8 length    46 section .info.

Debug\stm8_interrupt_vector.o:
start 0000acfd end 0000acff length     2 section .text
start 00017463 end 00017613 length   432 section .debug
start 000009e8 end 00000a62 length   122 section .info.
start 00008000 end 00008080 length   128 section .const


                             -----------
                             Stack usage
                             -----------

Debug\adc.o:
_ad_to_temp                     15   (13)
_read_adc                        9   (9)

Debug\delay.o:
_delay_msec                     25   (17)
_delay_usec                     14   (8)
_millis                          8   (6)
_tmr2_val                        6   (6)

Debug\eep.o:
_eeprom_read_config              6   (6)
_eeprom_write_config            13   (7)

Debug\fo433.o:
_fo433_crc8                      6   (6)
_fo433_fsm                      12   (6)
_fo433_isr                       2   (2)

Debug\i2c.o:
_I2C_IRQHandler             >    5   (5)
_ds2482_detect                  26   (3)
_ds2482_detect_bb               38   (3)
_ds2482_reset                   18   (5)
_ds2482_reset_bb                30   (5)
_ds2482_search_triplet          25   (7)
_ds2482_write_config            23   (5)
_ds2482_write_config_bb         35   (5)
_i2c_delay                       3   (3)
_i2c_init                       17   (3)
_i2c_read                       13   (5)
_i2c_readN                       8   (5)
_i2c_read_bb                    19   (5)
_i2c_rep_start                   7   (4)
_i2c_rep_start_bb               25   (3)
_i2c_start                      12   (4)
_i2c_start_bb                   22   (3)
_i2c_stop                        5   (2)
_i2c_stop_bb                    16   (2)
_i2c_write                       6   (3)
_i2c_write_bb                   19   (5)
_lm92_read                  >   22   (10)
_mcp23008_init              >   20   (3)
_mcp230xx_read              >   17   (5)
_mcp230xx_write                 17   (5)
_recv_ack_bit                    8   (5)

Debug\nrf24.o:
_nrf24_config                   28   (2)
_nrf24_configRegister           24   (4)
_nrf24_dataReady            >   40   (3)
_nrf24_getData              >   32   (4)
_nrf24_getStatus                23   (3)
_nrf24_isSending                26   (3)
_nrf24_lastMessageStatus        26   (3)
_nrf24_payloadLength        >   23   (3)
_nrf24_payload_length       >    2   (2)
_nrf24_powerDown                26   (2)
_nrf24_powerUpRx                26   (2)
_nrf24_powerUpTx                26   (2)
_nrf24_readRegister             34   (6)
_nrf24_retransmissionCount      37   (3)
_nrf24_rxFifoEmpty              37   (3)
_nrf24_rx_address               36   (4)
_nrf24_send                     30   (4)
_nrf24_transferSync             28   (8)
_nrf24_transmitSync             26   (6)
_nrf24_tx_address               36   (4)
_nrf24_writeRegister            32   (6)

Debug\nrf24_stm8_specific.o:
_nrf24_ce                        2   (2)
_nrf24_csn                       2   (2)
_nrf24_init                      4   (2)
_spi_transfer                   20   (2)

Debug\one_wire.o:
_OW_block                   >   35   (7)
_OW_family_skip_setup       >    2   (2)
_OW_first                   >   38   (2)
_OW_next                    >   38   (2)
_OW_read_bit                >   26   (2)
_OW_read_byte                   24   (6)
_OW_reset                       23   (5)
_OW_search                      36   (11)
_OW_target_setup            >    3   (3)
_OW_touch_bit                   24   (6)
_OW_touch_byte                  28   (4)
_OW_verify                  >   53   (17)
_OW_write_bit               >   28   (4)
_OW_write_byte                  24   (6)
_calc_crc8                       3   (3)
_ds18b20_read                   42   (18)
_ds18b20_start_conversion       28   (4)

Debug\pid.o:
_init_pid                       29   (15)
_pid_ctrl                       18   (12)

Debug\scheduler.o:
_add_task                       25   (15)
_disable_task                   10   (6)
_dispatch_tasks                 55   (3) *** pointer() ***
_enable_task                    10   (6)
_scheduler_init                  2   (2)
_scheduler_isr                   3   (3)
_set_task_time_period       >   12   (8)

Debug\spi.o:
_SPI_Handler                >    5   (5)
_spi_init                        2   (2)
_spi_read                       18   (4)
_spi_write                      17   (3)

Debug\stc1000p.o:
_TIM2_UPD_OVF_IRQHandler    >   14   (11)
_adc_task                       22   (7)
_ctrl_task                      52   (8)
_initialise_system_clock         2   (2)
_main                       >   60   (5)
_multiplexer                     2   (2)
_one_wire_task                  44   (2)
_pid_to_time                     4   (4)
_prfl_task                      32   (2)
_setup_gpio_ports                2   (2)
_setup_timer2                    2   (2)
_spi_task                       48   (11)
_std_task                       24   (2)

Debug\stc1000p_lib.o:
_check_config_value             18   (10)
_divu10                         12   (12)
_enable_cooling                  2   (2)
_enable_heating                  2   (2)
_init_temp_delays                8   (2)
_menu_fsm                       22   (4)
_min_to_sec                     10   (4)
_pid_control                    31   (2)
_prx_to_led                      4   (4)
_range                           8   (8)
_read_buttons                    5   (3)
_restore_display_state           2   (2)
_save_display_state              2   (2)
_temperature_control            12   (2)
_update_profile                 30   (17)
_value_to_led                   18   (6)

Debug\stm8_interrupt_vector.o:
f_NonHandledInterrup5       >    6   (6)
f_NonHandledInterrupt       >    6   (6)

C:\Program Files (x86:
_strcmp                          4   (4)
_strncpy                        10   (10)

Stack size: 74


                              ---------
                              Call tree
                              ---------
   1 > _I2C_IRQHandler: (5)

   2 > _OW_block: (7)
   3      + _OW_touch_byte: (4)
   4      |    + _OW_read_byte: (6)
   5      |    |    + _ds2482_reset: (5)
   6      |    |    |    + _i2c_read: (5)
   7      |    |    |    |    + _i2c_delay: (3)
   8      |    |    |    |    + _i2c_readN: (5)
   9      |    |    |    |    |    + _i2c_delay --> 7
          |    |    |    |    | 
          |    |    |    | 
  10      |    |    |    + _i2c_rep_start: (4)
  11      |    |    |    |    + _i2c_delay --> 7
          |    |    |    | 
  12      |    |    |    + _i2c_start: (4)
  13      |    |    |    |    + _i2c_delay --> 7
  14      |    |    |    |    + _i2c_stop: (2)
  15      |    |    |    |    |    + _i2c_delay --> 7
          |    |    |    |    | 
  16      |    |    |    |    + _recv_ack_bit: (5)
  17      |    |    |    |    |    + _i2c_delay --> 7
          |    |    |    |    | 
          |    |    |    | 
  18      |    |    |    + _i2c_write: (3)
  19      |    |    |    |    + _i2c_delay --> 7
          |    |    |    | 
          |    |    | 
  20      |    |    + _i2c_read --> 6
  21      |    |    + _i2c_rep_start --> 10
  22      |    |    + _i2c_start --> 12
  23      |    |    + _i2c_stop --> 14
  24      |    |    + _i2c_write --> 18
          |    | 
  25      |    + _OW_write_byte: (6)
  26      |    |    + _ds2482_reset --> 5
  27      |    |    + _i2c_read --> 6
  28      |    |    + _i2c_rep_start --> 10
  29      |    |    + _i2c_start --> 12
  30      |    |    + _i2c_stop --> 14
  31      |    |    + _i2c_write --> 18
          |    | 
          | 
       
  32 > _OW_family_skip_setup: (2)

  33 > _OW_first: (2)
  34      + _OW_search: (11)
  35      |    + _OW_reset: (5)
  36      |    |    + _ds2482_reset --> 5
  37      |    |    + _i2c_read --> 6
  38      |    |    + _i2c_rep_start --> 10
  39      |    |    + _i2c_start --> 12
  40      |    |    + _i2c_stop --> 14
  41      |    |    + _i2c_write --> 18
          |    | 
  42      |    + _OW_write_byte --> 25
  43      |    + _calc_crc8: (3)
  44      |    + _ds2482_search_triplet: (7)
  45      |    |    + _ds2482_reset --> 5
  46      |    |    + _i2c_read --> 6
  47      |    |    + _i2c_rep_start --> 10
  48      |    |    + _i2c_start --> 12
  49      |    |    + _i2c_write --> 18
          |    | 
          | 
       
  50 > _OW_next: (2)
  51      + _OW_search --> 34
       
  52 > _OW_read_bit: (2)
  53      + _OW_touch_bit: (6)
  54      |    + _ds2482_reset --> 5
  55      |    + _i2c_read --> 6
  56      |    + _i2c_rep_start --> 10
  57      |    + _i2c_start --> 12
  58      |    + _i2c_stop --> 14
  59      |    + _i2c_write --> 18
          | 
       
  60 > _OW_target_setup: (3)

  61 > _OW_verify: (17)
  62      + _OW_search --> 34
       
  63 > _OW_write_bit: (4)
  64      + _OW_touch_bit --> 53
       
  65 > _SPI_Handler: (5)

  66 > _TIM2_UPD_OVF_IRQHandler: (11)
  67      + _fo433_isr: (2)
  68      + _multiplexer: (2)
  69      + _scheduler_isr: (3)
       
  70 > __stext: (0)

  71 > _lm92_read: (10)
  72      + _i2c_readN --> 8
  73      + _i2c_start --> 12
  74      + _i2c_stop --> 14
       
  75 > _main: (5)
  76      + _add_task: (15)
  77      |    + _strncpy: (10)
          | 
  78      + _disable_task: (6)
  79      |    + _strcmp: (4)
          | 
  80      + _dispatch_tasks: (3)
  81      |    + (_adc_task) ...
  82      |    + (_ctrl_task) ...
  83      |    + (_prfl_task) ...
  84      |    + (_spi_task) ...
  85      |    + (_std_task) ...
          | 
  86      + _ds2482_detect: (3)
  87      |    + _ds2482_reset --> 5
  88      |    + _ds2482_write_config: (5)
  89      |    |    + _ds2482_reset --> 5
  90      |    |    + _i2c_read --> 6
  91      |    |    + _i2c_rep_start --> 10
  92      |    |    + _i2c_start --> 12
  93      |    |    + _i2c_write --> 18
          |    | 
          | 
  94      + _ds2482_detect_bb: (3)
  95      |    + _ds2482_reset_bb: (5)
  96      |    |    + _i2c_read_bb: (5)
  97      |    |    |    + _delay_usec: (8)
  98      |    |    |    |    + _tmr2_val: (6)
          |    |    |    | 
          |    |    | 
  99      |    |    + _i2c_rep_start_bb: (3)
 100      |    |    |    + _delay_usec --> 97
 101      |    |    |    + _i2c_start_bb: (3)
 102      |    |    |    |    + _delay_usec --> 97
 103      |    |    |    |    + _i2c_write_bb: (5)
 104      |    |    |    |    |    + _delay_usec --> 97
          |    |    |    |    | 
          |    |    |    | 
          |    |    | 
 105      |    |    + _i2c_start_bb --> 101
 106      |    |    + _i2c_stop_bb: (2)
 107      |    |    |    + _delay_usec --> 97
          |    |    | 
 108      |    |    + _i2c_write_bb --> 103
          |    | 
 109      |    + _ds2482_write_config_bb: (5)
 110      |    |    + _ds2482_reset_bb --> 95
 111      |    |    + _i2c_read_bb --> 96
 112      |    |    + _i2c_rep_start_bb --> 99
 113      |    |    + _i2c_start_bb --> 101
 114      |    |    + _i2c_stop_bb --> 106
 115      |    |    + _i2c_write_bb --> 103
          |    | 
          | 
 116      + _eeprom_read_config: (6)
 117      + _enable_task: (6)
 118      |    + _strcmp --> 79
          | 
 119      + _i2c_init: (3)
 120      |    + _delay_usec --> 97
          | 
 121      + _initialise_system_clock: (2)
 122      + _nrf24_config: (2)
 123      |    + _nrf24_configRegister: (4)
 124      |    |    + _nrf24_csn: (2)
 125      |    |    + _spi_transfer: (2)
 126      |    |    |    + _spi_read: (4)
 127      |    |    |    |    + _delay_usec --> 97
          |    |    |    | 
 128      |    |    |    + _spi_write: (3)
 129      |    |    |    |    + _delay_usec --> 97
          |    |    |    | 
          |    |    | 
          |    | 
 130      |    + _nrf24_powerUpRx: (2)
 131      |    |    + _nrf24_ce: (2)
 132      |    |    + _nrf24_configRegister --> 123
 133      |    |    + _nrf24_csn --> 124
 134      |    |    + _spi_transfer --> 125
          |    | 
          | 
 135      + _nrf24_init: (2)
 136      |    + _nrf24_ce --> 131
 137      |    + _nrf24_csn --> 124
 138      |    + _spi_init: (2)
          | 
 139      + _nrf24_rx_address: (4)
 140      |    + _nrf24_ce --> 131
 141      |    + _nrf24_writeRegister: (6)
 142      |    |    + _nrf24_csn --> 124
 143      |    |    + _nrf24_transmitSync: (6)
 144      |    |    |    + _spi_transfer --> 125
          |    |    | 
 145      |    |    + _spi_transfer --> 125
          |    | 
          | 
 146      + _nrf24_tx_address: (4)
 147      |    + _nrf24_writeRegister --> 141
          | 
 148      + _scheduler_init: (2)
 149      + _setup_gpio_ports: (2)
 150      + _setup_timer2: (2)
       
 151 > _mcp23008_init: (3)
 152      + _mcp230xx_write: (5)
 153      |    + _i2c_start --> 12
 154      |    + _i2c_stop --> 14
 155      |    + _i2c_write --> 18
          | 
       
 156 > _mcp230xx_read: (5)
 157      + _i2c_readN --> 8
 158      + _i2c_rep_start --> 10
 159      + _i2c_start --> 12
 160      + _i2c_stop --> 14
 161      + _i2c_write --> 18
       
 162 > _nrf24_dataReady: (3)
 163      + _nrf24_getStatus: (3)
 164      |    + _nrf24_csn --> 124
 165      |    + _spi_transfer --> 125
          | 
 166      + _nrf24_rxFifoEmpty: (3)
 167      |    + _nrf24_readRegister: (6)
 168      |    |    + _nrf24_csn --> 124
 169      |    |    + _nrf24_transferSync: (8)
 170      |    |    |    + _spi_transfer --> 125
          |    |    | 
 171      |    |    + _spi_transfer --> 125
          |    | 
          | 
       
 172 > _nrf24_getData: (4)
 173      + _nrf24_configRegister --> 123
 174      + _nrf24_csn --> 124
 175      + _nrf24_transferSync --> 169
 176      + _spi_transfer --> 125
       
 177 > _nrf24_payloadLength: (3)
 178      + _nrf24_csn --> 124
 179      + _spi_transfer --> 125
       
 180 > _nrf24_payload_length: (2)

 181 > _set_task_time_period: (8)
 182      + _strcmp --> 79
       
 183 > f_NonHandledInterrup5: (6)

 184 > f_NonHandledInterrupt: (6)

 185   _OW_read_byte --> 4

 186   _OW_reset --> 35

 187   _OW_search --> 34

 188   _OW_touch_bit --> 53

 189   _OW_touch_byte --> 3

 190   _OW_write_byte --> 25

 191   _ad_to_temp: (13)

 192   _adc_task: (7)
 193      + _ad_to_temp --> 191
 194      + _eeprom_read_config --> 116
 195      + _read_adc: (9)
       
 196   _add_task --> 76

 197   _calc_crc8 --> 43

 198   _check_config_value: (10)
 199      + _range: (8)
       
 200   _ctrl_task: (8)
 201      + _eeprom_read_config --> 116
 202      + _fo433_fsm: (6)
 203      |    + _eeprom_read_config --> 116
 204      |    + _fo433_crc8: (6)
          | 
 205      + _one_wire_task: (2)
 206      |    + _ds18b20_read: (18)
 207      |    |    + _OW_read_byte --> 4
 208      |    |    + _OW_reset --> 35
 209      |    |    + _OW_write_byte --> 25
 210      |    |    + _calc_crc8 --> 43
          |    | 
 211      |    + _ds18b20_start_conversion: (4)
 212      |    |    + _OW_reset --> 35
 213      |    |    + _OW_write_byte --> 25
          |    | 
          | 
 214      + _pid_control: (2)
 215      |    + _eeprom_read_config --> 116
 216      |    + _enable_cooling: (2)
 217      |    + _enable_heating: (2)
 218      |    + _init_pid: (15)
 219      |    + _init_temp_delays: (2)
 220      |    |    + _eeprom_read_config --> 116
          |    | 
 221      |    + _min_to_sec: (4)
 222      |    |    + _eeprom_read_config --> 116
          |    | 
 223      |    + _pid_ctrl: (12)
          | 
 224      + _temperature_control: (2)
 225      |    + _enable_cooling --> 216
 226      |    + _enable_heating --> 217
 227      |    + _init_temp_delays --> 219
 228      |    + _min_to_sec --> 221
          | 
 229      + _value_to_led: (6)
 230      |    + _divu10: (12)
          | 
       
 231   _delay_msec: (17)
 232      + _millis: (6)
       
 233   _delay_usec --> 97

 234   _disable_task --> 78

 235   _dispatch_tasks --> 80

 236   _divu10 --> 230

 237   _ds18b20_read --> 206

 238   _ds18b20_start_conversion --> 211

 239   _ds2482_detect --> 86

 240   _ds2482_detect_bb --> 94

 241   _ds2482_reset --> 5

 242   _ds2482_reset_bb --> 95

 243   _ds2482_search_triplet --> 44

 244   _ds2482_write_config --> 88

 245   _ds2482_write_config_bb --> 109

 246   _eeprom_read_config --> 116

 247   _eeprom_write_config: (7)
 248      + _eeprom_read_config --> 116
       
 249   _enable_cooling --> 216

 250   _enable_heating --> 217

 251   _enable_task --> 117

 252   _fo433_crc8 --> 204

 253   _fo433_fsm --> 202

 254   _fo433_isr --> 67

 255   _i2c_delay --> 7

 256   _i2c_init --> 119

 257   _i2c_read --> 6

 258   _i2c_readN --> 8

 259   _i2c_read_bb --> 96

 260   _i2c_rep_start --> 10

 261   _i2c_rep_start_bb --> 99

 262   _i2c_start --> 12

 263   _i2c_start_bb --> 101

 264   _i2c_stop --> 14

 265   _i2c_stop_bb --> 106

 266   _i2c_write --> 18

 267   _i2c_write_bb --> 103

 268   _init_pid --> 218

 269   _init_temp_delays --> 219

 270   _initialise_system_clock --> 121

 271   _mcp230xx_write --> 152

 272   _menu_fsm: (4)
 273      + _check_config_value --> 198
 274      + _eeprom_read_config --> 116
 275      + _eeprom_write_config --> 247
 276      + _prx_to_led: (4)
 277      + _value_to_led --> 229
       
 278   _millis --> 232

 279   _min_to_sec --> 221

 280   _multiplexer --> 68

 281   _nrf24_ce --> 131

 282   _nrf24_config --> 122

 283   _nrf24_configRegister --> 123

 284   _nrf24_csn --> 124

 285   _nrf24_getStatus --> 163

 286   _nrf24_init --> 135

 287   _nrf24_isSending: (3)
 288      + _nrf24_getStatus --> 163
       
 289   _nrf24_lastMessageStatus: (3)
 290      + _nrf24_getStatus --> 163
       
 291   _nrf24_powerDown: (2)
 292      + _nrf24_ce --> 131
 293      + _nrf24_configRegister --> 123
       
 294   _nrf24_powerUpRx --> 130

 295   _nrf24_powerUpTx: (2)
 296      + _nrf24_configRegister --> 123
       
 297   _nrf24_readRegister --> 167

 298   _nrf24_retransmissionCount: (3)
 299      + _nrf24_readRegister --> 167
       
 300   _nrf24_rxFifoEmpty --> 166

 301   _nrf24_rx_address --> 139

 302   _nrf24_send: (4)
 303      + _nrf24_ce --> 131
 304      + _nrf24_csn --> 124
 305      + _nrf24_powerUpTx --> 295
 306      + _nrf24_transmitSync --> 143
 307      + _spi_transfer --> 125
       
 308   _nrf24_transferSync --> 169

 309   _nrf24_transmitSync --> 143

 310   _nrf24_tx_address --> 146

 311   _nrf24_writeRegister --> 141

 312   _one_wire_task --> 205

 313   _pid_control --> 214

 314   _pid_ctrl --> 223

 315   _pid_to_time: (4)

 316   _prfl_task: (2)
 317      + _update_profile: (17)
 318      |    + _eeprom_read_config --> 116
 319      |    + _eeprom_write_config --> 247
          | 
       
 320   _prx_to_led --> 276

 321   _range --> 199

 322   _read_adc --> 195

 323   _read_buttons: (3)
 324      + _restore_display_state: (2)
 325      + _save_display_state: (2)
       
 326   _recv_ack_bit --> 16

 327   _restore_display_state --> 324

 328   _save_display_state --> 325

 329   _scheduler_init --> 148

 330   _scheduler_isr --> 69

 331   _setup_gpio_ports --> 149

 332   _setup_timer2 --> 150

 333   _spi_init --> 138

 334   _spi_read --> 126

 335   _spi_task: (11)
 336      + _delay_msec --> 231
 337      + _nrf24_isSending --> 287
 338      + _nrf24_lastMessageStatus --> 289
 339      + _nrf24_powerDown --> 291
 340      + _nrf24_retransmissionCount --> 298
 341      + _nrf24_send --> 302
       
 342   _spi_transfer --> 125

 343   _spi_write --> 128

 344   _std_task: (2)
 345      + _menu_fsm --> 272
 346      + _pid_to_time --> 315
 347      + _read_buttons --> 323
       
 348   _strcmp --> 79

 349   _strncpy --> 77

 350   _temperature_control --> 224

 351   _tmr2_val --> 98

 352   _update_profile --> 317

 353   _value_to_led --> 229



                               -------
                               Symbols
                               -------

_ADC_AWCRH                   0000540e   defined in Debug\adc.o
_ADC_AWCRL                   0000540f   defined in Debug\adc.o
_ADC_AWSRH                   0000540c   defined in Debug\adc.o
_ADC_AWSRL                   0000540d   defined in Debug\adc.o
_ADC_CR1                     00005401   defined in Debug\adc.o
_ADC_CR2                     00005402   defined in Debug\adc.o
_ADC_CR3                     00005403   defined in Debug\adc.o
_ADC_CSR                     00005400   defined in Debug\adc.o
_ADC_DBR                     000053e0   defined in Debug\adc.o
_ADC_DRH                     00005404   defined in Debug\adc.o
_ADC_DRL                     00005405   defined in Debug\adc.o
_ADC_HTRH                    00005408   defined in Debug\adc.o
_ADC_HTRL                    00005409   defined in Debug\adc.o
_ADC_LTRH                    0000540a   defined in Debug\adc.o
_ADC_LTRL                    0000540b   defined in Debug\adc.o
_ADC_TDRH                    00005406   defined in Debug\adc.o
_ADC_TDRL                    00005407   defined in Debug\adc.o
_AWU_APR                     000050f1   defined in Debug\adc.o
_AWU_CSR1                    000050f0   defined in Debug\adc.o
_AWU_TBR                     000050f2   defined in Debug\adc.o
_BEEP_CSR                    000050f3   defined in Debug\adc.o
_CFG_GCR                     00007f60   defined in Debug\adc.o
_CLK_CANCCR                  000050cb   defined in Debug\adc.o
_CLK_CCOR                    000050c9   defined in Debug\adc.o
_CLK_CKDIVR                  000050c6   defined in Debug\adc.o
_CLK_CMSR                    000050c3   defined in Debug\adc.o
_CLK_CSSR                    000050c8   defined in Debug\adc.o
_CLK_ECKCR                   000050c1   defined in Debug\adc.o
_CLK_HSITRIMR                000050cc   defined in Debug\adc.o
_CLK_ICKCR                   000050c0   defined in Debug\adc.o
_CLK_PCKENR1                 000050c7   defined in Debug\adc.o
_CLK_PCKENR2                 000050ca   defined in Debug\adc.o
_CLK_SWCR                    000050c5   defined in Debug\adc.o
_CLK_SWIMCCR                 000050cd   defined in Debug\adc.o
_CLK_SWR                     000050c4   defined in Debug\adc.o
_DM_BK1RE                    00007f90   defined in Debug\adc.o
_DM_BK1RH                    00007f91   defined in Debug\adc.o
_DM_BK1RL                    00007f92   defined in Debug\adc.o
_DM_BK2RE                    00007f93   defined in Debug\adc.o
_DM_BK2RH                    00007f94   defined in Debug\adc.o
_DM_BK2RL                    00007f95   defined in Debug\adc.o
_DM_CR1                      00007f96   defined in Debug\adc.o
_DM_CR2                      00007f97   defined in Debug\adc.o
_DM_CSR1                     00007f98   defined in Debug\adc.o
_DM_CSR2                     00007f99   defined in Debug\adc.o
_DM_ENFCTR                   00007f9a   defined in Debug\adc.o
_EXTI_CR1                    000050a0   defined in Debug\adc.o
_EXTI_CR2                    000050a1   defined in Debug\adc.o
_FLASH_CR1                   0000505a   defined in Debug\adc.o
_FLASH_CR2                   0000505b   defined in Debug\adc.o
_FLASH_DUKR                  00005064   defined in Debug\adc.o
_FLASH_FPR                   0000505d   defined in Debug\adc.o
_FLASH_IAPSR                 0000505f   defined in Debug\adc.o
_FLASH_NCR2                  0000505c   defined in Debug\adc.o
_FLASH_NFPR                  0000505e   defined in Debug\adc.o
_FLASH_PUKR                  00005062   defined in Debug\adc.o
_I2C_CCRH                    0000521c   defined in Debug\adc.o
_I2C_CCRL                    0000521b   defined in Debug\adc.o
_I2C_CR1                     00005210   defined in Debug\adc.o
_I2C_CR2                     00005211   defined in Debug\adc.o
_I2C_DR                      00005216   defined in Debug\adc.o
_I2C_FREQR                   00005212   defined in Debug\adc.o
_I2C_IRQHandler              00008738   defined in Debug\i2c.o section .text
                                        used in Debug\stm8_interrupt_vector.o
_I2C_ITR                     0000521a   defined in Debug\adc.o
_I2C_OARH                    00005214   defined in Debug\adc.o
_I2C_OARL                    00005213   defined in Debug\adc.o
_I2C_PECR                    0000521e   defined in Debug\adc.o
_I2C_SR1                     00005217   defined in Debug\adc.o
_I2C_SR2                     00005218   defined in Debug\adc.o
_I2C_SR3                     00005219   defined in Debug\adc.o
_I2C_TRISER                  0000521d   defined in Debug\adc.o
_ITC_SPR1                    00007f70   defined in Debug\adc.o
_ITC_SPR2                    00007f71   defined in Debug\adc.o
_ITC_SPR3                    00007f72   defined in Debug\adc.o
_ITC_SPR4                    00007f73   defined in Debug\adc.o
_ITC_SPR5                    00007f74   defined in Debug\adc.o
_ITC_SPR6                    00007f75   defined in Debug\adc.o
_ITC_SPR7                    00007f76   defined in Debug\adc.o
_ITC_SPR8                    00007f77   defined in Debug\adc.o
_IWDG_KR                     000050e0   defined in Debug\adc.o
_IWDG_PR                     000050e1   defined in Debug\adc.o
_IWDG_RLR                    000050e2   defined in Debug\adc.o
_LastDeviceFlag              0000eb:0   defined in Debug\one_wire.o section .bit, initialized
_LastDiscrepancy             00000048   defined in Debug\one_wire.o section .ubsct
_LastFamilyDiscrepancy       00000046   defined in Debug\one_wire.o section .ubsct
_OW_block                    000090b9   defined in Debug\one_wire.o section .text
_OW_family_skip_setup        000091dc   defined in Debug\one_wire.o section .text
_OW_first                    000090ec   defined in Debug\one_wire.o section .text
_OW_next                     000090fa   defined in Debug\one_wire.o section .text
_OW_read_bit                 00008fa9   defined in Debug\one_wire.o section .text
_OW_read_byte                00009017   defined in Debug\one_wire.o section .text
_OW_reset                    00008eae   defined in Debug\one_wire.o section .text
_OW_search                   000091ec   defined in Debug\one_wire.o section .text
_OW_target_setup             000091b9   defined in Debug\one_wire.o section .text
_OW_touch_bit                00008f27   defined in Debug\one_wire.o section .text
_OW_touch_byte               000090a0   defined in Debug\one_wire.o section .text
_OW_verify                   000090fe   defined in Debug\one_wire.o section .text
_OW_write_bit                00008f9f   defined in Debug\one_wire.o section .text
_OW_write_byte               00008fb1   defined in Debug\one_wire.o section .text
_PA_CR1                      00005003   defined in Debug\adc.o
_PA_CR2                      00005004   defined in Debug\adc.o
_PA_DDR                      00005002   defined in Debug\adc.o
_PA_IDR                      00005001   defined in Debug\adc.o
_PA_ODR                      00005000   defined in Debug\adc.o
_PB_CR1                      00005008   defined in Debug\adc.o
_PB_CR2                      00005009   defined in Debug\adc.o
_PB_DDR                      00005007   defined in Debug\adc.o
_PB_IDR                      00005006   defined in Debug\adc.o
_PB_ODR                      00005005   defined in Debug\adc.o
_PC_CR1                      0000500d   defined in Debug\adc.o
_PC_CR2                      0000500e   defined in Debug\adc.o
_PC_DDR                      0000500c   defined in Debug\adc.o
_PC_IDR                      0000500b   defined in Debug\adc.o
_PC_ODR                      0000500a   defined in Debug\adc.o
_PD_CR1                      00005012   defined in Debug\adc.o
_PD_CR2                      00005013   defined in Debug\adc.o
_PD_DDR                      00005011   defined in Debug\adc.o
_PD_IDR                      00005010   defined in Debug\adc.o
_PD_ODR                      0000500f   defined in Debug\adc.o
_PE_CR1                      00005017   defined in Debug\adc.o
_PE_CR2                      00005018   defined in Debug\adc.o
_PE_DDR                      00005016   defined in Debug\adc.o
_PE_IDR                      00005015   defined in Debug\adc.o
_PE_ODR                      00005014   defined in Debug\adc.o
_PF_CR1                      0000501c   defined in Debug\adc.o
_PF_CR2                      0000501d   defined in Debug\adc.o
_PF_DDR                      0000501b   defined in Debug\adc.o
_PF_IDR                      0000501a   defined in Debug\adc.o
_PF_ODR                      00005019   defined in Debug\adc.o
_PG_CR1                      00005021   defined in Debug\adc.o
_PG_CR2                      00005022   defined in Debug\adc.o
_PG_DDR                      00005020   defined in Debug\adc.o
_PG_IDR                      0000501f   defined in Debug\adc.o
_PG_ODR                      0000501e   defined in Debug\adc.o
_PH_CR1                      00005026   defined in Debug\adc.o
_PH_CR2                      00005027   defined in Debug\adc.o
_PH_DDR                      00005025   defined in Debug\adc.o
_PH_IDR                      00005024   defined in Debug\adc.o
_PH_ODR                      00005023   defined in Debug\adc.o
_PI_CR1                      0000502b   defined in Debug\adc.o
_PI_CR2                      0000502c   defined in Debug\adc.o
_PI_DDR                      0000502a   defined in Debug\adc.o
_PI_IDR                      00005029   defined in Debug\adc.o
_PI_ODR                      00005028   defined in Debug\adc.o
_ROM_NO                      0000004a   defined in Debug\one_wire.o section .ubsct
_RST_SR                      000050b3   defined in Debug\adc.o
_SPI_CR1                     00005200   defined in Debug\adc.o
_SPI_CR2                     00005201   defined in Debug\adc.o
_SPI_CRCPR                   00005205   defined in Debug\adc.o
_SPI_DR                      00005204   defined in Debug\adc.o
_SPI_Handler                 00009778   defined in Debug\spi.o section .text
                                        used in Debug\stm8_interrupt_vector.o
_SPI_ICR                     00005202   defined in Debug\adc.o
_SPI_RXCRCR                  00005206   defined in Debug\adc.o
_SPI_SR                      00005203   defined in Debug\adc.o
_SPI_TXCRCR                  00005207   defined in Debug\adc.o
_SWIM_CSR                    00007f80   defined in Debug\adc.o
_TIM1_ARRH                   00005262   defined in Debug\adc.o
_TIM1_ARRL                   00005263   defined in Debug\adc.o
_TIM1_BKR                    0000526d   defined in Debug\adc.o
_TIM1_CCER1                  0000525c   defined in Debug\adc.o
_TIM1_CCER2                  0000525d   defined in Debug\adc.o
_TIM1_CCMR1                  00005258   defined in Debug\adc.o
_TIM1_CCMR2                  00005259   defined in Debug\adc.o
_TIM1_CCMR3                  0000525a   defined in Debug\adc.o
_TIM1_CCMR4                  0000525b   defined in Debug\adc.o
_TIM1_CCR1H                  00005265   defined in Debug\adc.o
_TIM1_CCR1L                  00005266   defined in Debug\adc.o
_TIM1_CCR2H                  00005267   defined in Debug\adc.o
_TIM1_CCR2L                  00005268   defined in Debug\adc.o
_TIM1_CCR3H                  00005269   defined in Debug\adc.o
_TIM1_CCR3L                  0000526a   defined in Debug\adc.o
_TIM1_CCR4H                  0000526b   defined in Debug\adc.o
_TIM1_CCR4L                  0000526c   defined in Debug\adc.o
_TIM1_CNTRH                  0000525e   defined in Debug\adc.o
_TIM1_CNTRL                  0000525f   defined in Debug\adc.o
_TIM1_CR1                    00005250   defined in Debug\adc.o
_TIM1_CR2                    00005251   defined in Debug\adc.o
_TIM1_DTR                    0000526e   defined in Debug\adc.o
_TIM1_EGR                    00005257   defined in Debug\adc.o
_TIM1_ETR                    00005253   defined in Debug\adc.o
_TIM1_IER                    00005254   defined in Debug\adc.o
_TIM1_OISR                   0000526f   defined in Debug\adc.o
_TIM1_PSCRH                  00005260   defined in Debug\adc.o
_TIM1_PSCRL                  00005261   defined in Debug\adc.o
_TIM1_RCR                    00005264   defined in Debug\adc.o
_TIM1_SMCR                   00005252   defined in Debug\adc.o
_TIM1_SR1                    00005255   defined in Debug\adc.o
_TIM1_SR2                    00005256   defined in Debug\adc.o
_TIM2_ARRH                   0000530d   defined in Debug\adc.o
_TIM2_ARRL                   0000530e   defined in Debug\adc.o
_TIM2_CCER1                  00005308   defined in Debug\adc.o
_TIM2_CCER2                  00005309   defined in Debug\adc.o
_TIM2_CCMR1                  00005305   defined in Debug\adc.o
_TIM2_CCMR2                  00005306   defined in Debug\adc.o
_TIM2_CCMR3                  00005307   defined in Debug\adc.o
_TIM2_CCR1H                  0000530f   defined in Debug\adc.o
_TIM2_CCR1L                  00005310   defined in Debug\adc.o
_TIM2_CCR2H                  00005311   defined in Debug\adc.o
_TIM2_CCR2L                  00005312   defined in Debug\adc.o
_TIM2_CCR3H                  00005313   defined in Debug\adc.o
_TIM2_CCR3L                  00005314   defined in Debug\adc.o
_TIM2_CNTRH                  0000530a   defined in Debug\adc.o
_TIM2_CNTRL                  0000530b   defined in Debug\adc.o
_TIM2_CR1                    00005300   defined in Debug\adc.o
_TIM2_EGR                    00005304   defined in Debug\adc.o
_TIM2_IER                    00005301   defined in Debug\adc.o
_TIM2_PSCR                   0000530c   defined in Debug\adc.o
_TIM2_SR1                    00005302   defined in Debug\adc.o
_TIM2_SR2                    00005303   defined in Debug\adc.o
_TIM2_UPD_OVF_IRQHandler     000098c8   defined in Debug\stc1000p.o section .text
                                        used in Debug\stm8_interrupt_vector.o
_TIM3_ARRH                   0000532b   defined in Debug\adc.o
_TIM3_ARRL                   0000532c   defined in Debug\adc.o
_TIM3_CCER1                  00005327   defined in Debug\adc.o
_TIM3_CCMR1                  00005325   defined in Debug\adc.o
_TIM3_CCMR2                  00005326   defined in Debug\adc.o
_TIM3_CCR1H                  0000532d   defined in Debug\adc.o
_TIM3_CCR1L                  0000532e   defined in Debug\adc.o
_TIM3_CCR2H                  0000532f   defined in Debug\adc.o
_TIM3_CCR2L                  00005330   defined in Debug\adc.o
_TIM3_CNTRH                  00005328   defined in Debug\adc.o
_TIM3_CNTRL                  00005329   defined in Debug\adc.o
_TIM3_CR1                    00005320   defined in Debug\adc.o
_TIM3_EGR                    00005324   defined in Debug\adc.o
_TIM3_IER                    00005321   defined in Debug\adc.o
_TIM3_PSCR                   0000532a   defined in Debug\adc.o
_TIM3_SR1                    00005322   defined in Debug\adc.o
_TIM3_SR2                    00005323   defined in Debug\adc.o
_TIM4_ARR                    00005346   defined in Debug\adc.o
_TIM4_CNTR                   00005344   defined in Debug\adc.o
_TIM4_CR1                    00005340   defined in Debug\adc.o
_TIM4_EGR                    00005343   defined in Debug\adc.o
_TIM4_IER                    00005341   defined in Debug\adc.o
_TIM4_PSCR                   00005345   defined in Debug\adc.o
_TIM4_SR                     00005342   defined in Debug\adc.o
_UART2_BRR1                  00005242   defined in Debug\adc.o
_UART2_BRR2                  00005243   defined in Debug\adc.o
_UART2_CR1                   00005244   defined in Debug\adc.o
_UART2_CR2                   00005245   defined in Debug\adc.o
_UART2_CR3                   00005246   defined in Debug\adc.o
_UART2_CR4                   00005247   defined in Debug\adc.o
_UART2_CR6                   00005249   defined in Debug\adc.o
_UART2_DR                    00005241   defined in Debug\adc.o
_UART2_GTR                   0000524a   defined in Debug\adc.o
_UART2_PSCR                  0000524b   defined in Debug\adc.o
_UART2_SR                    00005240   defined in Debug\adc.o
_WWDG_CR                     000050d1   defined in Debug\adc.o
_WWDG_WR                     000050d2   defined in Debug\adc.o
__buttons                    00000036   defined in Debug\stc1000p_lib.o section .bsct, initialized
__endmem                     000005ff   defined in command file
                                        *** not used ***
__endzp                      000000eb   defined in command file section .ubsct
                                        used in C:\Program Files (x86)\COSMIC\FSE_Compilers\CXSTM8\Lib\crtsi0.sm8
__idesc__                    0000818f   defined in linker section .init
                                        used in C:\Program Files (x86)\COSMIC\FSE_Compilers\CXSTM8\Lib\crtsi0.sm8
__memory                     00000100   defined in command file section .bss
                                        used in C:\Program Files (x86)\COSMIC\FSE_Compilers\CXSTM8\Lib\crtsi0.sm8
__stack                      000007ff   defined in command file
                                        used in C:\Program Files (x86)\COSMIC\FSE_Compilers\CXSTM8\Lib\crtsi0.sm8
__startmem                   00000100   defined in command file section .bss
                                        *** not used ***
__stext                      000081db   defined in C:\Program Files (x86)\COSMIC\FSE_Compilers\CXSTM8\Lib\crtsi0.sm8 section .text
                                        used in Debug\stm8_interrupt_vector.o
__vectab                     00008000   defined in Debug\stm8_interrupt_vector.o section .const
_ad_ch                       0000eb:3   defined in Debug\stc1000p.o section .bit, initialized
_ad_err1                     00000013   defined in Debug\stc1000p.o section .bsct, initialized
_ad_err2                     00000014   defined in Debug\stc1000p.o section .bsct, initialized
_ad_lookup_c                 000080c0   defined in Debug\adc.o section .const
_ad_lookup_f                 00008080   defined in Debug\adc.o section .const
_ad_ntc1                     00000015   defined in Debug\stc1000p.o section .bsct, initialized
_ad_ntc2                     00000017   defined in Debug\stc1000p.o section .bsct, initialized
_ad_to_temp                  000082ab   defined in Debug\adc.o section .text
                                        used in Debug\stc1000p.o
_adc_task                    00009a7c   defined in Debug\stc1000p.o section .text
_add_task                    000095c8   defined in Debug\scheduler.o section .text
                                        used in Debug\stc1000p.o
_calc_crc8                   00009323   defined in Debug\one_wire.o section .text
_check_config_value          0000a0dc   defined in Debug\stc1000p_lib.o section .text
_config_item                 00000034   defined in Debug\stc1000p_lib.o section .bsct, initialized
_config_value                000000dc   defined in Debug\stc1000p_lib.o section .ubsct
_cooling_delay               0000002e   defined in Debug\stc1000p_lib.o section .bsct, initialized
                                        used in Debug\stc1000p.o
_crc8                        00000045   defined in Debug\one_wire.o section .ubsct
_ctrl_task                   00009b6d   defined in Debug\stc1000p.o section .text
_curr_dur                    00000038   defined in Debug\stc1000p_lib.o section .bsct, initialized
_delay_msec                  00008369   defined in Debug\delay.o section .text
                                        used in Debug\stc1000p.o
_delay_usec                  0000840b   defined in Debug\delay.o section .text
                                        used in Debug\i2c.o Debug\spi.o
_disable_task                000096c4   defined in Debug\scheduler.o section .text
                                        used in Debug\stc1000p.o
_dispatch_tasks              0000957d   defined in Debug\scheduler.o section .text
                                        used in Debug\stc1000p.o
_divu10                      00009e40   defined in Debug\stc1000p_lib.o section .text
_ds18b20_read                0000936b   defined in Debug\one_wire.o section .text
                                        used in Debug\stc1000p.o
_ds18b20_start_conversion    00009348   defined in Debug\one_wire.o section .text
                                        used in Debug\stc1000p.o
_ds2482_detect               00008b58   defined in Debug\i2c.o section .text
                                        used in Debug\stc1000p.o
_ds2482_detect_bb            00008b73   defined in Debug\i2c.o section .text
                                        used in Debug\stc1000p.o
_ds2482_reset                00008a4e   defined in Debug\i2c.o section .text
                                        used in Debug\one_wire.o
_ds2482_reset_bb             00008a89   defined in Debug\i2c.o section .text
_ds2482_search_triplet       00008b8f   defined in Debug\i2c.o section .text
                                        used in Debug\one_wire.o
_ds2482_write_config         00008b15   defined in Debug\i2c.o section .text
_ds2482_write_config_bb      00008acd   defined in Debug\i2c.o section .text
_eedata                      00004000   defined in Debug\stc1000p_lib.o section .eeprom
                                        used in Debug\stc1000p.o
_eeprom_read_config          00008430   defined in Debug\eep.o section .text
                                        used in Debug\fo433.o Debug\stc1000p.o
                                                Debug\stc1000p_lib.o
_eeprom_write_config         00008467   defined in Debug\eep.o section .text
                                        used in Debug\stc1000p_lib.o
_enable_cooling              0000a83b   defined in Debug\stc1000p_lib.o section .text
_enable_heating              0000a84e   defined in Debug\stc1000p_lib.o section .text
_enable_task                 00009669   defined in Debug\scheduler.o section .text
                                        used in Debug\stc1000p.o
_exit                        00008229   defined in C:\Program Files (x86)\COSMIC\FSE_Compilers\CXSTM8\Lib\crtsi0.sm8 section .text
_fahrenheit                  0000eb:7   defined in Debug\stc1000p_lib.o section .bit, initialized
                                        used in Debug\adc.o Debug\stc1000p.o
_fo433_bit                   00000005   defined in Debug\fo433.o section .bsct, initialized
_fo433_byte                  00000006   defined in Debug\fo433.o section .bsct, initialized
_fo433_crc8                  00008535   defined in Debug\fo433.o section .text
_fo433_data                  0000003d   defined in Debug\fo433.o section .ubsct
_fo433_fsm                   0000855f   defined in Debug\fo433.o section .text
                                        used in Debug\stc1000p.o
_fo433_isr                   000084a1   defined in Debug\fo433.o section .text
                                        used in Debug\stc1000p.o
_fo433_sec_count             00000008   defined in Debug\fo433.o section .bsct, initialized
_fo433_start                 00000007   defined in Debug\fo433.o section .bsct, initialized
_fo433_std                   00000004   defined in Debug\fo433.o section .bsct, initialized
_fo433_tmr                   0000000a   defined in Debug\fo433.o section .bsct, initialized
_heating_delay               00000030   defined in Debug\stc1000p_lib.o section .bsct, initialized
                                        used in Debug\stc1000p.o
_hysteresis                  000000d7   defined in Debug\stc1000p_lib.o section .ubsct
_hysteresis2                 000000d5   defined in Debug\stc1000p_lib.o section .ubsct
_i2c_delay                   000085f9   defined in Debug\i2c.o section .text
_i2c_init                    00008739   defined in Debug\i2c.o section .text
                                        used in Debug\stc1000p.o
_i2c_read                    0000883e   defined in Debug\i2c.o section .text
                                        used in Debug\one_wire.o
_i2c_readN                   00008863   defined in Debug\i2c.o section .text
_i2c_read_bb                 0000867a   defined in Debug\i2c.o section .text
_i2c_rep_start               000087dc   defined in Debug\i2c.o section .text
                                        used in Debug\one_wire.o
_i2c_rep_start_bb            00008711   defined in Debug\i2c.o section .text
_i2c_start                   000087a7   defined in Debug\i2c.o section .text
                                        used in Debug\one_wire.o
_i2c_start_bb                000086ea   defined in Debug\i2c.o section .text
_i2c_stop                    00008807   defined in Debug\i2c.o section .text
                                        used in Debug\one_wire.o
_i2c_stop_bb                 00008723   defined in Debug\i2c.o section .text
_i2c_write                   0000881e   defined in Debug\i2c.o section .text
                                        used in Debug\one_wire.o
_i2c_write_bb                00008606   defined in Debug\i2c.o section .text
_init_pid                    0000940f   defined in Debug\pid.o section .text
                                        used in Debug\stc1000p_lib.o
_init_temp_delays            0000a808   defined in Debug\stc1000p_lib.o section .text
_initialise_system_clock     00009943   defined in Debug\stc1000p.o section .text
_kc                          0000000b   defined in Debug\pid.o section .bsct, initialized
                                        used in Debug\stc1000p_lib.o
_kd                          0000005a   defined in Debug\pid.o section .ubsct
_key_held_tmr                000000db   defined in Debug\stc1000p_lib.o section .ubsct
_ki                          0000005e   defined in Debug\pid.o section .ubsct
_led_01                      000000de   defined in Debug\stc1000p_lib.o section .ubsct
                                        used in Debug\stc1000p.o
_led_1                       000000df   defined in Debug\stc1000p_lib.o section .ubsct
                                        used in Debug\stc1000p.o
_led_10                      000000e0   defined in Debug\stc1000p_lib.o section .ubsct
                                        used in Debug\stc1000p.o
_led_e                       0000002d   defined in Debug\stc1000p_lib.o section .bsct, initialized
                                        used in Debug\stc1000p.o
_led_lookup                  0000811b   defined in Debug\stc1000p_lib.o section .const
_lm92_read                   00008943   defined in Debug\i2c.o section .text
_m_countdown                 00000035   defined in Debug\stc1000p_lib.o section .bsct, initialized
_main                        00009d68   defined in Debug\stc1000p.o section .text
                                        used in C:\Program Files (x86)\COSMIC\FSE_Compilers\CXSTM8\Lib\crtsi0.sm8
_max_tasks                   00000012   defined in Debug\scheduler.o section .bsct, initialized
_mcp23008_init               000089c5   defined in Debug\i2c.o section .text
_mcp230xx_read               000089ea   defined in Debug\i2c.o section .text
_mcp230xx_write              00008a21   defined in Debug\i2c.o section .text
_menu                        00008125   defined in Debug\stc1000p_lib.o section .const
_menu_fsm                    0000a2f1   defined in Debug\stc1000p_lib.o section .text
                                        used in Debug\stc1000p.o
_menu_is_idle                0000eb:5   defined in Debug\stc1000p_lib.o section .bit, initialized
                                        used in Debug\stc1000p.o
_menu_item                   00000033   defined in Debug\stc1000p_lib.o section .bsct, initialized
_menustate                   00000032   defined in Debug\stc1000p_lib.o section .bsct, initialized
_millis                      00008353   defined in Debug\delay.o section .text
_min_to_sec                  0000a7e9   defined in Debug\stc1000p_lib.o section .text
_minutes                     0000ec:0   defined in Debug\stc1000p_lib.o section .bit, initialized
                                        used in Debug\stc1000p.o
_mpx_nr                      00000019   defined in Debug\stc1000p.o section .bsct, initialized
_msec051                     0000eb:4   defined in Debug\stc1000p.o section .bit, initialized
_multiplexer                 000097e5   defined in Debug\stc1000p.o section .text
_nrf24_ce                    00008e8e   defined in Debug\nrf24_stm8_specific.o section .text
                                        used in Debug\nrf24.o
_nrf24_config                00008c06   defined in Debug\nrf24.o section .text
                                        used in Debug\stc1000p.o
_nrf24_configRegister        00008e22   defined in Debug\nrf24.o section .text
_nrf24_csn                   00008e78   defined in Debug\nrf24_stm8_specific.o section .text
                                        used in Debug\nrf24.o
_nrf24_dataReady             00008c94   defined in Debug\nrf24.o section .text
_nrf24_getData               00008ce2   defined in Debug\nrf24.o section .text
_nrf24_getStatus             00008d68   defined in Debug\nrf24.o section .text
_nrf24_init                  00008e9c   defined in Debug\nrf24_stm8_specific.o section .text
                                        used in Debug\stc1000p.o
_nrf24_isSending             00008d54   defined in Debug\nrf24.o section .text
                                        used in Debug\stc1000p.o
_nrf24_lastMessageStatus     00008d7e   defined in Debug\nrf24.o section .text
                                        used in Debug\stc1000p.o
_nrf24_payloadLength         00008cc8   defined in Debug\nrf24.o section .text
_nrf24_payload_length        00008c78   defined in Debug\nrf24.o section .text
_nrf24_powerDown             00008dca   defined in Debug\nrf24.o section .text
                                        used in Debug\stc1000p.o
_nrf24_powerUpRx             00008d9d   defined in Debug\nrf24.o section .text
_nrf24_powerUpTx             00008dbf   defined in Debug\nrf24.o section .text
_nrf24_readRegister          00008e3c   defined in Debug\nrf24.o section .text
_nrf24_retransmissionCount   00008d06   defined in Debug\nrf24.o section .text
                                        used in Debug\stc1000p.o
_nrf24_rxFifoEmpty           00008cb2   defined in Debug\nrf24.o section .text
_nrf24_rx_address            00008c60   defined in Debug\nrf24.o section .text
                                        used in Debug\stc1000p.o
_nrf24_send                  00008d20   defined in Debug\nrf24.o section .text
                                        used in Debug\stc1000p.o
_nrf24_transferSync          00008dd4   defined in Debug\nrf24.o section .text
_nrf24_transmitSync          00008e02   defined in Debug\nrf24.o section .text
_nrf24_tx_address            00008c7b   defined in Debug\nrf24.o section .text
                                        used in Debug\stc1000p.o
_nrf24_writeRegister         00008e5b   defined in Debug\nrf24.o section .text
_one_wire_task               00009d3d   defined in Debug\stc1000p.o section .text
_payload_len                 00000043   defined in Debug\nrf24.o section .ubsct
_pid_control                 0000a934   defined in Debug\stc1000p_lib.o section .text
                                        used in Debug\stc1000p.o
_pid_ctrl                    00009482   defined in Debug\pid.o section .text
                                        used in Debug\stc1000p_lib.o
_pid_out                     0000003a   defined in Debug\stc1000p_lib.o section .bsct, initialized
                                        used in Debug\stc1000p.o
_pid_to_time                 00009b00   defined in Debug\stc1000p.o section .text
_portc                       000000d4   defined in Debug\stc1000p_lib.o section .ubsct
_portd                       000000d3   defined in Debug\stc1000p_lib.o section .ubsct
_portg                       000000d2   defined in Debug\stc1000p_lib.o section .ubsct
_pp                          00000056   defined in Debug\pid.o section .ubsct
_prfl_task                   00009ced   defined in Debug\stc1000p.o section .text
_probe2                      0000eb:1   defined in Debug\stc1000p.o section .bit, initialized
                                        used in Debug\stc1000p_lib.o
_prx_to_led                  00009e91   defined in Debug\stc1000p_lib.o section .text
_pwr_on                      0000eb:6   defined in Debug\stc1000p_lib.o section .bit, initialized
                                        used in Debug\stc1000p.o
_pwr_on_tmr                  0000001a   defined in Debug\stc1000p.o section .bsct, initialized
_range                       0000a0c2   defined in Debug\stc1000p_lib.o section .text
_read_adc                    0000822b   defined in Debug\adc.o section .text
                                        used in Debug\stc1000p.o
_read_buttons                0000a2b8   defined in Debug\stc1000p_lib.o section .text
                                        used in Debug\stc1000p.o
_recv_ack_bit                00008776   defined in Debug\i2c.o section .text
_restore_display_state       0000a262   defined in Debug\stc1000p_lib.o section .text
_rx_address                  00000022   defined in Debug\stc1000p.o section .bsct, initialized
_save_display_state          0000a223   defined in Debug\stc1000p_lib.o section .text
_scheduler_init              00009513   defined in Debug\scheduler.o section .text
                                        used in Debug\stc1000p.o
_scheduler_isr               0000951c   defined in Debug\scheduler.o section .text
                                        used in Debug\stc1000p.o
_sensor2_selected            00000037   defined in Debug\stc1000p_lib.o section .bsct, initialized
                                        used in Debug\stc1000p.o
_set_task_time_period        0000971f   defined in Debug\scheduler.o section .text
_setpoint                    000000d9   defined in Debug\stc1000p_lib.o section .ubsct
                                        used in Debug\stc1000p.o
_setup_gpio_ports            0000998f   defined in Debug\stc1000p.o section .text
_setup_timer2                0000997a   defined in Debug\stc1000p.o section .text
_short_detected              00000044   defined in Debug\one_wire.o section .ubsct
_show_sa_alarm               0000eb:2   defined in Debug\stc1000p.o section .bit, initialized
_spi_error                   000000cb   defined in Debug\spi.o section .ubsct
_spi_init                    00009783   defined in Debug\spi.o section .text
                                        used in Debug\nrf24_stm8_specific.o
_spi_read                    000097c9   defined in Debug\spi.o section .text
                                        used in Debug\nrf24_stm8_specific.o
_spi_task                    00009d09   defined in Debug\stc1000p.o section .text
_spi_transfer                00008ea7   defined in Debug\nrf24_stm8_specific.o section .text
                                        used in Debug\nrf24.o
_spi_write                   00009794   defined in Debug\spi.o section .text
                                        used in Debug\nrf24_stm8_specific.o
_std_task                    00009b64   defined in Debug\stc1000p.o section .text
_strcmp                      0000aa0d   defined in (C:\Program Files (x86)\COSMIC\FSE_Compilers\CXSTM8\Lib\libis0.sm8)strcmp0.o section .text
                                        used in Debug\scheduler.o
_strncpy                     0000aa20   defined in (C:\Program Files (x86)\COSMIC\FSE_Compilers\CXSTM8\Lib\libis0.sm8)strncp.o section .text
                                        used in Debug\scheduler.o
_t2_millis                   00000000   defined in Debug\delay.o section .bsct, initialized
                                        used in Debug\stc1000p.o
_task_list                   00000062   defined in Debug\scheduler.o section .ubsct
_td                          0000000f   defined in Debug\pid.o section .bsct, initialized
                                        used in Debug\stc1000p_lib.o
_temp1_ow_84                 000000cc   defined in Debug\stc1000p.o section .ubsct
_temp1_ow_err                0000001c   defined in Debug\stc1000p.o section .bsct, initialized
_temp_ntc1                   000000d0   defined in Debug\stc1000p.o section .ubsct
                                        used in Debug\fo433.o
                                                Debug\stc1000p_lib.o
_temp_ntc2                   000000ce   defined in Debug\stc1000p.o section .ubsct
                                        used in Debug\stc1000p_lib.o
_temperature_control         0000a861   defined in Debug\stc1000p_lib.o section .text
                                        used in Debug\stc1000p.o
_ti                          0000000d   defined in Debug\pid.o section .bsct, initialized
                                        used in Debug\stc1000p_lib.o
_tmr2_val                    000083df   defined in Debug\delay.o section .text
_ts                          00000011   defined in Debug\pid.o section .bsct, initialized
                                        used in Debug\stc1000p.o
                                                Debug\stc1000p_lib.o
_tx_address                  0000001d   defined in Debug\stc1000p.o section .bsct, initialized
_update_profile              00009f8e   defined in Debug\stc1000p_lib.o section .text
                                        used in Debug\stc1000p.o
_value_to_led                00009edf   defined in Debug\stc1000p_lib.o section .text
                                        used in Debug\stc1000p.o
_yk_1                        00000054   defined in Debug\pid.o section .ubsct
_yk_2                        00000052   defined in Debug\pid.o section .ubsct
c_cmulx                      0000aa46   defined in (C:\Program Files (x86)\COSMIC\FSE_Compilers\CXSTM8\Lib\libm0.sm8)cmulx.o section .text
                                        used in Debug\pid.o
c_divsl                      0000ab95   defined in (C:\Program Files (x86)\COSMIC\FSE_Compilers\CXSTM8\Lib\libm0.sm8)ldiv.o section .text
                                        *** not used ***
c_divul                      0000abac   defined in (C:\Program Files (x86)\COSMIC\FSE_Compilers\CXSTM8\Lib\libm0.sm8)ldiv.o section .text
                                        used in (C:\Program Files (x86)\COSMIC\FSE_Compilers\CXSTM8\Lib\libm0.sm8)ludiv.o
c_itolx                      0000aa5a   defined in (C:\Program Files (x86)\COSMIC\FSE_Compilers\CXSTM8\Lib\libm0.sm8)itolx.o section .text
                                        used in Debug\adc.o Debug\pid.o
                                                Debug\stc1000p_lib.o
c_lcmp                       0000aa68   defined in (C:\Program Files (x86)\COSMIC\FSE_Compilers\CXSTM8\Lib\libm0.sm8)lcmp.o section .text
                                        used in Debug\delay.o
c_lgadc                      0000aa88   defined in (C:\Program Files (x86)\COSMIC\FSE_Compilers\CXSTM8\Lib\libm0.sm8)lgadc.o section .text
                                        used in Debug\delay.o Debug\stc1000p.o
c_lgadd                      0000aa98   defined in (C:\Program Files (x86)\COSMIC\FSE_Compilers\CXSTM8\Lib\libm0.sm8)lgadd.o section .text
                                        used in Debug\adc.o Debug\pid.o
                                                Debug\stc1000p_lib.o
c_lgneg                      0000ac80   defined in (C:\Program Files (x86)\COSMIC\FSE_Compilers\CXSTM8\Lib\libm0.sm8)lgneg.o section .text
                                        used in (C:\Program Files (x86)\COSMIC\FSE_Compilers\CXSTM8\Lib\libm0.sm8)ldiv.o
c_lgrsh                      0000aaaf   defined in (C:\Program Files (x86)\COSMIC\FSE_Compilers\CXSTM8\Lib\libm0.sm8)lgrsh.o section .text
                                        used in Debug\stc1000p_lib.o
c_lmul                       0000aabd   defined in (C:\Program Files (x86)\COSMIC\FSE_Compilers\CXSTM8\Lib\libm0.sm8)lmul.o section .text
                                        used in Debug\pid.o
c_lmulc                      0000aac5   defined in (C:\Program Files (x86)\COSMIC\FSE_Compilers\CXSTM8\Lib\libm0.sm8)lmul.o section .text
                                        *** not used ***
c_lneg                       0000ac93   defined in (C:\Program Files (x86)\COSMIC\FSE_Compilers\CXSTM8\Lib\libm0.sm8)lneg.o section .text
                                        used in (C:\Program Files (x86)\COSMIC\FSE_Compilers\CXSTM8\Lib\libm0.sm8)ldiv.o
c_lreg                       000000e1   defined in (C:\Program Files (x86)\COSMIC\FSE_Compilers\CXSTM8\Lib\libm0.sm8)lreg.o section .ubsct
                                        used in Debug\adc.o Debug\delay.o
                                                Debug\pid.o
                                                (C:\Program Files (x86)\COSMIC\FSE_Compilers\CXSTM8\Lib\libm0.sm8)cmulx.o
                                                (C:\Program Files (x86)\COSMIC\FSE_Compilers\CXSTM8\Lib\libm0.sm8)itolx.o
                                                (C:\Program Files (x86)\COSMIC\FSE_Compilers\CXSTM8\Lib\libm0.sm8)lcmp.o
                                                (C:\Program Files (x86)\COSMIC\FSE_Compilers\CXSTM8\Lib\libm0.sm8)lgadd.o
                                                (C:\Program Files (x86)\COSMIC\FSE_Compilers\CXSTM8\Lib\libm0.sm8)lmul.o
                                                (C:\Program Files (x86)\COSMIC\FSE_Compilers\CXSTM8\Lib\libm0.sm8)lrsh.o
                                                (C:\Program Files (x86)\COSMIC\FSE_Compilers\CXSTM8\Lib\libm0.sm8)lsub.o
                                                (C:\Program Files (x86)\COSMIC\FSE_Compilers\CXSTM8\Lib\libm0.sm8)ltor.o
                                                (C:\Program Files (x86)\COSMIC\FSE_Compilers\CXSTM8\Lib\libm0.sm8)ldiv.o
                                                (C:\Program Files (x86)\COSMIC\FSE_Compilers\CXSTM8\Lib\libm0.sm8)lneg.o
                                                (C:\Program Files (x86)\COSMIC\FSE_Compilers\CXSTM8\Lib\libm0.sm8)rtol.o
                                                (C:\Program Files (x86)\COSMIC\FSE_Compilers\CXSTM8\Lib\libm0.sm8)utolx.o
                                                (C:\Program Files (x86)\COSMIC\FSE_Compilers\CXSTM8\Lib\libm0.sm8)umul.o
c_lrsh                       0000ab48   defined in (C:\Program Files (x86)\COSMIC\FSE_Compilers\CXSTM8\Lib\libm0.sm8)lrsh.o section .text
                                        used in Debug\adc.o
c_lsub                       0000ab57   defined in (C:\Program Files (x86)\COSMIC\FSE_Compilers\CXSTM8\Lib\libm0.sm8)lsub.o section .text
                                        used in Debug\delay.o
c_ltor                       0000ab6f   defined in (C:\Program Files (x86)\COSMIC\FSE_Compilers\CXSTM8\Lib\libm0.sm8)ltor.o section .text
                                        used in Debug\adc.o Debug\delay.o
c_ludv                       0000ab81   defined in (C:\Program Files (x86)\COSMIC\FSE_Compilers\CXSTM8\Lib\libm0.sm8)ludiv.o section .text
                                        used in Debug\pid.o
c_rtol                       0000aca8   defined in (C:\Program Files (x86)\COSMIC\FSE_Compilers\CXSTM8\Lib\libm0.sm8)rtol.o section .text
                                        used in Debug\delay.o Debug\pid.o
c_uitolx                     0000acba   defined in (C:\Program Files (x86)\COSMIC\FSE_Compilers\CXSTM8\Lib\libm0.sm8)utolx.o section .text
                                        used in Debug\delay.o Debug\pid.o
c_umul                       0000acc1   defined in (C:\Program Files (x86)\COSMIC\FSE_Compilers\CXSTM8\Lib\libm0.sm8)umul.o section .text
                                        used in Debug\pid.o
c_x                          000000e5   defined in (C:\Program Files (x86)\COSMIC\FSE_Compilers\CXSTM8\Lib\libm0.sm8)xreg.o section .ubsct
                                        used in C:\Program Files (x86)\COSMIC\FSE_Compilers\CXSTM8\Lib\crtsi0.sm8
                                                Debug\stc1000p.o
                                                Debug\stc1000p_lib.o
                                                (C:\Program Files (x86)\COSMIC\FSE_Compilers\CXSTM8\Lib\libm0.sm8)lmul.o
                                                (C:\Program Files (x86)\COSMIC\FSE_Compilers\CXSTM8\Lib\libm0.sm8)ldiv.o
                                                (C:\Program Files (x86)\COSMIC\FSE_Compilers\CXSTM8\Lib\libm0.sm8)umul.o
c_y                          000000e8   defined in (C:\Program Files (x86)\COSMIC\FSE_Compilers\CXSTM8\Lib\libm0.sm8)yreg.o section .ubsct
                                        used in C:\Program Files (x86)\COSMIC\FSE_Compilers\CXSTM8\Lib\crtsi0.sm8
                                                Debug\stc1000p.o
                                                (C:\Program Files (x86)\COSMIC\FSE_Compilers\CXSTM8\Lib\libm0.sm8)umul.o
f_NonHandledInterrup5        0000acfe   defined in Debug\stm8_interrupt_vector.o section .text
f_NonHandledInterrupt        0000acfd   defined in Debug\stm8_interrupt_vector.o section .text
